Component: ARM Compiler 5.06 update 7 (build 960) Tool: armlink [4d3601]

==============================================================================

Section Cross References

    startup_stm32f407xx.o(RESET) refers to startup_stm32f407xx.o(STACK) for __initial_sp
    startup_stm32f407xx.o(RESET) refers to startup_stm32f407xx.o(.text) for Reset_Handler
    startup_stm32f407xx.o(RESET) refers to stm32f4xx_it.o(i.NMI_Handler) for NMI_Handler
    startup_stm32f407xx.o(RESET) refers to stm32f4xx_it.o(i.HardFault_Handler) for HardFault_Handler
    startup_stm32f407xx.o(RESET) refers to stm32f4xx_it.o(i.MemManage_Handler) for MemManage_Handler
    startup_stm32f407xx.o(RESET) refers to stm32f4xx_it.o(i.BusFault_Handler) for BusFault_Handler
    startup_stm32f407xx.o(RESET) refers to stm32f4xx_it.o(i.UsageFault_Handler) for UsageFault_Handler
    startup_stm32f407xx.o(RESET) refers to stm32f4xx_it.o(i.SVC_Handler) for SVC_Handler
    startup_stm32f407xx.o(RESET) refers to stm32f4xx_it.o(i.DebugMon_Handler) for DebugMon_Handler
    startup_stm32f407xx.o(RESET) refers to stm32f4xx_it.o(i.PendSV_Handler) for PendSV_Handler
    startup_stm32f407xx.o(RESET) refers to stm32f4xx_it.o(i.SysTick_Handler) for SysTick_Handler
    startup_stm32f407xx.o(RESET) refers to stm32f4xx_it.o(i.USART1_IRQHandler) for USART1_IRQHandler
    startup_stm32f407xx.o(RESET) refers to stm32f4xx_it.o(i.TIM6_DAC_IRQHandler) for TIM6_DAC_IRQHandler
    startup_stm32f407xx.o(RESET) refers to stm32f4xx_it.o(i.TIM7_IRQHandler) for TIM7_IRQHandler
    startup_stm32f407xx.o(RESET) refers to stm32f4xx_it.o(i.DMA2_Stream0_IRQHandler) for DMA2_Stream0_IRQHandler
    startup_stm32f407xx.o(RESET) refers to stm32f4xx_it.o(i.DMA2_Stream2_IRQHandler) for DMA2_Stream2_IRQHandler
    startup_stm32f407xx.o(.text) refers to system_stm32f4xx.o(i.SystemInit) for SystemInit
    startup_stm32f407xx.o(.text) refers to entry.o(.ARM.Collect$$$$00000000) for __main
    main.o(i.SystemClock_Config) refers to memseta.o(.text) for __aeabi_memclr4
    main.o(i.SystemClock_Config) refers to stm32f4xx_hal_rcc.o(i.HAL_RCC_OscConfig) for HAL_RCC_OscConfig
    main.o(i.SystemClock_Config) refers to stm32f4xx_hal_rcc.o(i.HAL_RCC_ClockConfig) for HAL_RCC_ClockConfig
    main.o(i.main) refers to stm32f4xx_hal.o(i.HAL_Init) for HAL_Init
    main.o(i.main) refers to main.o(i.SystemClock_Config) for SystemClock_Config
    main.o(i.main) refers to gpio.o(i.MX_GPIO_Init) for MX_GPIO_Init
    main.o(i.main) refers to dma.o(i.MX_DMA_Init) for MX_DMA_Init
    main.o(i.main) refers to tim.o(i.MX_TIM1_Init) for MX_TIM1_Init
    main.o(i.main) refers to tim.o(i.MX_TIM6_Init) for MX_TIM6_Init
    main.o(i.main) refers to usart.o(i.MX_USART1_UART_Init) for MX_USART1_UART_Init
    main.o(i.main) refers to adc.o(i.MX_ADC1_Init) for MX_ADC1_Init
    main.o(i.main) refers to spi.o(i.MX_SPI1_Init) for MX_SPI1_Init
    main.o(i.main) refers to tim.o(i.MX_TIM2_Init) for MX_TIM2_Init
    main.o(i.main) refers to tim.o(i.MX_TIM8_Init) for MX_TIM8_Init
    main.o(i.main) refers to tim.o(i.MX_TIM5_Init) for MX_TIM5_Init
    main.o(i.main) refers to tim.o(i.MX_TIM3_Init) for MX_TIM3_Init
    main.o(i.main) refers to tim.o(i.MX_TIM4_Init) for MX_TIM4_Init
    main.o(i.main) refers to tim.o(i.MX_TIM7_Init) for MX_TIM7_Init
    main.o(i.main) refers to usart.o(i.MX_USART2_UART_Init) for MX_USART2_UART_Init
    main.o(i.main) refers to printfa.o(i.__0printf) for __2printf
    main.o(i.main) refers to rs485.o(i.Modbus_Init) for Modbus_Init
    main.o(i.main) refers to motor.o(i.Motor_Init) for Motor_Init
    main.o(i.main) refers to stm32f4xx_hal_tim.o(i.HAL_TIM_Base_Start_IT) for HAL_TIM_Base_Start_IT
    main.o(i.main) refers to memseta.o(.text) for __aeabi_memclr4
    main.o(i.main) refers to stm32f4xx_hal_adc.o(i.HAL_ADC_Start_DMA) for HAL_ADC_Start_DMA
    main.o(i.main) refers to rs485.o(i.Modbus_Event) for Modbus_Event
    main.o(i.main) refers to stm32f4xx_hal.o(i.HAL_Delay) for HAL_Delay
    main.o(i.main) refers to tim.o(.bss) for htim7
    main.o(i.main) refers to adc.o(.bss) for hadc1
    main.o(i.main) refers to motor.o(.data) for ADC_HallValue
    gpio.o(i.MX_GPIO_Init) refers to memseta.o(.text) for __aeabi_memclr4
    gpio.o(i.MX_GPIO_Init) refers to stm32f4xx_hal_gpio.o(i.HAL_GPIO_WritePin) for HAL_GPIO_WritePin
    gpio.o(i.MX_GPIO_Init) refers to stm32f4xx_hal_gpio.o(i.HAL_GPIO_Init) for HAL_GPIO_Init
    adc.o(i.HAL_ADC_MspDeInit) refers to stm32f4xx_hal_gpio.o(i.HAL_GPIO_DeInit) for HAL_GPIO_DeInit
    adc.o(i.HAL_ADC_MspDeInit) refers to stm32f4xx_hal_dma.o(i.HAL_DMA_DeInit) for HAL_DMA_DeInit
    adc.o(i.HAL_ADC_MspInit) refers to memseta.o(.text) for __aeabi_memclr4
    adc.o(i.HAL_ADC_MspInit) refers to stm32f4xx_hal_gpio.o(i.HAL_GPIO_Init) for HAL_GPIO_Init
    adc.o(i.HAL_ADC_MspInit) refers to stm32f4xx_hal_dma.o(i.HAL_DMA_Init) for HAL_DMA_Init
    adc.o(i.HAL_ADC_MspInit) refers to main.o(i.Error_Handler) for Error_Handler
[...]
    ../clib/microlib/init/entry.s            0x00000000   Number         0  entry.o ABSOLUTE
    ../clib/microlib/init/entry.s            0x00000000   Number         0  entry10b.o ABSOLUTE
    ../clib/microlib/init/entry.s            0x00000000   Number         0  entry2.o ABSOLUTE
    ../clib/microlib/longlong.c              0x00000000   Number         0  llshl.o ABSOLUTE
    ../clib/microlib/longlong.c              0x00000000   Number         0  llsshr.o ABSOLUTE
    ../clib/microlib/longlong.c              0x00000000   Number         0  llushr.o ABSOLUTE
    ../clib/microlib/printf/printf.c         0x00000000   Number         0  printf8.o ABSOLUTE
    ../clib/microlib/printf/printf.c         0x00000000   Number         0  printf7.o ABSOLUTE
    ../clib/microlib/printf/printf.c         0x00000000   Number         0  printfa.o ABSOLUTE
    ../clib/microlib/printf/printf.c         0x00000000   Number         0  printf6.o ABSOLUTE
    ../clib/microlib/printf/printf.c         0x00000000   Number         0  printf5.o ABSOLUTE
    ../clib/microlib/printf/printf.c         0x00000000   Number         0  printf2.o ABSOLUTE
    ../clib/microlib/printf/printf.c         0x00000000   Number         0  printf4.o ABSOLUTE
    ../clib/microlib/printf/printf.c         0x00000000   Number         0  printf3.o ABSOLUTE
    ../clib/microlib/printf/printf.c         0x00000000   Number         0  printf1.o ABSOLUTE
    ../clib/microlib/printf/printf.c         0x00000000   Number         0  printf0.o ABSOLUTE
    ../clib/microlib/printf/printf.c         0x00000000   Number         0  printfb.o ABSOLUTE
    ../clib/microlib/printf/stubs.s          0x00000000   Number         0  stubs.o ABSOLUTE
    ../clib/microlib/stdio/streams.c         0x00000000   Number         0  stdout.o ABSOLUTE
    ../clib/microlib/string/memset.c         0x00000000   Number         0  memseta.o ABSOLUTE
    ../clib/microlib/stubs.s                 0x00000000   Number         0  iusefp.o ABSOLUTE
    ../fplib/microlib/f2d.c                  0x00000000   Number         0  f2d.o ABSOLUTE
    ../fplib/microlib/fpadd.c                0x00000000   Number         0  dadd.o ABSOLUTE
    ../fplib/microlib/fpdiv.c                0x00000000   Number         0  ddiv.o ABSOLUTE
    ../fplib/microlib/fpepilogue.c           0x00000000   Number         0  depilogue.o ABSOLUTE
    ../fplib/microlib/fpfix.c                0x00000000   Number         0  dfixul.o ABSOLUTE
    ../fplib/microlib/fpmul.c                0x00000000   Number         0  dmul.o ABSOLUTE
    ..\Core\Src\adc.c                        0x00000000   Number         0  adc.o ABSOLUTE
    ..\Core\Src\dma.c                        0x00000000   Number         0  dma.o ABSOLUTE
    ..\Core\Src\gpio.c                       0x00000000   Number         0  gpio.o ABSOLUTE
    ..\Core\Src\main.c                       0x00000000   Number         0  main.o ABSOLUTE
    ..\Core\Src\spi.c                        0x00000000   Number         0  spi.o ABSOLUTE
    ..\Core\Src\stm32f4xx_hal_msp.c          0x00000000   Number         0  stm32f4xx_hal_msp.o ABSOLUTE
    ..\Core\Src\stm32f4xx_it.c               0x00000000   Number         0  stm32f4xx_it.o ABSOLUTE
    ..\Core\Src\system_stm32f4xx.c           0x00000000   Number         0  system_stm32f4xx.o ABSOLUTE
    ..\Core\Src\tim.c                        0x00000000   Number         0  tim.o ABSOLUTE
    ..\Core\Src\usart.c                      0x00000000   Number         0  usart.o ABSOLUTE
    ..\Drivers\STM32F4xx_HAL_Driver\Src\stm32f4xx_hal.c 0x00000000   Number         0  stm32f4xx_hal.o ABSOLUTE
    ..\Drivers\STM32F4xx_HAL_Driver\Src\stm32f4xx_hal_adc.c 0x00000000   Number         0  stm32f4xx_hal_adc.o ABSOLUTE
    ..\Drivers\STM32F4xx_HAL_Driver\Src\stm32f4xx_hal_adc_ex.c 0x00000000   Number         0  stm32f4xx_hal_adc_ex.o ABSOLUTE
    ..\Drivers\STM32F4xx_HAL_Driver\Src\stm32f4xx_hal_cortex.c 0x00000000   Number         0  stm32f4xx_hal_cortex.o ABSOLUTE
    ..\Drivers\STM32F4xx_HAL_Driver\Src\stm32f4xx_hal_dma.c 0x00000000   Number         0  stm32f4xx_hal_dma.o ABSOLUTE
    ..\Drivers\STM32F4xx_HAL_Driver\Src\stm32f4xx_hal_dma_ex.c 0x00000000   Number         0  stm32f4xx_hal_dma_ex.o ABSOLUTE
    ..\Drivers\STM32F4xx_HAL_Driver\Src\stm32f4xx_hal_exti.c 0x00000000   Number         0  stm32f4xx_hal_exti.o ABSOLUTE
    ..\Drivers\STM32F4xx_HAL_Driver\Src\stm32f4xx_hal_flash.c 0x00000000   Number         0  stm32f4xx_hal_flash.o ABSOLUTE
    ..\Drivers\STM32F4xx_HAL_Driver\Src\stm32f4xx_hal_flash_ex.c 0x00000000   Number         0  stm32f4xx_hal_flash_ex.o ABSOLUTE
    ..\Drivers\STM32F4xx_HAL_Driver\Src\stm32f4xx_hal_flash_ramfunc.c 0x00000000   Number         0  stm32f4xx_hal_flash_ramfunc.o ABSOLUTE
    ..\Drivers\STM32F4xx_HAL_Driver\Src\stm32f4xx_hal_gpio.c 0x00000000   Number         0  stm32f4xx_hal_gpio.o ABSOLUTE
    ..\Drivers\STM32F4xx_HAL_Driver\Src\stm32f4xx_hal_pwr.c 0x00000000   Number         0  stm32f4xx_hal_pwr.o ABSOLUTE
    ..\Drivers\STM32F4xx_HAL_Driver\Src\stm32f4xx_hal_pwr_ex.c 0x00000000   Number         0  stm32f4xx_hal_pwr_ex.o ABSOLUTE
    ..\Drivers\STM32F4xx_HAL_Driver\Src\stm32f4xx_hal_rcc.c 0x00000000   Number         0  stm32f4xx_hal_rcc.o ABSOLUTE
    ..\Drivers\STM32F4xx_HAL_Driver\Src\stm32f4xx_hal_rcc_ex.c 0x00000000   Number         0  stm32f4xx_hal_rcc_ex.o ABSOLUTE
    ..\Drivers\STM32F4xx_HAL_Driver\Src\stm32f4xx_hal_spi.c 0x00000000   Number         0  stm32f4xx_hal_spi.o ABSOLUTE
    ..\Drivers\STM32F4xx_HAL_Driver\Src\stm32f4xx_hal_tim.c 0x00000000   Number         0  stm32f4xx_hal_tim.o ABSOLUTE
    ..\Drivers\STM32F4xx_HAL_Driver\Src\stm32f4xx_hal_tim_ex.c 0x00000000   Number         0  stm32f4xx_hal_tim_ex.o ABSOLUTE
    ..\Drivers\STM32F4xx_HAL_Driver\Src\stm32f4xx_hal_uart.c 0x00000000   Number         0  stm32f4xx_hal_uart.o ABSOLUTE
    ..\HardWare\Motor.c                      0x00000000   Number         0  motor.o ABSOLUTE
    ..\HardWare\rs485.c                      0x00000000   Number         0  rs485.o ABSOLUTE
    ..\HardWare\rs485_crc.c                  0x00000000   Number         0  rs485_crc.o ABSOLUTE
    ..\\HardWare\\Motor.c                    0x00000000   Number         0  motor.o ABSOLUTE
    ..\\HardWare\\rs485.c                    0x00000000   Number         0  rs485.o ABSOLUTE
    ..\\HardWare\\rs485_crc.c                0x00000000   Number         0  rs485_crc.o ABSOLUTE
    cdrcmple.s                               0x00000000   Number         0  cdrcmple.o ABSOLUTE
    dc.s                                     0x00000000   Number         0  dc.o ABSOLUTE
    handlers.s                               0x00000000   Number         0  handlers.o ABSOLUTE
    init.s                                   0x00000000   Number         0  init.o ABSOLUTE
    startup_stm32f407xx.s                    0x00000000   Number         0  startup_stm32f407xx.o ABSOLUTE
    RESET                                    0x08000000   Section      392  startup_stm32f407xx.o(RESET)
    .ARM.Collect$$$$00000000                 0x08000188   Section        0  entry.o(.ARM.Collect$$$$00000000)
    .ARM.Collect$$$$00000001                 0x08000188   Section        4  entry2.o(.ARM.Collect$$$$00000001)
    .ARM.Collect$$$$00000004                 0x0800018c   Section        4  entry5.o(.ARM.Collect$$$$00000004)
    .ARM.Collect$$$$00000008                 0x08000190   Section        0  entry7b.o(.ARM.Collect$$$$00000008)
    .ARM.Collect$$$$0000000A                 0x08000190   Section        0  entry8b.o(.ARM.Collect$$$$0000000A)
    .ARM.Collect$$$$0000000B                 0x08000190   Section        8  entry9a.o(.ARM.Collect$$$$0000000B)
    .ARM.Collect$$$$0000000E                 0x08000198   Section        4  entry12b.o(.ARM.Collect$$$$0000000E)
    .ARM.Collect$$$$0000000F                 0x0800019c   Section        0  entry10a.o(.ARM.Collect$$$$0000000F)
    .ARM.Collect$$$$00000011                 0x0800019c   Section        0  entry11a.o(.ARM.Collect$$$$00000011)
    .ARM.Collect$$$$00002712                 0x0800019c   Section        4  entry2.o(.ARM.Collect$$$$00002712)
    __lit__00000000                          0x0800019c   Data           4  entry2.o(.ARM.Collect$$$$00002712)
    .text                                    0x080001a0   Section       36  startup_stm32f407xx.o(.text)
    $v0                                      0x080001a0   Number         0  startup_stm32f407xx.o(.text)
    .text                                    0x080001c4   Section        0  uldiv.o(.text)
    .text                                    0x08000226   Section        0  memseta.o(.text)
    .text                                    0x0800024a   Section        0  f2d.o(.text)
    .text                                    0x08000270   Section        0  uidiv.o(.text)
    .text                                    0x0800029c   Section        0  llshl.o(.text)
    .text                                    0x080002ba   Section        0  llushr.o(.text)
    .text                                    0x080002da   Section        0  iusefp.o(.text)
    .text                                    0x080002da   Section        0  dadd.o(.text)
    .text                                    0x08000428   Section        0  dmul.o(.text)
    .text                                    0x0800050c   Section        0  ddiv.o(.text)
    .text                                    0x080005ea   Section        0  dfixul.o(.text)
    .text                                    0x0800061c   Section       48  cdrcmple.o(.text)
    .text                                    0x0800064c   Section       36  init.o(.text)
    .text                                    0x08000670   Section        0  llsshr.o(.text)
    .text                                    0x08000694   Section        0  depilogue.o(.text)
    i.ADC_DMAConvCplt                        0x0800074e   Section        0  stm32f4xx_hal_adc.o(i.ADC_DMAConvCplt)
    ADC_DMAConvCplt                          0x0800074f   Thumb Code   110  stm32f4xx_hal_adc.o(i.ADC_DMAConvCplt)
    i.ADC_DMAError                           0x080007bc   Section        0  stm32f4xx_hal_adc.o(i.ADC_DMAError)
    ADC_DMAError                             0x080007bd   Thumb Code    22  stm32f4xx_hal_adc.o(i.ADC_DMAError)
    i.ADC_DMAHalfConvCplt                    0x080007d2   Section        0  stm32f4xx_hal_adc.o(i.ADC_DMAHalfConvCplt)
    ADC_DMAHalfConvCplt                      0x080007d3   Thumb Code    10  stm32f4xx_hal_adc.o(i.ADC_DMAHalfConvCplt)
    i.ADC_Init                               0x080007dc   Section        0  stm32f4xx_hal_adc.o(i.ADC_Init)
    ADC_Init                                 0x080007dd   Thumb Code   284  stm32f4xx_hal_adc.o(i.ADC_Init)
    i.BusFault_Handler                       0x08000904   Section        0  stm32f4xx_it.o(i.BusFault_Handler)
    i.DMA2_Stream0_IRQHandler                0x08000908   Section        0  stm32f4xx_it.o(i.DMA2_Stream0_IRQHandler)
    i.DMA2_Stream2_IRQHandler                0x08000914   Section        0  stm32f4xx_it.o(i.DMA2_Stream2_IRQHandler)
    i.DMA_CalcBaseAndBitshift                0x08000920   Section        0  stm32f4xx_hal_dma.o(i.DMA_CalcBaseAndBitshift)
    DMA_CalcBaseAndBitshift                  0x08000921   Thumb Code    34  stm32f4xx_hal_dma.o(i.DMA_CalcBaseAndBitshift)
    i.DMA_CheckFifoParam                     0x08000948   Section        0  stm32f4xx_hal_dma.o(i.DMA_CheckFifoParam)
    DMA_CheckFifoParam                       0x08000949   Thumb Code    84  stm32f4xx_hal_dma.o(i.DMA_CheckFifoParam)
    i.DMA_SetConfig                          0x0800099c   Section        0  stm32f4xx_hal_dma.o(i.DMA_SetConfig)
    DMA_SetConfig                            0x0800099d   Thumb Code    40  stm32f4xx_hal_dma.o(i.DMA_SetConfig)
    i.DebugMon_Handler                       0x080009c4   Section        0  stm32f4xx_it.o(i.DebugMon_Handler)
    i.Error_Handler                          0x080009c6   Section        0  main.o(i.Error_Handler)
    i.HAL_ADC_ConfigChannel                  0x080009cc   Section        0  stm32f4xx_hal_adc.o(i.HAL_ADC_ConfigChannel)
    i.HAL_ADC_ConvCpltCallback               0x08000b18   Section        0  stm32f4xx_hal_adc.o(i.HAL_ADC_ConvCpltCallback)
    i.HAL_ADC_ConvHalfCpltCallback           0x08000b1a   Section        0  stm32f4xx_hal_adc.o(i.HAL_ADC_ConvHalfCpltCallback)
    i.HAL_ADC_ErrorCallback                  0x08000b1c   Section        0  stm32f4xx_hal_adc.o(i.HAL_ADC_ErrorCallback)
    i.HAL_ADC_Init                           0x08000b1e   Section        0  stm32f4xx_hal_adc.o(i.HAL_ADC_Init)
    i.HAL_ADC_MspInit                        0x08000b74   Section        0  adc.o(i.HAL_ADC_MspInit)
    i.HAL_ADC_Start_DMA                      0x08000c0c   Section        0  stm32f4xx_hal_adc.o(i.HAL_ADC_Start_DMA)
    i.HAL_DMA_Abort                          0x08000d60   Section        0  stm32f4xx_hal_dma.o(i.HAL_DMA_Abort)
    i.HAL_DMA_Abort_IT                       0x08000df2   Section        0  stm32f4xx_hal_dma.o(i.HAL_DMA_Abort_IT)
    i.HAL_DMA_IRQHandler                     0x08000e18   Section        0  stm32f4xx_hal_dma.o(i.HAL_DMA_IRQHandler)
    i.HAL_DMA_Init                           0x08000fb8   Section        0  stm32f4xx_hal_dma.o(i.HAL_DMA_Init)
    i.HAL_DMA_Start_IT                       0x0800108c   Section        0  stm32f4xx_hal_dma.o(i.HAL_DMA_Start_IT)
    i.HAL_Delay                              0x080010fc   Section        0  stm32f4xx_hal.o(i.HAL_Delay)
    i.HAL_GPIO_Init                          0x08001120   Section        0  stm32f4xx_hal_gpio.o(i.HAL_GPIO_Init)
    i.HAL_GPIO_WritePin                      0x08001310   Section        0  stm32f4xx_hal_gpio.o(i.HAL_GPIO_WritePin)
    i.HAL_GetTick                            0x0800131c   Section        0  stm32f4xx_hal.o(i.HAL_GetTick)
    i.HAL_IncTick                            0x08001328   Section        0  stm32f4xx_hal.o(i.HAL_IncTick)
    i.HAL_Init                               0x08001338   Section        0  stm32f4xx_hal.o(i.HAL_Init)
    i.HAL_InitTick                           0x0800136c   Section        0  stm32f4xx_hal.o(i.HAL_InitTick)
    i.HAL_MspInit                            0x080013ac   Section        0  stm32f4xx_hal_msp.o(i.HAL_MspInit)
    i.HAL_NVIC_EnableIRQ                     0x080013dc   Section        0  stm32f4xx_hal_cortex.o(i.HAL_NVIC_EnableIRQ)
    i.HAL_NVIC_SetPriority                   0x080013f8   Section        0  stm32f4xx_hal_cortex.o(i.HAL_NVIC_SetPriority)
    i.HAL_NVIC_SetPriorityGrouping           0x08001438   Section        0  stm32f4xx_hal_cortex.o(i.HAL_NVIC_SetPriorityGrouping)
    i.HAL_RCC_ClockConfig                    0x0800145c   Section        0  stm32f4xx_hal_rcc.o(i.HAL_RCC_ClockConfig)
    i.HAL_RCC_GetPCLK1Freq                   0x08001590   Section        0  stm32f4xx_hal_rcc.o(i.HAL_RCC_GetPCLK1Freq)
    i.HAL_RCC_GetPCLK2Freq                   0x080015b0   Section        0  stm32f4xx_hal_rcc.o(i.HAL_RCC_GetPCLK2Freq)
    i.HAL_RCC_GetSysClockFreq                0x080015d0   Section        0  stm32f4xx_hal_rcc.o(i.HAL_RCC_GetSysClockFreq)
    i.HAL_RCC_OscConfig                      0x08001630   Section        0  stm32f4xx_hal_rcc.o(i.HAL_RCC_OscConfig)
    i.HAL_SPI_Init                           0x0800199c   Section        0  stm32f4xx_hal_spi.o(i.HAL_SPI_Init)
    i.HAL_SPI_MspInit                        0x08001a58   Section        0  spi.o(i.HAL_SPI_MspInit)
    i.HAL_SYSTICK_Config                     0x08001ac0   Section        0  stm32f4xx_hal_cortex.o(i.HAL_SYSTICK_Config)
    i.HAL_TIMEx_BreakCallback                0x08001ae8   Section        0  stm32f4xx_hal_tim_ex.o(i.HAL_TIMEx_BreakCallback)
    i.HAL_TIMEx_CommutCallback               0x08001aea   Section        0  stm32f4xx_hal_tim_ex.o(i.HAL_TIMEx_CommutCallback)
    i.HAL_TIMEx_ConfigBreakDeadTime          0x08001aec   Section        0  stm32f4xx_hal_tim_ex.o(i.HAL_TIMEx_ConfigBreakDeadTime)
    i.HAL_TIMEx_MasterConfigSynchronization  0x08001b40   Section        0  stm32f4xx_hal_tim_ex.o(i.HAL_TIMEx_MasterConfigSynchronization)
    i.HAL_TIM_Base_Init                      0x08001bd0   Section        0  stm32f4xx_hal_tim.o(i.HAL_TIM_Base_Init)
    i.HAL_TIM_Base_MspInit                   0x08001c2c   Section        0  tim.o(i.HAL_TIM_Base_MspInit)
    i.HAL_TIM_Base_Start_IT                  0x08001cc8   Section        0  stm32f4xx_hal_tim.o(i.HAL_TIM_Base_Start_IT)
    i.HAL_TIM_ConfigClockSource              0x08001d48   Section        0  stm32f4xx_hal_tim.o(i.HAL_TIM_ConfigClockSource)
    i.HAL_TIM_Encoder_Init                   0x08001e24   Section        0  stm32f4xx_hal_tim.o(i.HAL_TIM_Encoder_Init)
    i.HAL_TIM_Encoder_MspInit                0x08001ec8   Section        0  tim.o(i.HAL_TIM_Encoder_MspInit)
    i.HAL_TIM_Encoder_Start                  0x08002018   Section        0  stm32f4xx_hal_tim.o(i.HAL_TIM_Encoder_Start)
    i.HAL_TIM_IC_CaptureCallback             0x080020a6   Section        0  stm32f4xx_hal_tim.o(i.HAL_TIM_IC_CaptureCallback)
    i.HAL_TIM_IRQHandler                     0x080020a8   Section        0  stm32f4xx_hal_tim.o(i.HAL_TIM_IRQHandler)
    i.HAL_TIM_MspPostInit                    0x080021d8   Section        0  tim.o(i.HAL_TIM_MspPostInit)
    i.HAL_TIM_OC_DelayElapsedCallback        0x0800225c   Section        0  stm32f4xx_hal_tim.o(i.HAL_TIM_OC_DelayElapsedCallback)
    i.HAL_TIM_PWM_ConfigChannel              0x0800225e   Section        0  stm32f4xx_hal_tim.o(i.HAL_TIM_PWM_ConfigChannel)
    i.HAL_TIM_PWM_Init                       0x0800232a   Section        0  stm32f4xx_hal_tim.o(i.HAL_TIM_PWM_Init)
    i.HAL_TIM_PWM_MspInit                    0x08002384   Section        0  stm32f4xx_hal_tim.o(i.HAL_TIM_PWM_MspInit)
    i.HAL_TIM_PWM_PulseFinishedCallback      0x08002386   Section        0  stm32f4xx_hal_tim.o(i.HAL_TIM_PWM_PulseFinishedCallback)
    i.HAL_TIM_PWM_Start                      0x08002388   Section        0  stm32f4xx_hal_tim.o(i.HAL_TIM_PWM_Start)
    i.HAL_TIM_PeriodElapsedCallback          0x08002450   Section        0  motor.o(i.HAL_TIM_PeriodElapsedCallback)
    i.HAL_TIM_TriggerCallback                0x0800277c   Section        0  stm32f4xx_hal_tim.o(i.HAL_TIM_TriggerCallback)
    i.HAL_UARTEx_RxEventCallback             0x0800277e   Section        0  stm32f4xx_hal_uart.o(i.HAL_UARTEx_RxEventCallback)
    i.HAL_UART_DMAStop                       0x08002780   Section        0  stm32f4xx_hal_uart.o(i.HAL_UART_DMAStop)
    i.HAL_UART_ErrorCallback                 0x080027f0   Section        0  stm32f4xx_hal_uart.o(i.HAL_UART_ErrorCallback)
    i.HAL_UART_IRQHandler                    0x080027f4   Section        0  stm32f4xx_hal_uart.o(i.HAL_UART_IRQHandler)
    i.HAL_UART_Init                          0x08002a64   Section        0  stm32f4xx_hal_uart.o(i.HAL_UART_Init)
    i.HAL_UART_MspInit                       0x08002ac8   Section        0  usart.o(i.HAL_UART_MspInit)
    i.HAL_UART_Receive_DMA                   0x08002be0   Section        0  stm32f4xx_hal_uart.o(i.HAL_UART_Receive_DMA)
    i.HAL_UART_Receive_IT                    0x08002bfc   Section        0  stm32f4xx_hal_uart.o(i.HAL_UART_Receive_IT)
    i.HAL_UART_RxCpltCallback                0x08002c18   Section        0  usart.o(i.HAL_UART_RxCpltCallback)
    i.HAL_UART_RxHalfCpltCallback            0x08002c68   Section        0  stm32f4xx_hal_uart.o(i.HAL_UART_RxHalfCpltCallback)
    i.HAL_UART_Transmit                      0x08002c6a   Section        0  stm32f4xx_hal_uart.o(i.HAL_UART_Transmit)
    i.HAL_UART_TxCpltCallback                0x08002d0a   Section        0  stm32f4xx_hal_uart.o(i.HAL_UART_TxCpltCallback)
    i.HardFault_Handler                      0x08002d0c   Section        0  stm32f4xx_it.o(i.HardFault_Handler)
    i.MX_ADC1_Init                           0x08002d10   Section        0  adc.o(i.MX_ADC1_Init)
    i.MX_DMA_Init                            0x08002db4   Section        0  dma.o(i.MX_DMA_Init)
    i.MX_GPIO_Init                           0x08002de0   Section        0  gpio.o(i.MX_GPIO_Init)
    i.MX_SPI1_Init                           0x08002e7c   Section        0  spi.o(i.MX_SPI1_Init)
    i.MX_TIM1_Init                           0x08002ebc   Section        0  tim.o(i.MX_TIM1_Init)
    i.MX_TIM2_Init                           0x08002fb4   Section        0  tim.o(i.MX_TIM2_Init)
    i.MX_TIM3_Init                           0x0800301c   Section        0  tim.o(i.MX_TIM3_Init)
    i.MX_TIM4_Init                           0x08003088   Section        0  tim.o(i.MX_TIM4_Init)
    i.MX_TIM5_Init                           0x080030f4   Section        0  tim.o(i.MX_TIM5_Init)
    i.MX_TIM6_Init                           0x080031bc   Section        0  tim.o(i.MX_TIM6_Init)
    i.MX_TIM7_Init                           0x08003200   Section        0  tim.o(i.MX_TIM7_Init)
    i.MX_TIM8_Init                           0x08003244   Section        0  tim.o(i.MX_TIM8_Init)
    i.MX_USART1_UART_Init                    0x080032b0   Section        0  usart.o(i.MX_USART1_UART_Init)
    i.MX_USART2_UART_Init                    0x080032e8   Section        0  usart.o(i.MX_USART2_UART_Init)
    i.MemManage_Handler                      0x08003320   Section        0  stm32f4xx_it.o(i.MemManage_Handler)
    i.Modbus_CRC16                           0x08003324   Section        0  rs485_crc.o(i.Modbus_CRC16)
    i.Modbus_Event                           0x08003350   Section        0  rs485.o(i.Modbus_Event)
    i.Modbus_Func16                          0x080033bc   Section        0  rs485.o(i.Modbus_Func16)
    i.Modbus_Func3                           0x0800349c   Section        0  rs485.o(i.Modbus_Func3)
    i.Modbus_Func6                           0x08003568   Section        0  rs485.o(i.Modbus_Func6)
    i.Modbus_Init                            0x08003614   Section        0  rs485.o(i.Modbus_Init)
    i.Motor_Init                             0x08003664   Section        0  motor.o(i.Motor_Init)
    i.NMI_Handler                            0x080037a8   Section        0  stm32f4xx_it.o(i.NMI_Handler)
    i.PID_Increment                          0x080037aa   Section        0  motor.o(i.PID_Increment)
    i.PendSV_Handler                         0x080037f4   Section        0  stm32f4xx_it.o(i.PendSV_Handler)
    i.RS485_UART_IDLE_CallBack               0x080037f8   Section        0  rs485.o(i.RS485_UART_IDLE_CallBack)
    i.SVC_Handler                            0x08003840   Section        0  stm32f4xx_it.o(i.SVC_Handler)
    i.Set_Motor                              0x08003844   Section        0  motor.o(i.Set_Motor)
    i.SysTick_Handler                        0x080038dc   Section        0  stm32f4xx_it.o(i.SysTick_Handler)
    i.SystemClock_Config                     0x080038e0   Section        0  main.o(i.SystemClock_Config)
    i.SystemInit                             0x08003974   Section        0  system_stm32f4xx.o(i.SystemInit)
    i.TIM6_DAC_IRQHandler                    0x08003984   Section        0  stm32f4xx_it.o(i.TIM6_DAC_IRQHandler)
    i.TIM7_IRQHandler                        0x08003990   Section        0  stm32f4xx_it.o(i.TIM7_IRQHandler)
    i.TIM_Base_SetConfig                     0x0800399c   Section        0  stm32f4xx_hal_tim.o(i.TIM_Base_SetConfig)
    i.TIM_CCxChannelCmd                      0x08003a74   Section        0  stm32f4xx_hal_tim.o(i.TIM_CCxChannelCmd)
    i.TIM_ETR_SetConfig                      0x08003a8e   Section        0  stm32f4xx_hal_tim.o(i.TIM_ETR_SetConfig)
    i.TIM_ITRx_SetConfig                     0x08003aa2   Section        0  stm32f4xx_hal_tim.o(i.TIM_ITRx_SetConfig)
    TIM_ITRx_SetConfig                       0x08003aa3   Thumb Code    16  stm32f4xx_hal_tim.o(i.TIM_ITRx_SetConfig)
    i.TIM_OC1_SetConfig                      0x08003ab4   Section        0  stm32f4xx_hal_tim.o(i.TIM_OC1_SetConfig)
    TIM_OC1_SetConfig                        0x08003ab5   Thumb Code    88  stm32f4xx_hal_tim.o(i.TIM_OC1_SetConfig)
    i.TIM_OC2_SetConfig                      0x08003b14   Section        0  stm32f4xx_hal_tim.o(i.TIM_OC2_SetConfig)
    i.TIM_OC3_SetConfig                      0x08003b80   Section        0  stm32f4xx_hal_tim.o(i.TIM_OC3_SetConfig)
    TIM_OC3_SetConfig                        0x08003b81   Thumb Code    96  stm32f4xx_hal_tim.o(i.TIM_OC3_SetConfig)
    i.TIM_OC4_SetConfig                      0x08003be8   Section        0  stm32f4xx_hal_tim.o(i.TIM_OC4_SetConfig)
    TIM_OC4_SetConfig                        0x08003be9   Thumb Code    70  stm32f4xx_hal_tim.o(i.TIM_OC4_SetConfig)
    i.TIM_TI1_ConfigInputStage               0x08003c38   Section        0  stm32f4xx_hal_tim.o(i.TIM_TI1_ConfigInputStage)
    TIM_TI1_ConfigInputStage                 0x08003c39   Thumb Code    34  stm32f4xx_hal_tim.o(i.TIM_TI1_ConfigInputStage)
    i.TIM_TI2_ConfigInputStage               0x08003c5a   Section        0  stm32f4xx_hal_tim.o(i.TIM_TI2_ConfigInputStage)
    TIM_TI2_ConfigInputStage                 0x08003c5b   Thumb Code    36  stm32f4xx_hal_tim.o(i.TIM_TI2_ConfigInputStage)
    i.UART_DMAAbortOnError                   0x08003c7e   Section        0  stm32f4xx_hal_uart.o(i.UART_DMAAbortOnError)
    UART_DMAAbortOnError                     0x08003c7f   Thumb Code    16  stm32f4xx_hal_uart.o(i.UART_DMAAbortOnError)
    i.UART_DMAError                          0x08003c8e   Section        0  stm32f4xx_hal_uart.o(i.UART_DMAError)
    UART_DMAError                            0x08003c8f   Thumb Code    74  stm32f4xx_hal_uart.o(i.UART_DMAError)
    i.UART_DMAReceiveCplt                    0x08003cd8   Section        0  stm32f4xx_hal_uart.o(i.UART_DMAReceiveCplt)
    UART_DMAReceiveCplt                      0x08003cd9   Thumb Code   134  stm32f4xx_hal_uart.o(i.UART_DMAReceiveCplt)
    i.UART_DMARxHalfCplt                     0x08003d5e   Section        0  stm32f4xx_hal_uart.o(i.UART_DMARxHalfCplt)
    UART_DMARxHalfCplt                       0x08003d5f   Thumb Code    30  stm32f4xx_hal_uart.o(i.UART_DMARxHalfCplt)
    i.UART_EndRxTransfer                     0x08003d7c   Section        0  stm32f4xx_hal_uart.o(i.UART_EndRxTransfer)
    UART_EndRxTransfer                       0x08003d7d   Thumb Code    78  stm32f4xx_hal_uart.o(i.UART_EndRxTransfer)
    i.UART_EndTxTransfer                     0x08003dca   Section        0  stm32f4xx_hal_uart.o(i.UART_EndTxTransfer)
    UART_EndTxTransfer                       0x08003dcb   Thumb Code    28  stm32f4xx_hal_uart.o(i.UART_EndTxTransfer)
    i.UART_Receive_IT                        0x08003de6   Section        0  stm32f4xx_hal_uart.o(i.UART_Receive_IT)
    UART_Receive_IT                          0x08003de7   Thumb Code   194  stm32f4xx_hal_uart.o(i.UART_Receive_IT)
    i.UART_SetConfig                         0x08003ea8   Section        0  stm32f4xx_hal_uart.o(i.UART_SetConfig)
    UART_SetConfig                           0x08003ea9   Thumb Code   258  stm32f4xx_hal_uart.o(i.UART_SetConfig)
    i.UART_Start_Receive_DMA                 0x08003fb4   Section        0  stm32f4xx_hal_uart.o(i.UART_Start_Receive_DMA)
    i.UART_Start_Receive_IT                  0x08004044   Section        0  stm32f4xx_hal_uart.o(i.UART_Start_Receive_IT)
    i.UART_WaitOnFlagUntilTimeout            0x0800407a   Section        0  stm32f4xx_hal_uart.o(i.UART_WaitOnFlagUntilTimeout)
    UART_WaitOnFlagUntilTimeout              0x0800407b   Thumb Code   114  stm32f4xx_hal_uart.o(i.UART_WaitOnFlagUntilTimeout)
    i.USART1_IRQHandler                      0x080040ec   Section        0  stm32f4xx_it.o(i.USART1_IRQHandler)
    i.UsageFault_Handler                     0x08004100   Section        0  stm32f4xx_it.o(i.UsageFault_Handler)
    i.__0printf                              0x08004104   Section        0  printfa.o(i.__0printf)
    i.__NVIC_SetPriority                     0x08004124   Section        0  stm32f4xx_hal_cortex.o(i.__NVIC_SetPriority)
    __NVIC_SetPriority                       0x08004125   Thumb Code    32  stm32f4xx_hal_cortex.o(i.__NVIC_SetPriority)
    i.__scatterload_copy                     0x08004144   Section       14  handlers.o(i.__scatterload_copy)
    i.__scatterload_null                     0x08004152   Section        2  handlers.o(i.__scatterload_null)
    i.__scatterload_zeroinit                 0x08004154   Section       14  handlers.o(i.__scatterload_zeroinit)
    i._fp_digits                             0x08004164   Section        0  printfa.o(i._fp_digits)
    _fp_digits                               0x08004165   Thumb Code   366  printfa.o(i._fp_digits)
    i._printf_core                           0x080042e8   Section        0  printfa.o(i._printf_core)
    _printf_core                             0x080042e9   Thumb Code  1704  printfa.o(i._printf_core)
    i._printf_post_padding                   0x0800499c   Section        0  printfa.o(i._printf_post_padding)
    _printf_post_padding                     0x0800499d   Thumb Code    36  printfa.o(i._printf_post_padding)
    i._printf_pre_padding                    0x080049c0   Section        0  printfa.o(i._printf_pre_padding)
    _printf_pre_padding                      0x080049c1   Thumb Code    46  printfa.o(i._printf_pre_padding)
    i.fputc                                  0x080049f0   Section        0  usart.o(i.fputc)
    i.lineInterp                             0x08004a08   Section        0  motor.o(i.lineInterp)
    i.main                                   0x08004b08   Section        0  main.o(i.main)
    .constdata                               0x08004c28   Section        8  stm32f4xx_hal_dma.o(.constdata)
    flagBitshiftOffset                       0x08004c28   Data           8  stm32f4xx_hal_dma.o(.constdata)
    .constdata                               0x08004c30   Section       16  system_stm32f4xx.o(.constdata)
    .constdata                               0x08004c40   Section        8  system_stm32f4xx.o(.constdata)
    .constdata                               0x08004c48   Section       64  motor.o(.constdata)
    .constdata                               0x08004c88   Section      512  rs485_crc.o(.constdata)
    .data                                    0x20000000   Section        1  usart.o(.data)
    .data                                    0x20000004   Section       12  stm32f4xx_hal.o(.data)
    .data                                    0x20000010   Section        4  system_stm32f4xx.o(.data)
    .data                                    0x20000014   Section      156  motor.o(.data)
    delay                                    0x20000014   Data           4  motor.o(.data)
    JointAngle                               0x20000020   Data          32  motor.o(.data)
    ADValue                                  0x20000040   Data          32  motor.o(.data)
    InterpolationFlag                        0x20000060   Data          16  motor.o(.data)
    .data                                    0x200000b0   Section        4  stdout.o(.data)
    .bss                                     0x200000b4   Section      168  adc.o(.bss)
    .bss                                     0x2000015c   Section       88  spi.o(.bss)
    .bss                                     0x200001b4   Section      576  tim.o(.bss)
    .bss                                     0x200003f4   Section      240  usart.o(.bss)
    hdma_usart1_rx                           0x200003f4   Data          96  usart.o(.bss)
    .bss                                     0x200004e4   Section      496  motor.o(.bss)
    .bss                                     0x200006d4   Section      424  rs485.o(.bss)
    STACK                                    0x20000880   Section     1024  startup_stm32f407xx.o(STACK)

    Global Symbols

    Symbol Name                              Value     Ov Type        Size  Object(Section)

    BuildAttributes$$THM_ISAv4$E$P$D$K$B$S$7EM$VFPi3$EXTD16$VFPS$VFMA$PE$A:L22UL41UL21$X:L11$S22US41US21$IEEE1$IW$USESV6$~STKCKD$USESV7$~SHL$OSPACE$ROPI$EBA8$MICROLIB$REQ8$PRES8$EABIv2 0x00000000   Number         0  anon$$obj.o ABSOLUTE
    __ARM_use_no_argv                        0x00000000   Number         0  main.o ABSOLUTE
    _printf_a                                0x00000000   Number         0  stubs.o ABSOLUTE
    _printf_c                                0x00000000   Number         0  stubs.o ABSOLUTE
    _printf_charcount                        0x00000000   Number         0  stubs.o ABSOLUTE
    _printf_d                                0x00000000   Number         0  stubs.o ABSOLUTE
    _printf_e                                0x00000000   Number         0  stubs.o ABSOLUTE
    _printf_f                                0x00000000   Number         0  stubs.o ABSOLUTE
    _printf_flags                            0x00000000   Number         0  stubs.o ABSOLUTE
    _printf_fp_dec                           0x00000000   Number         0  stubs.o ABSOLUTE
    _printf_fp_hex                           0x00000000   Number         0  stubs.o ABSOLUTE
    _printf_g                                0x00000000   Number         0  stubs.o ABSOLUTE
    _printf_i                                0x00000000   Number         0  stubs.o ABSOLUTE
    _printf_int_dec                          0x00000000   Number         0  stubs.o ABSOLUTE
    _printf_l                                0x00000000   Number         0  stubs.o ABSOLUTE
    _printf_lc                               0x00000000   Number         0  stubs.o ABSOLUTE
    _printf_ll                               0x00000000   Number         0  stubs.o ABSOLUTE
    _printf_lld                              0x00000000   Number         0  stubs.o ABSOLUTE
    _printf_lli                              0x00000000   Number         0  stubs.o ABSOLUTE
    _printf_llo                              0x00000000   Number         0  stubs.o ABSOLUTE
    _printf_llu                              0x00000000   Number         0  stubs.o ABSOLUTE
    _printf_llx                              0x00000000   Number         0  stubs.o ABSOLUTE
    _printf_longlong_dec                     0x00000000   Number         0  stubs.o ABSOLUTE
    _printf_longlong_hex                     0x00000000   Number         0  stubs.o ABSOLUTE
    _printf_longlong_oct                     0x00000000   Number         0  stubs.o ABSOLUTE
    _printf_ls                               0x00000000   Number         0  stubs.o ABSOLUTE
    _printf_mbtowc                           0x00000000   Number         0  stubs.o ABSOLUTE
    _printf_n                                0x00000000   Number         0  stubs.o ABSOLUTE
    _printf_o                                0x00000000   Number         0  stubs.o ABSOLUTE
    _printf_p                                0x00000000   Number         0  stubs.o ABSOLUTE
    _printf_percent                          0x00000000   Number         0  stubs.o ABSOLUTE
    _printf_pre_padding                      0x00000000   Number         0  stubs.o ABSOLUTE
    _printf_return_value                     0x00000000   Number         0  stubs.o ABSOLUTE
    _printf_s                                0x00000000   Number         0  stubs.o ABSOLUTE
    _printf_sizespec                         0x00000000   Number         0  stubs.o ABSOLUTE
    _printf_str                              0x00000000   Number         0  stubs.o ABSOLUTE
    _printf_truncate_signed                  0x00000000   Number         0  stubs.o ABSOLUTE
    _printf_truncate_unsigned                0x00000000   Number         0  stubs.o ABSOLUTE
    _printf_u                                0x00000000   Number         0  stubs.o ABSOLUTE
    _printf_wc                               0x00000000   Number         0  stubs.o ABSOLUTE
    _printf_wctomb                           0x00000000   Number         0  stubs.o ABSOLUTE
    _printf_widthprec                        0x00000000   Number         0  stubs.o ABSOLUTE
    _printf_x                                0x00000000   Number         0  stubs.o ABSOLUTE
    __arm_fini_                               - Undefined Weak Reference
    __cpp_initialize__aeabi_                  - Undefined Weak Reference
    __cxa_finalize                            - Undefined Weak Reference
    __decompress                              - Undefined Weak Reference
    _clock_init                               - Undefined Weak Reference
    _microlib_exit                            - Undefined Weak Reference
    __Vectors_Size                           0x00000188   Number         0  startup_stm32f407xx.o ABSOLUTE
    __Vectors                                0x08000000   Data           4  startup_stm32f407xx.o(RESET)
    __Vectors_End                            0x08000188   Data           0  startup_stm32f407xx.o(RESET)
    __main                                   0x08000189   Thumb Code     0  entry.o(.ARM.Collect$$$$00000000)
    _main_stk                                0x08000189   Thumb Code     0  entry2.o(.ARM.Collect$$$$00000001)
    _main_scatterload                        0x0800018d   Thumb Code     0  entry5.o(.ARM.Collect$$$$00000004)
    __main_after_scatterload                 0x08000191   Thumb Code     0  entry5.o(.ARM.Collect$$$$00000004)
    _main_clock                              0x08000191   Thumb Code     0  entry7b.o(.ARM.Collect$$$$00000008)
    _main_cpp_init                           0x08000191   Thumb Code     0  entry8b.o(.ARM.Collect$$$$0000000A)
    _main_init                               0x08000191   Thumb Code     0  entry9a.o(.ARM.Collect$$$$0000000B)
    __rt_lib_shutdown_fini                   0x08000199   Thumb Code     0  entry12b.o(.ARM.Collect$$$$0000000E)
    __rt_final_cpp                           0x0800019d   Thumb Code     0  entry10a.o(.ARM.Collect$$$$0000000F)
    __rt_final_exit                          0x0800019d   Thumb Code     0  entry11a.o(.ARM.Collect$$$$00000011)
    Reset_Handler                            0x080001a1   Thumb Code     8  startup_stm32f407xx.o(.text)
    ADC_IRQHandler                           0x080001bb   Thumb Code     0  startup_stm32f407xx.o(.text)
    CAN1_RX0_IRQHandler                      0x080001bb   Thumb Code     0  startup_stm32f407xx.o(.text)
    CAN1_RX1_IRQHandler                      0x080001bb   Thumb Code     0  startup_stm32f407xx.o(.text)
    CAN1_SCE_IRQHandler                      0x080001bb   Thumb Code     0  startup_stm32f407xx.o(.text)
    CAN1_TX_IRQHandler                       0x080001bb   Thumb Code     0  startup_stm32f407xx.o(.text)
    CAN2_RX0_IRQHandler                      0x080001bb   Thumb Code     0  startup_stm32f407xx.o(.text)
    CAN2_RX1_IRQHandler                      0x080001bb   Thumb Code     0  startup_stm32f407xx.o(.text)
    CAN2_SCE_IRQHandler                      0x080001bb   Thumb Code     0  startup_stm32f407xx.o(.text)
    CAN2_TX_IRQHandler                       0x080001bb   Thumb Code     0  startup_stm32f407xx.o(.text)
    DCMI_IRQHandler                          0x080001bb   Thumb Code     0  startup_stm32f407xx.o(.text)
    DMA1_Stream0_IRQHandler                  0x080001bb   Thumb Code     0  startup_stm32f407xx.o(.text)
    DMA1_Stream1_IRQHandler                  0x080001bb   Thumb Code     0  startup_stm32f407xx.o(.text)
    DMA1_Stream2_IRQHandler                  0x080001bb   Thumb Code     0  startup_stm32f407xx.o(.text)
    DMA1_Stream3_IRQHandler                  0x080001bb   Thumb Code     0  startup_stm32f407xx.o(.text)
    DMA1_Stream4_IRQHandler                  0x080001bb   Thumb Code     0  startup_stm32f407xx.o(.text)
    DMA1_Stream5_IRQHandler                  0x080001bb   Thumb Code     0  startup_stm32f407xx.o(.text)
    DMA1_Stream6_IRQHandler                  0x080001bb   Thumb Code     0  startup_stm32f407xx.o(.text)
    DMA1_Stream7_IRQHandler                  0x080001bb   Thumb Code     0  startup_stm32f407xx.o(.text)
    DMA2_Stream1_IRQHandler                  0x080001bb   Thumb Code     0  startup_stm32f407xx.o(.text)
    DMA2_Stream3_IRQHandler                  0x080001bb   Thumb Code     0  startup_stm32f407xx.o(.text)
    DMA2_Stream4_IRQHandler                  0x080001bb   Thumb Code     0  startup_stm32f407xx.o(.text)
    DMA2_Stream5_IRQHandler                  0x080001bb   Thumb Code     0  startup_stm32f407xx.o(.text)
    DMA2_Stream6_IRQHandler                  0x080001bb   Thumb Code     0  startup_stm32f407xx.o(.text)
    DMA2_Stream7_IRQHandler                  0x080001bb   Thumb Code     0  startup_stm32f407xx.o(.text)
    ETH_IRQHandler                           0x080001bb   Thumb Code     0  startup_stm32f407xx.o(.text)
    ETH_WKUP_IRQHandler                      0x080001bb   Thumb Code     0  startup_stm32f407xx.o(.text)
    EXTI0_IRQHandler                         0x080001bb   Thumb Code     0  startup_stm32f407xx.o(.text)
    EXTI15_10_IRQHandler                     0x080001bb   Thumb Code     0  startup_stm32f407xx.o(.text)
    EXTI1_IRQHandler                         0x080001bb   Thumb Code     0  startup_stm32f407xx.o(.text)
    EXTI2_IRQHandler                         0x080001bb   Thumb Code     0  startup_stm32f407xx.o(.text)
    EXTI3_IRQHandler                         0x080001bb   Thumb Code     0  startup_stm32f407xx.o(.text)
    EXTI4_IRQHandler                         0x080001bb   Thumb Code     0  startup_stm32f407xx.o(.text)
    EXTI9_5_IRQHandler                       0x080001bb   Thumb Code     0  startup_stm32f407xx.o(.text)
    FLASH_IRQHandler                         0x080001bb   Thumb Code     0  startup_stm32f407xx.o(.text)
    FMC_IRQHandler                           0x080001bb   Thumb Code     0  startup_stm32f407xx.o(.text)
    FPU_IRQHandler                           0x080001bb   Thumb Code     0  startup_stm32f407xx.o(.text)
    HASH_RNG_IRQHandler                      0x080001bb   Thumb Code     0  startup_stm32f407xx.o(.text)
    I2C1_ER_IRQHandler                       0x080001bb   Thumb Code     0  startup_stm32f407xx.o(.text)
    I2C1_EV_IRQHandler                       0x080001bb   Thumb Code     0  startup_stm32f407xx.o(.text)
    I2C2_ER_IRQHandler                       0x080001bb   Thumb Code     0  startup_stm32f407xx.o(.text)
    I2C2_EV_IRQHandler                       0x080001bb   Thumb Code     0  startup_stm32f407xx.o(.text)
    I2C3_ER_IRQHandler                       0x080001bb   Thumb Code     0  startup_stm32f407xx.o(.text)
    I2C3_EV_IRQHandler                       0x080001bb   Thumb Code     0  startup_stm32f407xx.o(.text)
    OTG_FS_IRQHandler                        0x080001bb   Thumb Code     0  startup_stm32f407xx.o(.text)
    OTG_FS_WKUP_IRQHandler                   0x080001bb   Thumb Code     0  startup_stm32f407xx.o(.text)
    OTG_HS_EP1_IN_IRQHandler                 0x080001bb   Thumb Code     0  startup_stm32f407xx.o(.text)
    OTG_HS_EP1_OUT_IRQHandler                0x080001bb   Thumb Code     0  startup_stm32f407xx.o(.text)
    OTG_HS_IRQHandler                        0x080001bb   Thumb Code     0  startup_stm32f407xx.o(.text)
    OTG_HS_WKUP_IRQHandler                   0x080001bb   Thumb Code     0  startup_stm32f407xx.o(.text)
    PVD_IRQHandler                           0x080001bb   Thumb Code     0  startup_stm32f407xx.o(.text)
    RCC_IRQHandler                           0x080001bb   Thumb Code     0  startup_stm32f407xx.o(.text)
    RTC_Alarm_IRQHandler                     0x080001bb   Thumb Code     0  startup_stm32f407xx.o(.text)
    RTC_WKUP_IRQHandler                      0x080001bb   Thumb Code     0  startup_stm32f407xx.o(.text)
    SDIO_IRQHandler                          0x080001bb   Thumb Code     0  startup_stm32f407xx.o(.text)
    SPI1_IRQHandler                          0x080001bb   Thumb Code     0  startup_stm32f407xx.o(.text)
    SPI2_IRQHandler                          0x080001bb   Thumb Code     0  startup_stm32f407xx.o(.text)
    SPI3_IRQHandler                          0x080001bb   Thumb Code     0  startup_stm32f407xx.o(.text)
    TAMP_STAMP_IRQHandler                    0x080001bb   Thumb Code     0  startup_stm32f407xx.o(.text)
    TIM1_BRK_TIM9_IRQHandler                 0x080001bb   Thumb Code     0  startup_stm32f407xx.o(.text)
    TIM1_CC_IRQHandler                       0x080001bb   Thumb Code     0  startup_stm32f407xx.o(.text)
    TIM1_TRG_COM_TIM11_IRQHandler            0x080001bb   Thumb Code     0  startup_stm32f407xx.o(.text)
    TIM1_UP_TIM10_IRQHandler                 0x080001bb   Thumb Code     0  startup_stm32f407xx.o(.text)
    TIM2_IRQHandler                          0x080001bb   Thumb Code     0  startup_stm32f407xx.o(.text)
    TIM3_IRQHandler                          0x080001bb   Thumb Code     0  startup_stm32f407xx.o(.text)
    TIM4_IRQHandler                          0x080001bb   Thumb Code     0  startup_stm32f407xx.o(.text)
    TIM5_IRQHandler                          0x080001bb   Thumb Code     0  startup_stm32f407xx.o(.text)
    TIM8_BRK_TIM12_IRQHandler                0x080001bb   Thumb Code     0  startup_stm32f407xx.o(.text)
    TIM8_CC_IRQHandler                       0x080001bb   Thumb Code     0  startup_stm32f407xx.o(.text)
    TIM8_TRG_COM_TIM14_IRQHandler            0x080001bb   Thumb Code     0  startup_stm32f407xx.o(.text)
    TIM8_UP_TIM13_IRQHandler                 0x080001bb   Thumb Code     0  startup_stm32f407xx.o(.text)
    UART4_IRQHandler                         0x080001bb   Thumb Code     0  startup_stm32f407xx.o(.text)
    UART5_IRQHandler                         0x080001bb   Thumb Code     0  startup_stm32f407xx.o(.text)
    USART2_IRQHandler                        0x080001bb   Thumb Code     0  startup_stm32f407xx.o(.text)
    USART3_IRQHandler                        0x080001bb   Thumb Code     0  startup_stm32f407xx.o(.text)
    USART6_IRQHandler                        0x080001bb   Thumb Code     0  startup_stm32f407xx.o(.text)
    WWDG_IRQHandler                          0x080001bb   Thumb Code     0  startup_stm32f407xx.o(.text)
    __aeabi_uldivmod                         0x080001c5   Thumb Code    98  uldiv.o(.text)
    __aeabi_memset                           0x08000227   Thumb Code    14  memseta.o(.text)
    __aeabi_memset4                          0x08000227   Thumb Code     0  memseta.o(.text)
    __aeabi_memset8                          0x08000227   Thumb Code     0  memseta.o(.text)
    __aeabi_memclr                           0x08000235   Thumb Code     4  memseta.o(.text)
    __aeabi_memclr4                          0x08000235   Thumb Code     0  memseta.o(.text)
    __aeabi_memclr8                          0x08000235   Thumb Code     0  memseta.o(.text)
    _memset$wrapper                          0x08000239   Thumb Code    18  memseta.o(.text)
    __aeabi_f2d                              0x0800024b   Thumb Code    38  f2d.o(.text)
    __aeabi_uidiv                            0x08000271   Thumb Code     0  uidiv.o(.text)
    __aeabi_uidivmod                         0x08000271   Thumb Code    44  uidiv.o(.text)
    __aeabi_llsl                             0x0800029d   Thumb Code    30  llshl.o(.text)
    _ll_shift_l                              0x0800029d   Thumb Code     0  llshl.o(.text)
    __aeabi_llsr                             0x080002bb   Thumb Code    32  llushr.o(.text)
    _ll_ushift_r                             0x080002bb   Thumb Code     0  llushr.o(.text)
    __I$use$fp                               0x080002db   Thumb Code     0  iusefp.o(.text)
    __aeabi_dadd                             0x080002db   Thumb Code   322  dadd.o(.text)
    __aeabi_dsub                             0x0800041d   Thumb Code     6  dadd.o(.text)
    __aeabi_drsub                            0x08000423   Thumb Code     6  dadd.o(.text)
    __aeabi_dmul                             0x08000429   Thumb Code   228  dmul.o(.text)
    __aeabi_ddiv                             0x0800050d   Thumb Code   222  ddiv.o(.text)
    __aeabi_d2ulz                            0x080005eb   Thumb Code    48  dfixul.o(.text)
    __aeabi_cdrcmple                         0x0800061d   Thumb Code    48  cdrcmple.o(.text)
    __scatterload                            0x0800064d   Thumb Code    28  init.o(.text)
    __scatterload_rt2                        0x0800064d   Thumb Code     0  init.o(.text)
    __aeabi_lasr                             0x08000671   Thumb Code    36  llsshr.o(.text)
    _ll_sshift_r                             0x08000671   Thumb Code     0  llsshr.o(.text)
    _double_round                            0x08000695   Thumb Code    30  depilogue.o(.text)
    _double_epilogue                         0x080006b3   Thumb Code   156  depilogue.o(.text)
    BusFault_Handler                         0x08000905   Thumb Code     2  stm32f4xx_it.o(i.BusFault_Handler)
    DMA2_Stream0_IRQHandler                  0x08000909   Thumb Code     6  stm32f4xx_it.o(i.DMA2_Stream0_IRQHandler)
    DMA2_Stream2_IRQHandler                  0x08000915   Thumb Code     8  stm32f4xx_it.o(i.DMA2_Stream2_IRQHandler)
    DebugMon_Handler                         0x080009c5   Thumb Code     2  stm32f4xx_it.o(i.DebugMon_Handler)
    Error_Handler                            0x080009c7   Thumb Code     4  main.o(i.Error_Handler)
    HAL_ADC_ConfigChannel                    0x080009cd   Thumb Code   316  stm32f4xx_hal_adc.o(i.HAL_ADC_ConfigChannel)
    HAL_ADC_ConvCpltCallback                 0x08000b19   Thumb Code     2  stm32f4xx_hal_adc.o(i.HAL_ADC_ConvCpltCallback)
    HAL_ADC_ConvHalfCpltCallback             0x08000b1b   Thumb Code     2  stm32f4xx_hal_adc.o(i.HAL_ADC_ConvHalfCpltCallback)
    HAL_ADC_ErrorCallback                    0x08000b1d   Thumb Code     2  stm32f4xx_hal_adc.o(i.HAL_ADC_ErrorCallback)
    HAL_ADC_Init                             0x08000b1f   Thumb Code    84  stm32f4xx_hal_adc.o(i.HAL_ADC_Init)
    HAL_ADC_MspInit                          0x08000b75   Thumb Code   132  adc.o(i.HAL_ADC_MspInit)
    HAL_ADC_Start_DMA                        0x08000c0d   Thumb Code   302  stm32f4xx_hal_adc.o(i.HAL_ADC_Start_DMA)
    HAL_DMA_Abort                            0x08000d61   Thumb Code   146  stm32f4xx_hal_dma.o(i.HAL_DMA_Abort)
    HAL_DMA_Abort_IT                         0x08000df3   Thumb Code    36  stm32f4xx_hal_dma.o(i.HAL_DMA_Abort_IT)
    HAL_DMA_IRQHandler                       0x08000e19   Thumb Code   412  stm32f4xx_hal_dma.o(i.HAL_DMA_IRQHandler)
    HAL_DMA_Init                             0x08000fb9   Thumb Code   206  stm32f4xx_hal_dma.o(i.HAL_DMA_Init)
    HAL_DMA_Start_IT                         0x0800108d   Thumb Code   110  stm32f4xx_hal_dma.o(i.HAL_DMA_Start_IT)
    HAL_Delay                                0x080010fd   Thumb Code    32  stm32f4xx_hal.o(i.HAL_Delay)
    HAL_GPIO_Init                            0x08001121   Thumb Code   450  stm32f4xx_hal_gpio.o(i.HAL_GPIO_Init)
    HAL_GPIO_WritePin                        0x08001311   Thumb Code    10  stm32f4xx_hal_gpio.o(i.HAL_GPIO_WritePin)
    HAL_GetTick                              0x0800131d   Thumb Code     6  stm32f4xx_hal.o(i.HAL_GetTick)
    HAL_IncTick                              0x08001329   Thumb Code    12  stm32f4xx_hal.o(i.HAL_IncTick)
    HAL_Init                                 0x08001339   Thumb Code    48  stm32f4xx_hal.o(i.HAL_Init)
    HAL_InitTick                             0x0800136d   Thumb Code    54  stm32f4xx_hal.o(i.HAL_InitTick)
    HAL_MspInit                              0x080013ad   Thumb Code    42  stm32f4xx_hal_msp.o(i.HAL_MspInit)
    HAL_NVIC_EnableIRQ                       0x080013dd   Thumb Code    26  stm32f4xx_hal_cortex.o(i.HAL_NVIC_EnableIRQ)
    HAL_NVIC_SetPriority                     0x080013f9   Thumb Code    60  stm32f4xx_hal_cortex.o(i.HAL_NVIC_SetPriority)
    HAL_NVIC_SetPriorityGrouping             0x08001439   Thumb Code    26  stm32f4xx_hal_cortex.o(i.HAL_NVIC_SetPriorityGrouping)
    HAL_RCC_ClockConfig                      0x0800145d   Thumb Code   288  stm32f4xx_hal_rcc.o(i.HAL_RCC_ClockConfig)
    HAL_RCC_GetPCLK1Freq                     0x08001591   Thumb Code    20  stm32f4xx_hal_rcc.o(i.HAL_RCC_GetPCLK1Freq)
    HAL_RCC_GetPCLK2Freq                     0x080015b1   Thumb Code    20  stm32f4xx_hal_rcc.o(i.HAL_RCC_GetPCLK2Freq)
    HAL_RCC_GetSysClockFreq                  0x080015d1   Thumb Code    88  stm32f4xx_hal_rcc.o(i.HAL_RCC_GetSysClockFreq)
    HAL_RCC_OscConfig                        0x08001631   Thumb Code   856  stm32f4xx_hal_rcc.o(i.HAL_RCC_OscConfig)
    HAL_SPI_Init                             0x0800199d   Thumb Code   188  stm32f4xx_hal_spi.o(i.HAL_SPI_Init)
    HAL_SPI_MspInit                          0x08001a59   Thumb Code    92  spi.o(i.HAL_SPI_MspInit)
    HAL_SYSTICK_Config                       0x08001ac1   Thumb Code    40  stm32f4xx_hal_cortex.o(i.HAL_SYSTICK_Config)
    HAL_TIMEx_BreakCallback                  0x08001ae9   Thumb Code     2  stm32f4xx_hal_tim_ex.o(i.HAL_TIMEx_BreakCallback)
    HAL_TIMEx_CommutCallback                 0x08001aeb   Thumb Code     2  stm32f4xx_hal_tim_ex.o(i.HAL_TIMEx_CommutCallback)
    HAL_TIMEx_ConfigBreakDeadTime            0x08001aed   Thumb Code    84  stm32f4xx_hal_tim_ex.o(i.HAL_TIMEx_ConfigBreakDeadTime)
    HAL_TIMEx_MasterConfigSynchronization    0x08001b41   Thumb Code   116  stm32f4xx_hal_tim_ex.o(i.HAL_TIMEx_MasterConfigSynchronization)
    HAL_TIM_Base_Init                        0x08001bd1   Thumb Code    90  stm32f4xx_hal_tim.o(i.HAL_TIM_Base_Init)
    HAL_TIM_Base_MspInit                     0x08001c2d   Thumb Code   134  tim.o(i.HAL_TIM_Base_MspInit)
    HAL_TIM_Base_Start_IT                    0x08001cc9   Thumb Code   100  stm32f4xx_hal_tim.o(i.HAL_TIM_Base_Start_IT)
    HAL_TIM_ConfigClockSource                0x08001d49   Thumb Code   220  stm32f4xx_hal_tim.o(i.HAL_TIM_ConfigClockSource)
    HAL_TIM_Encoder_Init                     0x08001e25   Thumb Code   164  stm32f4xx_hal_tim.o(i.HAL_TIM_Encoder_Init)
    HAL_TIM_Encoder_MspInit                  0x08001ec9   Thumb Code   304  tim.o(i.HAL_TIM_Encoder_MspInit)
    HAL_TIM_Encoder_Start                    0x08002019   Thumb Code   142  stm32f4xx_hal_tim.o(i.HAL_TIM_Encoder_Start)
    HAL_TIM_IC_CaptureCallback               0x080020a7   Thumb Code     2  stm32f4xx_hal_tim.o(i.HAL_TIM_IC_CaptureCallback)
    HAL_TIM_IRQHandler                       0x080020a9   Thumb Code   304  stm32f4xx_hal_tim.o(i.HAL_TIM_IRQHandler)
    HAL_TIM_MspPostInit                      0x080021d9   Thumb Code   112  tim.o(i.HAL_TIM_MspPostInit)
    HAL_TIM_OC_DelayElapsedCallback          0x0800225d   Thumb Code     2  stm32f4xx_hal_tim.o(i.HAL_TIM_OC_DelayElapsedCallback)
    HAL_TIM_PWM_ConfigChannel                0x0800225f   Thumb Code   204  stm32f4xx_hal_tim.o(i.HAL_TIM_PWM_ConfigChannel)
    HAL_TIM_PWM_Init                         0x0800232b   Thumb Code    90  stm32f4xx_hal_tim.o(i.HAL_TIM_PWM_Init)
    HAL_TIM_PWM_MspInit                      0x08002385   Thumb Code     2  stm32f4xx_hal_tim.o(i.HAL_TIM_PWM_MspInit)
    HAL_TIM_PWM_PulseFinishedCallback        0x08002387   Thumb Code     2  stm32f4xx_hal_tim.o(i.HAL_TIM_PWM_PulseFinishedCallback)
    HAL_TIM_PWM_Start                        0x08002389   Thumb Code   172  stm32f4xx_hal_tim.o(i.HAL_TIM_PWM_Start)
    HAL_TIM_PeriodElapsedCallback            0x08002451   Thumb Code   684  motor.o(i.HAL_TIM_PeriodElapsedCallback)
    HAL_TIM_TriggerCallback                  0x0800277d   Thumb Code     2  stm32f4xx_hal_tim.o(i.HAL_TIM_TriggerCallback)
    HAL_UARTEx_RxEventCallback               0x0800277f   Thumb Code     2  stm32f4xx_hal_uart.o(i.HAL_UARTEx_RxEventCallback)
    HAL_UART_DMAStop                         0x08002781   Thumb Code   112  stm32f4xx_hal_uart.o(i.HAL_UART_DMAStop)
    HAL_UART_ErrorCallback                   0x080027f1   Thumb Code     2  stm32f4xx_hal_uart.o(i.HAL_UART_ErrorCallback)
    HAL_UART_IRQHandler                      0x080027f5   Thumb Code   618  stm32f4xx_hal_uart.o(i.HAL_UART_IRQHandler)
    HAL_UART_Init                            0x08002a65   Thumb Code   100  stm32f4xx_hal_uart.o(i.HAL_UART_Init)
    HAL_UART_MspInit                         0x08002ac9   Thumb Code   252  usart.o(i.HAL_UART_MspInit)
    HAL_UART_Receive_DMA                     0x08002be1   Thumb Code    28  stm32f4xx_hal_uart.o(i.HAL_UART_Receive_DMA)
    HAL_UART_Receive_IT                      0x08002bfd   Thumb Code    28  stm32f4xx_hal_uart.o(i.HAL_UART_Receive_IT)
    HAL_UART_RxCpltCallback                  0x08002c19   Thumb Code    66  usart.o(i.HAL_UART_RxCpltCallback)
    HAL_UART_RxHalfCpltCallback              0x08002c69   Thumb Code     2  stm32f4xx_hal_uart.o(i.HAL_UART_RxHalfCpltCallback)
    HAL_UART_Transmit                        0x08002c6b   Thumb Code   160  stm32f4xx_hal_uart.o(i.HAL_UART_Transmit)
    HAL_UART_TxCpltCallback                  0x08002d0b   Thumb Code     2  stm32f4xx_hal_uart.o(i.HAL_UART_TxCpltCallback)
    HardFault_Handler                        0x08002d0d   Thumb Code     2  stm32f4xx_it.o(i.HardFault_Handler)
    MX_ADC1_Init                             0x08002d11   Thumb Code   152  adc.o(i.MX_ADC1_Init)
    MX_DMA_Init                              0x08002db5   Thumb Code    40  dma.o(i.MX_DMA_Init)
    MX_GPIO_Init                             0x08002de1   Thumb Code   148  gpio.o(i.MX_GPIO_Init)
    MX_SPI1_Init                             0x08002e7d   Thumb Code    54  spi.o(i.MX_SPI1_Init)
    MX_TIM1_Init                             0x08002ebd   Thumb Code   240  tim.o(i.MX_TIM1_Init)
    MX_TIM2_Init                             0x08002fb5   Thumb Code    98  tim.o(i.MX_TIM2_Init)
    MX_TIM3_Init                             0x0800301d   Thumb Code    98  tim.o(i.MX_TIM3_Init)
    MX_TIM4_Init                             0x08003089   Thumb Code    98  tim.o(i.MX_TIM4_Init)
    MX_TIM5_Init                             0x080030f5   Thumb Code   192  tim.o(i.MX_TIM5_Init)
    MX_TIM6_Init                             0x080031bd   Thumb Code    60  tim.o(i.MX_TIM6_Init)
    MX_TIM7_Init                             0x08003201   Thumb Code    60  tim.o(i.MX_TIM7_Init)
    MX_TIM8_Init                             0x08003245   Thumb Code   100  tim.o(i.MX_TIM8_Init)
    MX_USART1_UART_Init                      0x080032b1   Thumb Code    48  usart.o(i.MX_USART1_UART_Init)
    MX_USART2_UART_Init                      0x080032e9   Thumb Code    48  usart.o(i.MX_USART2_UART_Init)
    MemManage_Handler                        0x08003321   Thumb Code     2  stm32f4xx_it.o(i.MemManage_Handler)
    Modbus_CRC16                             0x08003325   Thumb Code    40  rs485_crc.o(i.Modbus_CRC16)
    Modbus_Event                             0x08003351   Thumb Code   102  rs485.o(i.Modbus_Event)
    Modbus_Func16                            0x080033bd   Thumb Code   212  rs485.o(i.Modbus_Func16)
    Modbus_Func3                             0x0800349d   Thumb Code   190  rs485.o(i.Modbus_Func3)
    Modbus_Func6                             0x08003569   Thumb Code   158  rs485.o(i.Modbus_Func6)
    Modbus_Init                              0x08003615   Thumb Code    68  rs485.o(i.Modbus_Init)
    Motor_Init                               0x08003665   Thumb Code   302  motor.o(i.Motor_Init)
    NMI_Handler                              0x080037a9   Thumb Code     2  stm32f4xx_it.o(i.NMI_Handler)
    PID_Increment                            0x080037ab   Thumb Code    74  motor.o(i.PID_Increment)
    PendSV_Handler                           0x080037f5   Thumb Code     2  stm32f4xx_it.o(i.PendSV_Handler)
    RS485_UART_IDLE_CallBack                 0x080037f9   Thumb Code    64  rs485.o(i.RS485_UART_IDLE_CallBack)
    SVC_Handler                              0x08003841   Thumb Code     2  stm32f4xx_it.o(i.SVC_Handler)
    Set_Motor                                0x08003845   Thumb Code   146  motor.o(i.Set_Motor)
    SysTick_Handler                          0x080038dd   Thumb Code     4  stm32f4xx_it.o(i.SysTick_Handler)
    SystemClock_Config                       0x080038e1   Thumb Code   138  main.o(i.SystemClock_Config)
    SystemInit                               0x08003975   Thumb Code    12  system_stm32f4xx.o(i.SystemInit)
    TIM6_DAC_IRQHandler                      0x08003985   Thumb Code     6  stm32f4xx_it.o(i.TIM6_DAC_IRQHandler)
    TIM7_IRQHandler                          0x08003991   Thumb Code     6  stm32f4xx_it.o(i.TIM7_IRQHandler)
    TIM_Base_SetConfig                       0x0800399d   Thumb Code   170  stm32f4xx_hal_tim.o(i.TIM_Base_SetConfig)
    TIM_CCxChannelCmd                        0x08003a75   Thumb Code    26  stm32f4xx_hal_tim.o(i.TIM_CCxChannelCmd)
    TIM_ETR_SetConfig                        0x08003a8f   Thumb Code    20  stm32f4xx_hal_tim.o(i.TIM_ETR_SetConfig)
    TIM_OC2_SetConfig                        0x08003b15   Thumb Code    98  stm32f4xx_hal_tim.o(i.TIM_OC2_SetConfig)
    UART_Start_Receive_DMA                   0x08003fb5   Thumb Code   130  stm32f4xx_hal_uart.o(i.UART_Start_Receive_DMA)
    UART_Start_Receive_IT                    0x08004045   Thumb Code    54  stm32f4xx_hal_uart.o(i.UART_Start_Receive_IT)
    USART1_IRQHandler                        0x080040ed   Thumb Code    16  stm32f4xx_it.o(i.USART1_IRQHandler)
    UsageFault_Handler                       0x08004101   Thumb Code     2  stm32f4xx_it.o(i.UsageFault_Handler)
    __0printf                                0x08004105   Thumb Code    22  printfa.o(i.__0printf)
    __1printf                                0x08004105   Thumb Code     0  printfa.o(i.__0printf)
    __2printf                                0x08004105   Thumb Code     0  printfa.o(i.__0printf)
    __c89printf                              0x08004105   Thumb Code     0  printfa.o(i.__0printf)
    printf                                   0x08004105   Thumb Code     0  printfa.o(i.__0printf)
    __scatterload_copy                       0x08004145   Thumb Code    14  handlers.o(i.__scatterload_copy)
    __scatterload_null                       0x08004153   Thumb Code     2  handlers.o(i.__scatterload_null)
    __scatterload_zeroinit                   0x08004155   Thumb Code    14  handlers.o(i.__scatterload_zeroinit)
    fputc                                    0x080049f1   Thumb Code    20  usart.o(i.fputc)
    lineInterp                               0x08004a09   Thumb Code   250  motor.o(i.lineInterp)
    main                                     0x08004b09   Thumb Code   196  main.o(i.main)
    AHBPrescTable                            0x08004c30   Data          16  system_stm32f4xx.o(.constdata)
    APBPrescTable                            0x08004c40   Data           8  system_stm32f4xx.o(.constdata)
    motor_hw_map                             0x08004c48   Data          64  motor.o(.constdata)
    auchCRCHi                                0x08004c88   Data         256  rs485_crc.o(.constdata)
    auchCRCLo                                0x08004d88   Data         256  rs485_crc.o(.constdata)
    Region$$Table$$Base                      0x08004e88   Number         0  anon$$obj.o(Region$$Table)
    Region$$Table$$Limit                     0x08004ea8   Number         0  anon$$obj.o(Region$$Table)
    RES                                      0x20000000   Data           1  usart.o(.data)
    uwTickFreq                               0x20000004   Data           1  stm32f4xx_hal.o(.data)
    uwTickPrio                               0x20000008   Data           4  stm32f4xx_hal.o(.data)
    uwTick                                   0x2000000c   Data           4  stm32f4xx_hal.o(.data)
    SystemCoreClock                          0x20000010   Data           4  system_stm32f4xx.o(.data)
    ADC_HallValue                            0x20000018   Data           8  motor.o(.data)
    Kp_Position                              0x20000070   Data          16  motor.o(.data)
    Kp_Angle                                 0x20000080   Data          16  motor.o(.data)
    Kp_Speed                                 0x20000090   Data          16  motor.o(.data)
    Ki_Speed                                 0x200000a0   Data          16  motor.o(.data)
    __stdout                                 0x200000b0   Data           4  stdout.o(.data)
    hadc1                                    0x200000b4   Data          72  adc.o(.bss)
    hdma_adc1                                0x200000fc   Data          96  adc.o(.bss)
    hspi1                                    0x2000015c   Data          88  spi.o(.bss)
    htim1                                    0x200001b4   Data          72  tim.o(.bss)
    htim2                                    0x200001fc   Data          72  tim.o(.bss)
    htim3                                    0x20000244   Data          72  tim.o(.bss)
    htim4                                    0x2000028c   Data          72  tim.o(.bss)
    htim5                                    0x200002d4   Data          72  tim.o(.bss)
    htim6                                    0x2000031c   Data          72  tim.o(.bss)
    htim7                                    0x20000364   Data          72  tim.o(.bss)
    htim8                                    0x200003ac   Data          72  tim.o(.bss)
    huart1                                   0x20000454   Data          72  usart.o(.bss)
    huart2                                   0x2000049c   Data          72  usart.o(.bss)
    Ki_Position                              0x200004e4   Data          16  motor.o(.bss)
    Kd_Position                              0x200004f4   Data          16  motor.o(.bss)
    Ki_Angle                                 0x20000504   Data          16  motor.o(.bss)
    Kd_Angle                                 0x20000514   Data          16  motor.o(.bss)
    Kd_Speed                                 0x20000524   Data          16  motor.o(.bss)
    motor                                    0x20000534   Data         128  motor.o(.bss)
    PID_Speed                                0x200005b4   Data          96  motor.o(.bss)
    PID_Position                             0x20000614   Data          96  motor.o(.bss)
    PID_Angle                                0x20000674   Data          96  motor.o(.bss)
    Reg                                      0x200006d4   Data         200  rs485.o(.bss)
    modbus                                   0x2000079c   Data         224  rs485.o(.bss)
    __initial_sp                             0x20000c80   Data           0  startup_stm32f407xx.o(STACK)



==============================================================================

Memory Map of the image

  Image Entry point : 0x08000189

  Load Region LR_IROM1 (Base: 0x08000000, Size: 0x00004f5c, Max: 0x00080000, ABSOLUTE)

    Execution Region ER_IROM1 (Exec base: 0x08000000, Load base: 0x08000000, Size: 0x00004ea8, Max: 0x00080000, ABSOLUTE)

    Exec Addr    Load Addr    Size         Type   Attr      Idx    E Section Name        Object

    0x08000000   0x08000000   0x00000188   Data   RO            3    RESET               startup_stm32f407xx.o
    0x08000188   0x08000188   0x00000000   Code   RO         4177  * .ARM.Collect$$$$00000000  mc_w.l(entry.o)
    0x08000188   0x08000188   0x00000004   Code   RO         4447    .ARM.Collect$$$$00000001  mc_w.l(entry2.o)
    0x0800018c   0x0800018c   0x00000004   Code   RO         4450    .ARM.Collect$$$$00000004  mc_w.l(entry5.o)
    0x08000190   0x08000190   0x00000000   Code   RO         4452    .ARM.Collect$$$$00000008  mc_w.l(entry7b.o)
    0x08000190   0x08000190   0x00000000   Code   RO         4454    .ARM.Collect$$$$0000000A  mc_w.l(entry8b.o)
    0x08000190   0x08000190   0x00000008   Code   RO         4455    .ARM.Collect$$$$0000000B  mc_w.l(entry9a.o)
    0x08000198   0x08000198   0x00000004   Code   RO         4462    .ARM.Collect$$$$0000000E  mc_w.l(entry12b.o)
    0x0800019c   0x0800019c   0x00000000   Code   RO         4457    .ARM.Collect$$$$0000000F  mc_w.l(entry10a.o)
    0x0800019c   0x0800019c   0x00000000   Code   RO         4459    .ARM.Collect$$$$00000011  mc_w.l(entry11a.o)
    0x0800019c   0x0800019c   0x00000004   Code   RO         4448    .ARM.Collect$$$$00002712  mc_w.l(entry2.o)
    0x080001a0   0x080001a0   0x00000024   Code   RO            4    .text               startup_stm32f407xx.o
    0x080001c4   0x080001c4   0x00000062   Code   RO         4180    .text               mc_w.l(uldiv.o)
    0x08000226   0x08000226   0x00000024   Code   RO         4182    .text               mc_w.l(memseta.o)
    0x0800024a   0x0800024a   0x00000026   Code   RO         4445    .text               mf_w.l(f2d.o)
    0x08000270   0x08000270   0x0000002c   Code   RO         4464    .text               mc_w.l(uidiv.o)
    0x0800029c   0x0800029c   0x0000001e   Code   RO         4466    .text               mc_w.l(llshl.o)
    0x080002ba   0x080002ba   0x00000020   Code   RO         4468    .text               mc_w.l(llushr.o)
    0x080002da   0x080002da   0x00000000   Code   RO         4470    .text               mc_w.l(iusefp.o)
    0x080002da   0x080002da   0x0000014e   Code   RO         4471    .text               mf_w.l(dadd.o)
    0x08000428   0x08000428   0x000000e4   Code   RO         4473    .text               mf_w.l(dmul.o)
    0x0800050c   0x0800050c   0x000000de   Code   RO         4475    .text               mf_w.l(ddiv.o)
    0x080005ea   0x080005ea   0x00000030   Code   RO         4477    .text               mf_w.l(dfixul.o)
    0x0800061a   0x0800061a   0x00000002   PAD
    0x0800061c   0x0800061c   0x00000030   Code   RO         4479    .text               mf_w.l(cdrcmple.o)
    0x0800064c   0x0800064c   0x00000024   Code   RO         4481    .text               mc_w.l(init.o)
    0x08000670   0x08000670   0x00000024   Code   RO         4483    .text               mc_w.l(llsshr.o)
    0x08000694   0x08000694   0x000000ba   Code   RO         4485    .text               mf_w.l(depilogue.o)
    0x0800074e   0x0800074e   0x0000006e   Code   RO          877    i.ADC_DMAConvCplt   stm32f4xx_hal_adc.o
    0x080007bc   0x080007bc   0x00000016   Code   RO          878    i.ADC_DMAError      stm32f4xx_hal_adc.o
    0x080007d2   0x080007d2   0x0000000a   Code   RO          879    i.ADC_DMAHalfConvCplt  stm32f4xx_hal_adc.o
    0x080007dc   0x080007dc   0x00000128   Code   RO          880    i.ADC_Init          stm32f4xx_hal_adc.o
    0x08000904   0x08000904   0x00000002   Code   RO          638    i.BusFault_Handler  stm32f4xx_it.o
    0x08000906   0x08000906   0x00000002   PAD
    0x08000908   0x08000908   0x0000000c   Code   RO          639    i.DMA2_Stream0_IRQHandler  stm32f4xx_it.o
    0x08000914   0x08000914   0x0000000c   Code   RO          640    i.DMA2_Stream2_IRQHandler  stm32f4xx_it.o
    0x08000920   0x08000920   0x00000028   Code   RO         1614    i.DMA_CalcBaseAndBitshift  stm32f4xx_hal_dma.o
    0x08000948   0x08000948   0x00000054   Code   RO         1615    i.DMA_CheckFifoParam  stm32f4xx_hal_dma.o
    0x0800099c   0x0800099c   0x00000028   Code   RO         1616    i.DMA_SetConfig     stm32f4xx_hal_dma.o
    0x080009c4   0x080009c4   0x00000002   Code   RO          641    i.DebugMon_Handler  stm32f4xx_it.o
    0x080009c6   0x080009c6   0x00000004   Code   RO           13    i.Error_Handler     main.o
    0x080009ca   0x080009ca   0x00000002   PAD
    0x080009cc   0x080009cc   0x0000014c   Code   RO          882    i.HAL_ADC_ConfigChannel  stm32f4xx_hal_adc.o
    0x08000b18   0x08000b18   0x00000002   Code   RO          883    i.HAL_ADC_ConvCpltCallback  stm32f4xx_hal_adc.o
    0x08000b1a   0x08000b1a   0x00000002   Code   RO          884    i.HAL_ADC_ConvHalfCpltCallback  stm32f4xx_hal_adc.o
    0x08000b1c   0x08000b1c   0x00000002   Code   RO          886    i.HAL_ADC_ErrorCallback  stm32f4xx_hal_adc.o
    0x08000b1e   0x08000b1e   0x00000054   Code   RO          891    i.HAL_ADC_Init      stm32f4xx_hal_adc.o
    0x08000b72   0x08000b72   0x00000002   PAD
    0x08000b74   0x08000b74   0x00000098   Code   RO          328    i.HAL_ADC_MspInit   adc.o
    0x08000c0c   0x08000c0c   0x00000154   Code   RO          898    i.HAL_ADC_Start_DMA  stm32f4xx_hal_adc.o
    0x08000d60   0x08000d60   0x00000092   Code   RO         1617    i.HAL_DMA_Abort     stm32f4xx_hal_dma.o
    0x08000df2   0x08000df2   0x00000024   Code   RO         1618    i.HAL_DMA_Abort_IT  stm32f4xx_hal_dma.o
    0x08000e16   0x08000e16   0x00000002   PAD
    0x08000e18   0x08000e18   0x000001a0   Code   RO         1622    i.HAL_DMA_IRQHandler  stm32f4xx_hal_dma.o
    0x08000fb8   0x08000fb8   0x000000d4   Code   RO         1623    i.HAL_DMA_Init      stm32f4xx_hal_dma.o
    0x0800108c   0x0800108c   0x0000006e   Code   RO         1627    i.HAL_DMA_Start_IT  stm32f4xx_hal_dma.o
    0x080010fa   0x080010fa   0x00000002   PAD
    0x080010fc   0x080010fc   0x00000024   Code   RO         2054    i.HAL_Delay         stm32f4xx_hal.o
    0x08001120   0x08001120   0x000001f0   Code   RO         1510    i.HAL_GPIO_Init     stm32f4xx_hal_gpio.o
    0x08001310   0x08001310   0x0000000a   Code   RO         1514    i.HAL_GPIO_WritePin  stm32f4xx_hal_gpio.o
    0x0800131a   0x0800131a   0x00000002   PAD
    0x0800131c   0x0800131c   0x0000000c   Code   RO         2060    i.HAL_GetTick       stm32f4xx_hal.o
    0x08001328   0x08001328   0x00000010   Code   RO         2066    i.HAL_IncTick       stm32f4xx_hal.o
    0x08001338   0x08001338   0x00000034   Code   RO         2067    i.HAL_Init          stm32f4xx_hal.o
    0x0800136c   0x0800136c   0x00000040   Code   RO         2068    i.HAL_InitTick      stm32f4xx_hal.o
    0x080013ac   0x080013ac   0x00000030   Code   RO          853    i.HAL_MspInit       stm32f4xx_hal_msp.o
    0x080013dc   0x080013dc   0x0000001a   Code   RO         1902    i.HAL_NVIC_EnableIRQ  stm32f4xx_hal_cortex.o
    0x080013f6   0x080013f6   0x00000002   PAD
    0x080013f8   0x080013f8   0x00000040   Code   RO         1908    i.HAL_NVIC_SetPriority  stm32f4xx_hal_cortex.o
    0x08001438   0x08001438   0x00000024   Code   RO         1909    i.HAL_NVIC_SetPriorityGrouping  stm32f4xx_hal_cortex.o
    0x0800145c   0x0800145c   0x00000134   Code   RO         1156    i.HAL_RCC_ClockConfig  stm32f4xx_hal_rcc.o
    0x08001590   0x08001590   0x00000020   Code   RO         1163    i.HAL_RCC_GetPCLK1Freq  stm32f4xx_hal_rcc.o
    0x080015b0   0x080015b0   0x00000020   Code   RO         1164    i.HAL_RCC_GetPCLK2Freq  stm32f4xx_hal_rcc.o
    0x080015d0   0x080015d0   0x00000060   Code   RO         1165    i.HAL_RCC_GetSysClockFreq  stm32f4xx_hal_rcc.o
    0x08001630   0x08001630   0x0000036c   Code   RO         1168    i.HAL_RCC_OscConfig  stm32f4xx_hal_rcc.o
    0x0800199c   0x0800199c   0x000000bc   Code   RO         2316    i.HAL_SPI_Init      stm32f4xx_hal_spi.o
    0x08001a58   0x08001a58   0x00000068   Code   RO          397    i.HAL_SPI_MspInit   spi.o
    0x08001ac0   0x08001ac0   0x00000028   Code   RO         1913    i.HAL_SYSTICK_Config  stm32f4xx_hal_cortex.o
    0x08001ae8   0x08001ae8   0x00000002   Code   RO         3333    i.HAL_TIMEx_BreakCallback  stm32f4xx_hal_tim_ex.o
    0x08001aea   0x08001aea   0x00000002   Code   RO         3334    i.HAL_TIMEx_CommutCallback  stm32f4xx_hal_tim_ex.o
    0x08001aec   0x08001aec   0x00000054   Code   RO         3336    i.HAL_TIMEx_ConfigBreakDeadTime  stm32f4xx_hal_tim_ex.o
    0x08001b40   0x08001b40   0x00000090   Code   RO         3352    i.HAL_TIMEx_MasterConfigSynchronization  stm32f4xx_hal_tim_ex.o
    0x08001bd0   0x08001bd0   0x0000005a   Code   RO         2629    i.HAL_TIM_Base_Init  stm32f4xx_hal_tim.o
    0x08001c2a   0x08001c2a   0x00000002   PAD
    0x08001c2c   0x08001c2c   0x0000009c   Code   RO          441    i.HAL_TIM_Base_MspInit  tim.o
    0x08001cc8   0x08001cc8   0x00000080   Code   RO         2634    i.HAL_TIM_Base_Start_IT  stm32f4xx_hal_tim.o
    0x08001d48   0x08001d48   0x000000dc   Code   RO         2638    i.HAL_TIM_ConfigClockSource  stm32f4xx_hal_tim.o
    0x08001e24   0x08001e24   0x000000a4   Code   RO         2650    i.HAL_TIM_Encoder_Init  stm32f4xx_hal_tim.o
    0x08001ec8   0x08001ec8   0x00000150   Code   RO          443    i.HAL_TIM_Encoder_MspInit  tim.o
    0x08002018   0x08002018   0x0000008e   Code   RO         2653    i.HAL_TIM_Encoder_Start  stm32f4xx_hal_tim.o
    0x080020a6   0x080020a6   0x00000002   Code   RO         2663    i.HAL_TIM_IC_CaptureCallback  stm32f4xx_hal_tim.o
    0x080020a8   0x080020a8   0x00000130   Code   RO         2677    i.HAL_TIM_IRQHandler  stm32f4xx_hal_tim.o
    0x080021d8   0x080021d8   0x00000084   Code   RO          444    i.HAL_TIM_MspPostInit  tim.o
    0x0800225c   0x0800225c   0x00000002   Code   RO         2680    i.HAL_TIM_OC_DelayElapsedCallback  stm32f4xx_hal_tim.o
    0x0800225e   0x0800225e   0x000000cc   Code   RO         2701    i.HAL_TIM_PWM_ConfigChannel  stm32f4xx_hal_tim.o
    0x0800232a   0x0800232a   0x0000005a   Code   RO         2704    i.HAL_TIM_PWM_Init  stm32f4xx_hal_tim.o
    0x08002384   0x08002384   0x00000002   Code   RO         2706    i.HAL_TIM_PWM_MspInit  stm32f4xx_hal_tim.o
    0x08002386   0x08002386   0x00000002   Code   RO         2707    i.HAL_TIM_PWM_PulseFinishedCallback  stm32f4xx_hal_tim.o
    0x08002388   0x08002388   0x000000c8   Code   RO         2709    i.HAL_TIM_PWM_Start  stm32f4xx_hal_tim.o
    0x08002450   0x08002450   0x0000032c   Code   RO         4003    i.HAL_TIM_PeriodElapsedCallback  motor.o
    0x0800277c   0x0800277c   0x00000002   Code   RO         2720    i.HAL_TIM_TriggerCallback  stm32f4xx_hal_tim.o
    0x0800277e   0x0800277e   0x00000002   Code   RO         3612    i.HAL_UARTEx_RxEventCallback  stm32f4xx_hal_uart.o
    0x08002780   0x08002780   0x00000070   Code   RO         3624    i.HAL_UART_DMAStop  stm32f4xx_hal_uart.o
    0x080027f0   0x080027f0   0x00000002   Code   RO         3626    i.HAL_UART_ErrorCallback  stm32f4xx_hal_uart.o
    0x080027f2   0x080027f2   0x00000002   PAD
    0x080027f4   0x080027f4   0x00000270   Code   RO         3629    i.HAL_UART_IRQHandler  stm32f4xx_hal_uart.o
    0x08002a64   0x08002a64   0x00000064   Code   RO         3630    i.HAL_UART_Init     stm32f4xx_hal_uart.o
    0x08002ac8   0x08002ac8   0x00000118   Code   RO          543    i.HAL_UART_MspInit  usart.o
    0x08002be0   0x08002be0   0x0000001c   Code   RO         3634    i.HAL_UART_Receive_DMA  stm32f4xx_hal_uart.o
    0x08002bfc   0x08002bfc   0x0000001c   Code   RO         3635    i.HAL_UART_Receive_IT  stm32f4xx_hal_uart.o
    0x08002c18   0x08002c18   0x00000050   Code   RO          544    i.HAL_UART_RxCpltCallback  usart.o
    0x08002c68   0x08002c68   0x00000002   Code   RO         3637    i.HAL_UART_RxHalfCpltCallback  stm32f4xx_hal_uart.o
    0x08002c6a   0x08002c6a   0x000000a0   Code   RO         3638    i.HAL_UART_Transmit  stm32f4xx_hal_uart.o
    0x08002d0a   0x08002d0a   0x00000002   Code   RO         3641    i.HAL_UART_TxCpltCallback  stm32f4xx_hal_uart.o
    0x08002d0c   0x08002d0c   0x00000002   Code   RO          642    i.HardFault_Handler  stm32f4xx_it.o
    0x08002d0e   0x08002d0e   0x00000002   PAD
    0x08002d10   0x08002d10   0x000000a4   Code   RO          329    i.MX_ADC1_Init      adc.o
    0x08002db4   0x08002db4   0x0000002c   Code   RO          369    i.MX_DMA_Init       dma.o
    0x08002de0   0x08002de0   0x0000009c   Code   RO          198    i.MX_GPIO_Init      gpio.o
    0x08002e7c   0x08002e7c   0x00000040   Code   RO          398    i.MX_SPI1_Init      spi.o
    0x08002ebc   0x08002ebc   0x000000f8   Code   RO          445    i.MX_TIM1_Init      tim.o
    0x08002fb4   0x08002fb4   0x00000068   Code   RO          446    i.MX_TIM2_Init      tim.o
    0x0800301c   0x0800301c   0x0000006c   Code   RO          447    i.MX_TIM3_Init      tim.o
    0x08003088   0x08003088   0x0000006c   Code   RO          448    i.MX_TIM4_Init      tim.o
    0x080030f4   0x080030f4   0x000000c8   Code   RO          449    i.MX_TIM5_Init      tim.o
    0x080031bc   0x080031bc   0x00000044   Code   RO          450    i.MX_TIM6_Init      tim.o
    0x08003200   0x08003200   0x00000044   Code   RO          451    i.MX_TIM7_Init      tim.o
    0x08003244   0x08003244   0x0000006c   Code   RO          452    i.MX_TIM8_Init      tim.o
    0x080032b0   0x080032b0   0x00000038   Code   RO          545    i.MX_USART1_UART_Init  usart.o
    0x080032e8   0x080032e8   0x00000038   Code   RO          546    i.MX_USART2_UART_Init  usart.o
    0x08003320   0x08003320   0x00000002   Code   RO          643    i.MemManage_Handler  stm32f4xx_it.o
    0x08003322   0x08003322   0x00000002   PAD
    0x08003324   0x08003324   0x0000002c   Code   RO         4150    i.Modbus_CRC16      rs485_crc.o
    0x08003350   0x08003350   0x0000006c   Code   RO         4077    i.Modbus_Event      rs485.o
    0x080033bc   0x080033bc   0x000000e0   Code   RO         4078    i.Modbus_Func16     rs485.o
    0x0800349c   0x0800349c   0x000000cc   Code   RO         4079    i.Modbus_Func3      rs485.o
    0x08003568   0x08003568   0x000000ac   Code   RO         4080    i.Modbus_Func6      rs485.o
    0x08003614   0x08003614   0x00000050   Code   RO         4081    i.Modbus_Init       rs485.o
    0x08003664   0x08003664   0x00000144   Code   RO         4004    i.Motor_Init        motor.o
    0x080037a8   0x080037a8   0x00000002   Code   RO          644    i.NMI_Handler       stm32f4xx_it.o
    0x080037aa   0x080037aa   0x0000004a   Code   RO         4005    i.PID_Increment     motor.o
    0x080037f4   0x080037f4   0x00000002   Code   RO          645    i.PendSV_Handler    stm32f4xx_it.o
    0x080037f6   0x080037f6   0x00000002   PAD
    0x080037f8   0x080037f8   0x00000048   Code   RO         4083    i.RS485_UART_IDLE_CallBack  rs485.o
    0x08003840   0x08003840   0x00000002   Code   RO          646    i.SVC_Handler       stm32f4xx_it.o
    0x08003842   0x08003842   0x00000002   PAD
    0x08003844   0x08003844   0x00000098   Code   RO         4006    i.Set_Motor         motor.o
    0x080038dc   0x080038dc   0x00000004   Code   RO          647    i.SysTick_Handler   stm32f4xx_it.o
    0x080038e0   0x080038e0   0x00000094   Code   RO           14    i.SystemClock_Config  main.o
    0x08003974   0x08003974   0x00000010   Code   RO         3964    i.SystemInit        system_stm32f4xx.o
    0x08003984   0x08003984   0x0000000c   Code   RO          648    i.TIM6_DAC_IRQHandler  stm32f4xx_it.o
    0x08003990   0x08003990   0x0000000c   Code   RO          649    i.TIM7_IRQHandler   stm32f4xx_it.o
    0x0800399c   0x0800399c   0x000000d8   Code   RO         2722    i.TIM_Base_SetConfig  stm32f4xx_hal_tim.o
    0x08003a74   0x08003a74   0x0000001a   Code   RO         2723    i.TIM_CCxChannelCmd  stm32f4xx_hal_tim.o
    0x08003a8e   0x08003a8e   0x00000014   Code   RO         2733    i.TIM_ETR_SetConfig  stm32f4xx_hal_tim.o
    0x08003aa2   0x08003aa2   0x00000010   Code   RO         2734    i.TIM_ITRx_SetConfig  stm32f4xx_hal_tim.o
    0x08003ab2   0x08003ab2   0x00000002   PAD
    0x08003ab4   0x08003ab4   0x00000060   Code   RO         2735    i.TIM_OC1_SetConfig  stm32f4xx_hal_tim.o
    0x08003b14   0x08003b14   0x0000006c   Code   RO         2736    i.TIM_OC2_SetConfig  stm32f4xx_hal_tim.o
    0x08003b80   0x08003b80   0x00000068   Code   RO         2737    i.TIM_OC3_SetConfig  stm32f4xx_hal_tim.o
    0x08003be8   0x08003be8   0x00000050   Code   RO         2738    i.TIM_OC4_SetConfig  stm32f4xx_hal_tim.o
    0x08003c38   0x08003c38   0x00000022   Code   RO         2740    i.TIM_TI1_ConfigInputStage  stm32f4xx_hal_tim.o
    0x08003c5a   0x08003c5a   0x00000024   Code   RO         2742    i.TIM_TI2_ConfigInputStage  stm32f4xx_hal_tim.o
    0x08003c7e   0x08003c7e   0x00000010   Code   RO         3643    i.UART_DMAAbortOnError  stm32f4xx_hal_uart.o
    0x08003c8e   0x08003c8e   0x0000004a   Code   RO         3644    i.UART_DMAError     stm32f4xx_hal_uart.o
    0x08003cd8   0x08003cd8   0x00000086   Code   RO         3645    i.UART_DMAReceiveCplt  stm32f4xx_hal_uart.o
    0x08003d5e   0x08003d5e   0x0000001e   Code   RO         3647    i.UART_DMARxHalfCplt  stm32f4xx_hal_uart.o
    0x08003d7c   0x08003d7c   0x0000004e   Code   RO         3653    i.UART_EndRxTransfer  stm32f4xx_hal_uart.o
    0x08003dca   0x08003dca   0x0000001c   Code   RO         3654    i.UART_EndTxTransfer  stm32f4xx_hal_uart.o
    0x08003de6   0x08003de6   0x000000c2   Code   RO         3655    i.UART_Receive_IT   stm32f4xx_hal_uart.o
    0x08003ea8   0x08003ea8   0x0000010c   Code   RO         3656    i.UART_SetConfig    stm32f4xx_hal_uart.o
    0x08003fb4   0x08003fb4   0x00000090   Code   RO         3657    i.UART_Start_Receive_DMA  stm32f4xx_hal_uart.o
    0x08004044   0x08004044   0x00000036   Code   RO         3658    i.UART_Start_Receive_IT  stm32f4xx_hal_uart.o
    0x0800407a   0x0800407a   0x00000072   Code   RO         3659    i.UART_WaitOnFlagUntilTimeout  stm32f4xx_hal_uart.o
    0x080040ec   0x080040ec   0x00000014   Code   RO          650    i.USART1_IRQHandler  stm32f4xx_it.o
    0x08004100   0x08004100   0x00000002   Code   RO          651    i.UsageFault_Handler  stm32f4xx_it.o
    0x08004102   0x08004102   0x00000002   PAD
    0x08004104   0x08004104   0x00000020   Code   RO         4417    i.__0printf         mc_w.l(printfa.o)
    0x08004124   0x08004124   0x00000020   Code   RO         1915    i.__NVIC_SetPriority  stm32f4xx_hal_cortex.o
    0x08004144   0x08004144   0x0000000e   Code   RO         4489    i.__scatterload_copy  mc_w.l(handlers.o)
    0x08004152   0x08004152   0x00000002   Code   RO         4490    i.__scatterload_null  mc_w.l(handlers.o)
    0x08004154   0x08004154   0x0000000e   Code   RO         4491    i.__scatterload_zeroinit  mc_w.l(handlers.o)
    0x08004162   0x08004162   0x00000002   PAD
    0x08004164   0x08004164   0x00000184   Code   RO         4424    i._fp_digits        mc_w.l(printfa.o)
    0x080042e8   0x080042e8   0x000006b4   Code   RO         4425    i._printf_core      mc_w.l(printfa.o)
    0x0800499c   0x0800499c   0x00000024   Code   RO         4426    i._printf_post_padding  mc_w.l(printfa.o)
    0x080049c0   0x080049c0   0x0000002e   Code   RO         4427    i._printf_pre_padding  mc_w.l(printfa.o)
    0x080049ee   0x080049ee   0x00000002   PAD
    0x080049f0   0x080049f0   0x00000018   Code   RO          549    i.fputc             usart.o
    0x08004a08   0x08004a08   0x00000100   Code   RO         4007    i.lineInterp        motor.o
    0x08004b08   0x08004b08   0x00000120   Code   RO           15    i.main              main.o
    0x08004c28   0x08004c28   0x00000008   Data   RO         1629    .constdata          stm32f4xx_hal_dma.o
    0x08004c30   0x08004c30   0x00000010   Data   RO         3965    .constdata          system_stm32f4xx.o
    0x08004c40   0x08004c40   0x00000008   Data   RO         3966    .constdata          system_stm32f4xx.o
    0x08004c48   0x08004c48   0x00000040   Data   RO         4009    .constdata          motor.o
    0x08004c88   0x08004c88   0x00000200   Data   RO         4151    .constdata          rs485_crc.o
    0x08004e88   0x08004e88   0x00000020   Data   RO         4487    Region$$Table       anon$$obj.o


    Execution Region RW_IRAM1 (Exec base: 0x20000000, Load base: 0x08004ea8, Size: 0x00000c80, Max: 0x0001c000, ABSOLUTE)

    Exec Addr    Load Addr    Size         Type   Attr      Idx    E Section Name        Object

    0x20000000   0x08004ea8   0x00000001   Data   RW          555    .data               usart.o
    0x20000001   0x08004ea9   0x00000003   PAD
    0x20000004   0x08004eac   0x0000000c   Data   RW         2074    .data               stm32f4xx_hal.o
    0x20000010   0x08004eb8   0x00000004   Data   RW         3967    .data               system_stm32f4xx.o
    0x20000014   0x08004ebc   0x0000009c   Data   RW         4010    .data               motor.o
    0x200000b0   0x08004f58   0x00000004   Data   RW         4463    .data               mc_w.l(stdout.o)
    0x200000b4        -       0x000000a8   Zero   RW          330    .bss                adc.o
    0x2000015c        -       0x00000058   Zero   RW          399    .bss                spi.o
    0x200001b4        -       0x00000240   Zero   RW          453    .bss                tim.o
    0x200003f4        -       0x000000f0   Zero   RW          554    .bss                usart.o
    0x200004e4        -       0x000001f0   Zero   RW         4008    .bss                motor.o
    0x200006d4        -       0x000001a8   Zero   RW         4084    .bss                rs485.o
    0x2000087c   0x08004f5c   0x00000004   PAD
    0x20000880        -       0x00000400   Zero   RW            1    STACK               startup_stm32f407xx.o


    Execution Region RW_IRAM2 (Exec base: 0x2001c000, Load base: 0x08004f5c, Size: 0x00000000, Max: 0x00004000, ABSOLUTE)

    **** No section assigned to this execution region ****


==============================================================================

Image component sizes


      Code (inc. data)   RO Data    RW Data    ZI Data      Debug   Object Name

       316         32          0          0        168       2311   adc.o
        44          4          0          0          0       1010   dma.o
       156          8          0          0          0     710039   gpio.o
       440        102          0          0          0     690904   main.o
      1618        162         64        156        496       7473   motor.o
       860         66          0          0        424       6299   rs485.o
        44          4        512          0          0       1637   rs485_crc.o
       168         22          0          0         88       2255   spi.o
        36          8        392          0       1024        928   startup_stm32f407xx.o
       180         28          0         12          0      10349   stm32f4xx_hal.o
      1200         66          0          0          0       8737   stm32f4xx_hal_adc.o
       198         14          0          0          0      34531   stm32f4xx_hal_cortex.o
      1084         16          8          0          0       8410   stm32f4xx_hal_dma.o
       506         46          0          0          0       2548   stm32f4xx_hal_gpio.o
        48          6          0          0          0       1094   stm32f4xx_hal_msp.o
      1344         72          0          0          0       5948   stm32f4xx_hal_rcc.o
       188          0          0          0          0       1451   stm32f4xx_hal_spi.o
      2288        138          0          0          0      21997   stm32f4xx_hal_tim.o
       232         28          0          0          0       3901   stm32f4xx_hal_tim_ex.o
      2194         30          0          0          0      19537   stm32f4xx_hal_uart.o
        88         26          0          0          0       8010   stm32f4xx_it.o
        16          4         24          4          0       1483   system_stm32f4xx.o
      1636        140          0          0        576       9785   tim.o
       496         62          0          1        240       4067   usart.o

    ----------------------------------------------------------------------
     15410       1084       1032        176       3020    1564704   Object Totals
         0          0         32          0          0          0   (incl. Generated)
        30          0          0          3          4          0   (incl. Padding)

    ----------------------------------------------------------------------

      Code (inc. data)   RO Data    RW Data    ZI Data      Debug   Library Member Name

         0          0          0          0          0          0   entry.o
         0          0          0          0          0          0   entry10a.o
         0          0          0          0          0          0   entry11a.o
         4          0          0          0          0          0   entry12b.o
         8          4          0          0          0          0   entry2.o
         4          0          0          0          0          0   entry5.o
         0          0          0          0          0          0   entry7b.o
         0          0          0          0          0          0   entry8b.o
         8          4          0          0          0          0   entry9a.o
        30          0          0          0          0          0   handlers.o
        36          8          0          0          0         68   init.o
         0          0          0          0          0          0   iusefp.o
        30          0          0          0          0         68   llshl.o
        36          0          0          0          0         68   llsshr.o
        32          0          0          0          0         68   llushr.o
        36          0          0          0          0        108   memseta.o
      2218         90          0          0          0        464   printfa.o
         0          0          0          4          0          0   stdout.o
        44          0          0          0          0         80   uidiv.o
        98          0          0          0          0         92   uldiv.o
        48          0          0          0          0         68   cdrcmple.o
       334          0          0          0          0        148   dadd.o
       222          0          0          0          0        100   ddiv.o
       186          0          0          0          0        176   depilogue.o
        48          0          0          0          0         68   dfixul.o
       228          0          0          0          0         96   dmul.o
        38          0          0          0          0         68   f2d.o

    ----------------------------------------------------------------------
      3694        106          0          4          0       1740   Library Totals
         6          0          0          0          0          0   (incl. Padding)

    ----------------------------------------------------------------------

      Code (inc. data)   RO Data    RW Data    ZI Data      Debug   Library Name

      2584        106          0          4          0       1016   mc_w.l
      1104          0          0          0          0        724   mf_w.l

    ----------------------------------------------------------------------
      3694        106          0          4          0       1740   Library Totals

    ----------------------------------------------------------------------

==============================================================================


      Code (inc. data)   RO Data    RW Data    ZI Data      Debug   

     19104       1190       1032        180       3020    1552916   Grand Totals
     19104       1190       1032        180       3020    1552916   ELF Image Totals
     19104       1190       1032        180          0          0   ROM Totals

==============================================================================

    Total RO  Size (Code + RO Data)                20136 (  19.66kB)
    Total RW  Size (RW Data + ZI Data)              3200 (   3.13kB)
    Total ROM Size (Code + RO Data + RW Data)      20316 (  19.84kB)

==============================================================================

