Component: ARM Compiler 5.06 update 7 (build 960) Tool: armlink [4d3601]

==============================================================================

Section Cross References

    startup_stm32f407xx.o(RESET) refers to startup_stm32f407xx.o(STACK) for __initial_sp
    startup_stm32f407xx.o(RESET) refers to startup_stm32f407xx.o(.text) for Reset_Handler
    startup_stm32f407xx.o(RESET) refers to stm32f4xx_it.o(i.NMI_Handler) for NMI_Handler
    startup_stm32f407xx.o(RESET) refers to stm32f4xx_it.o(i.HardFault_Handler) for HardFault_Handler
    startup_stm32f407xx.o(RESET) refers to stm32f4xx_it.o(i.MemManage_Handler) for MemManage_Handler
    startup_stm32f407xx.o(RESET) refers to stm32f4xx_it.o(i.BusFault_Handler) for BusFault_Handler
    startup_stm32f407xx.o(RESET) refers to stm32f4xx_it.o(i.UsageFault_Handler) for UsageFault_Handler
    startup_stm32f407xx.o(RESET) refers to stm32f4xx_it.o(i.SVC_Handler) for SVC_Handler
    startup_stm32f407xx.o(RESET) refers to stm32f4xx_it.o(i.DebugMon_Handler) for DebugMon_Handler
    startup_stm32f407xx.o(RESET) refers to stm32f4xx_it.o(i.PendSV_Handler) for PendSV_Handler
    startup_stm32f407xx.o(RESET) refers to stm32f4xx_it.o(i.SysTick_Handler) for SysTick_Handler
    startup_stm32f407xx.o(RESET) refers to stm32f4xx_it.o(i.CAN1_RX0_IRQHandler) for CAN1_RX0_IRQHandler
    startup_stm32f407xx.o(RESET) refers to stm32f4xx_it.o(i.CAN1_RX1_IRQHandler) for CAN1_RX1_IRQHandler
    startup_stm32f407xx.o(RESET) refers to stm32f4xx_it.o(i.TIM2_IRQHandler) for TIM2_IRQHandler
    startup_stm32f407xx.o(RESET) refers to stm32f4xx_it.o(i.TIM3_IRQHandler) for TIM3_IRQHandler
    startup_stm32f407xx.o(RESET) refers to stm32f4xx_it.o(i.USART1_IRQHandler) for USART1_IRQHandler
    startup_stm32f407xx.o(RESET) refers to stm32f4xx_it.o(i.USART2_IRQHandler) for USART2_IRQHandler
    startup_stm32f407xx.o(RESET) refers to stm32f4xx_it.o(i.USART3_IRQHandler) for USART3_IRQHandler
    startup_stm32f407xx.o(RESET) refers to stm32f4xx_it.o(i.TIM7_IRQHandler) for TIM7_IRQHandler
    startup_stm32f407xx.o(RESET) refers to stm32f4xx_it.o(i.USART6_IRQHandler) for USART6_IRQHandler
    startup_stm32f407xx.o(.text) refers to system_stm32f4xx.o(i.SystemInit) for SystemInit
    startup_stm32f407xx.o(.text) refers to entry.o(.ARM.Collect$$$$00000000) for __main
    main.o(i.HAL_TIM_PeriodElapsedCallback) refers to wrist.o(i.updateSmartMotionControl) for updateSmartMotionControl
    main.o(i.HAL_TIM_PeriodElapsedCallback) refers to tim.o(.bss) for htim7
    main.o(i.HAL_TIM_PeriodElapsedCallback) refers to rs485.o(.bss) for modbus2
    main.o(i.HAL_TIM_PeriodElapsedCallback) refers to wrist.o(.data) for wrist_enabled
    main.o(i.Infrared_Signal_Processing_Function) refers to wrist.o(i.vel_move) for vel_move
    main.o(i.Infrared_Signal_Processing_Function) refers to wrist.o(i.vel_move1) for vel_move1
    main.o(i.Infrared_Signal_Processing_Function) refers to rs485.o(i.Host_write16_slave) for Host_write16_slave
    main.o(i.Infrared_Signal_Processing_Function) refers to stm32f4xx_hal.o(i.HAL_Delay) for HAL_Delay
    main.o(i.Infrared_Signal_Processing_Function) refers to motion.o(i.finger_motion) for finger_motion
    main.o(i.Infrared_Signal_Processing_Function) refers to rs485.o(i.modbus1_Send_Byte) for modbus1_Send_Byte
    main.o(i.Infrared_Signal_Processing_Function) refers to motion.o(i.finger_single_action) for finger_single_action
    main.o(i.Infrared_Signal_Processing_Function) refers to printf1.o(i.__0printf$1) for __2printf
    main.o(i.Infrared_Signal_Processing_Function) refers to rs485.o(.bss) for Reg
    main.o(i.Infrared_Signal_Processing_Function) refers to wrist.o(.data) for wrist_enabled
    main.o(i.Infrared_Signal_Processing_Function) refers to main.o(.constdata) for .constdata
    main.o(i.Infrared_Signal_Processing_Function) refers to tim.o(.data) for NUMActionCycle
    main.o(i.Infrared_Signal_Processing_Function) refers to main.o(.data) for motion_count
    main.o(i.MyCan_RxHandler) refers to wrist.o(i.set_wrist_motion_Can) for set_wrist_motion_Can
    main.o(i.MyCan_RxHandler) refers to infrared1838.o(.data) for rcvFlag
    main.o(i.MyCan_RxHandler) refers to main.o(.data) for can_motion_flag
    main.o(i.SystemClock_Config) refers to memseta.o(.text) for __aeabi_memclr4
    main.o(i.SystemClock_Config) refers to stm32f4xx_hal_rcc.o(i.HAL_RCC_OscConfig) for HAL_RCC_OscConfig
    main.o(i.SystemClock_Config) refers to main.o(i.Error_Handler) for Error_Handler
    main.o(i.SystemClock_Config) refers to stm32f4xx_hal_rcc.o(i.HAL_RCC_ClockConfig) for HAL_RCC_ClockConfig
    main.o(i.main) refers to stm32f4xx_hal.o(i.HAL_Init) for HAL_Init
    main.o(i.main) refers to main.o(i.SystemClock_Config) for SystemClock_Config
    main.o(i.main) refers to gpio.o(i.MX_GPIO_Init) for MX_GPIO_Init
    main.o(i.main) refers to usart.o(i.MX_USART1_UART_Init) for MX_USART1_UART_Init
    main.o(i.main) refers to usart.o(i.MX_USART2_UART_Init) for MX_USART2_UART_Init
[...]
    i.HAL_CAN_TxMailbox0CompleteCallback     0x08000cde   Section        0  stm32f4xx_hal_can.o(i.HAL_CAN_TxMailbox0CompleteCallback)
    i.HAL_CAN_TxMailbox1AbortCallback        0x08000ce0   Section        0  stm32f4xx_hal_can.o(i.HAL_CAN_TxMailbox1AbortCallback)
    i.HAL_CAN_TxMailbox1CompleteCallback     0x08000ce2   Section        0  stm32f4xx_hal_can.o(i.HAL_CAN_TxMailbox1CompleteCallback)
    i.HAL_CAN_TxMailbox2AbortCallback        0x08000ce4   Section        0  stm32f4xx_hal_can.o(i.HAL_CAN_TxMailbox2AbortCallback)
    i.HAL_CAN_TxMailbox2CompleteCallback     0x08000ce6   Section        0  stm32f4xx_hal_can.o(i.HAL_CAN_TxMailbox2CompleteCallback)
    i.HAL_CAN_WakeUpFromRxMsgCallback        0x08000ce8   Section        0  stm32f4xx_hal_can.o(i.HAL_CAN_WakeUpFromRxMsgCallback)
    i.HAL_DMA_Abort                          0x08000cea   Section        0  stm32f4xx_hal_dma.o(i.HAL_DMA_Abort)
    i.HAL_DMA_Abort_IT                       0x08000d96   Section        0  stm32f4xx_hal_dma.o(i.HAL_DMA_Abort_IT)
    i.HAL_Delay                              0x08000dc0   Section        0  stm32f4xx_hal.o(i.HAL_Delay)
    i.HAL_GPIO_Init                          0x08000de8   Section        0  stm32f4xx_hal_gpio.o(i.HAL_GPIO_Init)
    i.HAL_GPIO_WritePin                      0x08000fdc   Section        0  stm32f4xx_hal_gpio.o(i.HAL_GPIO_WritePin)
    i.HAL_GetTick                            0x08000fe8   Section        0  stm32f4xx_hal.o(i.HAL_GetTick)
    i.HAL_IncTick                            0x08000ff4   Section        0  stm32f4xx_hal.o(i.HAL_IncTick)
    i.HAL_Init                               0x0800100c   Section        0  stm32f4xx_hal.o(i.HAL_Init)
    i.HAL_InitTick                           0x08001048   Section        0  stm32f4xx_hal.o(i.HAL_InitTick)
    i.HAL_MspInit                            0x08001094   Section        0  stm32f4xx_hal_msp.o(i.HAL_MspInit)
    i.HAL_NVIC_EnableIRQ                     0x080010dc   Section        0  stm32f4xx_hal_cortex.o(i.HAL_NVIC_EnableIRQ)
    i.HAL_NVIC_SetPriority                   0x08001104   Section        0  stm32f4xx_hal_cortex.o(i.HAL_NVIC_SetPriority)
    i.HAL_NVIC_SetPriorityGrouping           0x08001180   Section        0  stm32f4xx_hal_cortex.o(i.HAL_NVIC_SetPriorityGrouping)
    i.HAL_RCC_ClockConfig                    0x080011a8   Section        0  stm32f4xx_hal_rcc.o(i.HAL_RCC_ClockConfig)
    i.HAL_RCC_GetHCLKFreq                    0x0800132c   Section        0  stm32f4xx_hal_rcc.o(i.HAL_RCC_GetHCLKFreq)
    i.HAL_RCC_GetPCLK1Freq                   0x08001338   Section        0  stm32f4xx_hal_rcc.o(i.HAL_RCC_GetPCLK1Freq)
    i.HAL_RCC_GetPCLK2Freq                   0x08001358   Section        0  stm32f4xx_hal_rcc.o(i.HAL_RCC_GetPCLK2Freq)
    i.HAL_RCC_GetSysClockFreq                0x08001378   Section        0  stm32f4xx_hal_rcc.o(i.HAL_RCC_GetSysClockFreq)
    i.HAL_RCC_OscConfig                      0x08001428   Section        0  stm32f4xx_hal_rcc.o(i.HAL_RCC_OscConfig)
    i.HAL_SYSTICK_Config                     0x080018c4   Section        0  stm32f4xx_hal_cortex.o(i.HAL_SYSTICK_Config)
    i.HAL_TIMEx_BreakCallback                0x080018f8   Section        0  stm32f4xx_hal_tim_ex.o(i.HAL_TIMEx_BreakCallback)
    i.HAL_TIMEx_CommutCallback               0x080018fa   Section        0  stm32f4xx_hal_tim_ex.o(i.HAL_TIMEx_CommutCallback)
    i.HAL_TIMEx_MasterConfigSynchronization  0x080018fc   Section        0  stm32f4xx_hal_tim_ex.o(i.HAL_TIMEx_MasterConfigSynchronization)
    i.HAL_TIM_Base_Init                      0x080019b0   Section        0  stm32f4xx_hal_tim.o(i.HAL_TIM_Base_Init)
    i.HAL_TIM_Base_MspInit                   0x08001a18   Section        0  tim.o(i.HAL_TIM_Base_MspInit)
    i.HAL_TIM_Base_Start_IT                  0x08001b24   Section        0  stm32f4xx_hal_tim.o(i.HAL_TIM_Base_Start_IT)
    i.HAL_TIM_ConfigClockSource              0x08001bcc   Section        0  stm32f4xx_hal_tim.o(i.HAL_TIM_ConfigClockSource)
    i.HAL_TIM_IC_CaptureCallback             0x08001cd8   Section        0  infrared1838.o(i.HAL_TIM_IC_CaptureCallback)
    i.HAL_TIM_IC_ConfigChannel               0x08001dec   Section        0  stm32f4xx_hal_tim.o(i.HAL_TIM_IC_ConfigChannel)
    i.HAL_TIM_IC_Init                        0x08001eca   Section        0  stm32f4xx_hal_tim.o(i.HAL_TIM_IC_Init)
    i.HAL_TIM_IC_MspInit                     0x08001f30   Section        0  stm32f4xx_hal_tim.o(i.HAL_TIM_IC_MspInit)
    i.HAL_TIM_IC_Start_IT                    0x08001f34   Section        0  stm32f4xx_hal_tim.o(i.HAL_TIM_IC_Start_IT)
    i.HAL_TIM_IRQHandler                     0x080020c4   Section        0  stm32f4xx_hal_tim.o(i.HAL_TIM_IRQHandler)
    i.HAL_TIM_OC_DelayElapsedCallback        0x08002230   Section        0  stm32f4xx_hal_tim.o(i.HAL_TIM_OC_DelayElapsedCallback)
    i.HAL_TIM_PWM_PulseFinishedCallback      0x08002232   Section        0  stm32f4xx_hal_tim.o(i.HAL_TIM_PWM_PulseFinishedCallback)
    i.HAL_TIM_PeriodElapsedCallback          0x08002234   Section        0  main.o(i.HAL_TIM_PeriodElapsedCallback)
    i.HAL_TIM_ReadCapturedValue              0x080022e8   Section        0  stm32f4xx_hal_tim.o(i.HAL_TIM_ReadCapturedValue)
    i.HAL_TIM_TriggerCallback                0x0800231a   Section        0  stm32f4xx_hal_tim.o(i.HAL_TIM_TriggerCallback)
    i.HAL_UARTEx_RxEventCallback             0x0800231c   Section        0  stm32f4xx_hal_uart.o(i.HAL_UARTEx_RxEventCallback)
    i.HAL_UART_ErrorCallback                 0x0800231e   Section        0  stm32f4xx_hal_uart.o(i.HAL_UART_ErrorCallback)
    i.HAL_UART_IRQHandler                    0x08002320   Section        0  stm32f4xx_hal_uart.o(i.HAL_UART_IRQHandler)
    i.HAL_UART_Init                          0x08002628   Section        0  stm32f4xx_hal_uart.o(i.HAL_UART_Init)
    i.HAL_UART_MspInit                       0x080026a0   Section        0  usart.o(i.HAL_UART_MspInit)
    i.HAL_UART_Receive_IT                    0x08002938   Section        0  stm32f4xx_hal_uart.o(i.HAL_UART_Receive_IT)
    i.HAL_UART_RxCpltCallback                0x08002964   Section        0  usart.o(i.HAL_UART_RxCpltCallback)
    i.HAL_UART_Transmit                      0x08002cd4   Section        0  stm32f4xx_hal_uart.o(i.HAL_UART_Transmit)
    i.HAL_UART_TxCpltCallback                0x08002d92   Section        0  stm32f4xx_hal_uart.o(i.HAL_UART_TxCpltCallback)
    i.HardFault_Handler                      0x08002d94   Section        0  stm32f4xx_it.o(i.HardFault_Handler)
    i.Host_write16_slave                     0x08002d98   Section        0  rs485.o(i.Host_write16_slave)
    i.InfraredRemote_DumpFrame               0x08002ed4   Section        0  infrared1838.o(i.InfraredRemote_DumpFrame)
    i.InfraredRemote_Get_KeyNum              0x08002f40   Section        0  infrared1838.o(i.InfraredRemote_Get_KeyNum)
    i.Infrared_Signal_Processing_Function    0x08002f5c   Section        0  main.o(i.Infrared_Signal_Processing_Function)
    i.MX_CAN1_Init                           0x08003150   Section        0  can.o(i.MX_CAN1_Init)
    i.MX_GPIO_Init                           0x0800319c   Section        0  gpio.o(i.MX_GPIO_Init)
    i.MX_TIM2_Init                           0x0800328c   Section        0  tim.o(i.MX_TIM2_Init)
    i.MX_TIM3_Init                           0x080032f8   Section        0  tim.o(i.MX_TIM3_Init)
    i.MX_TIM7_Init                           0x08003398   Section        0  tim.o(i.MX_TIM7_Init)
    i.MX_UART4_Init                          0x080033e4   Section        0  usart.o(i.MX_UART4_Init)
    i.MX_USART1_UART_Init                    0x0800341c   Section        0  usart.o(i.MX_USART1_UART_Init)
    i.MX_USART2_UART_Init                    0x08003454   Section        0  usart.o(i.MX_USART2_UART_Init)
    i.MX_USART3_UART_Init                    0x0800348c   Section        0  usart.o(i.MX_USART3_UART_Init)
    i.MX_USART6_UART_Init                    0x080034c4   Section        0  usart.o(i.MX_USART6_UART_Init)
    i.MemManage_Handler                      0x080034fc   Section        0  stm32f4xx_it.o(i.MemManage_Handler)
    i.Modbus_CRC16                           0x08003500   Section        0  rs485_crc.o(i.Modbus_CRC16)
    i.Modbus_Slave_Dispatcher                0x08003538   Section        0  rs485.o(i.Modbus_Slave_Dispatcher)
    i.MyCan_ConfigFilter_List16Bit           0x080035b0   Section        0  mycan.o(i.MyCan_ConfigFilter_List16Bit)
    i.MyCan_Init                             0x08003638   Section        0  mycan.o(i.MyCan_Init)
    i.MyCan_RxFifo0MsgPendingCallback        0x0800365c   Section        0  mycan.o(i.MyCan_RxFifo0MsgPendingCallback)
    i.MyCan_RxFifo1MsgPendingCallback        0x080036cc   Section        0  mycan.o(i.MyCan_RxFifo1MsgPendingCallback)
    i.MyCan_RxHandler                        0x0800373c   Section        0  main.o(i.MyCan_RxHandler)
    i.MyCan_SendStdData                      0x08003814   Section        0  mycan.o(i.MyCan_SendStdData)
    i.MyCan_Start                            0x0800386c   Section        0  mycan.o(i.MyCan_Start)
    i.NMI_Handler                            0x08003890   Section        0  stm32f4xx_it.o(i.NMI_Handler)
    i.PendSV_Handler                         0x08003894   Section        0  stm32f4xx_it.o(i.PendSV_Handler)
    i.SVC_Handler                            0x08003896   Section        0  stm32f4xx_it.o(i.SVC_Handler)
    i.SysTick_Handler                        0x08003898   Section        0  stm32f4xx_it.o(i.SysTick_Handler)
    i.SystemClock_Config                     0x080038a0   Section        0  main.o(i.SystemClock_Config)
    i.SystemInit                             0x08003958   Section        0  system_stm32f4xx.o(i.SystemInit)
    i.TIM2_IRQHandler                        0x0800396c   Section        0  stm32f4xx_it.o(i.TIM2_IRQHandler)
    i.TIM3_IRQHandler                        0x0800397c   Section        0  stm32f4xx_it.o(i.TIM3_IRQHandler)
    i.TIM7_IRQHandler                        0x0800398c   Section        0  stm32f4xx_it.o(i.TIM7_IRQHandler)
    i.TIM_Base_SetConfig                     0x0800399c   Section        0  stm32f4xx_hal_tim.o(i.TIM_Base_SetConfig)
    i.TIM_CCxChannelCmd                      0x08003a7c   Section        0  stm32f4xx_hal_tim.o(i.TIM_CCxChannelCmd)
    i.TIM_ETR_SetConfig                      0x08003a9e   Section        0  stm32f4xx_hal_tim.o(i.TIM_ETR_SetConfig)
    i.TIM_ITRx_SetConfig                     0x08003ab4   Section        0  stm32f4xx_hal_tim.o(i.TIM_ITRx_SetConfig)
    TIM_ITRx_SetConfig                       0x08003ab5   Thumb Code    18  stm32f4xx_hal_tim.o(i.TIM_ITRx_SetConfig)
    i.TIM_TI1_ConfigInputStage               0x08003ac6   Section        0  stm32f4xx_hal_tim.o(i.TIM_TI1_ConfigInputStage)
    TIM_TI1_ConfigInputStage                 0x08003ac7   Thumb Code    38  stm32f4xx_hal_tim.o(i.TIM_TI1_ConfigInputStage)
    i.TIM_TI1_SetConfig                      0x08003aec   Section        0  stm32f4xx_hal_tim.o(i.TIM_TI1_SetConfig)
    i.TIM_TI2_ConfigInputStage               0x08003b7c   Section        0  stm32f4xx_hal_tim.o(i.TIM_TI2_ConfigInputStage)
    TIM_TI2_ConfigInputStage                 0x08003b7d   Thumb Code    40  stm32f4xx_hal_tim.o(i.TIM_TI2_ConfigInputStage)
    i.TIM_TI2_SetConfig                      0x08003ba4   Section        0  stm32f4xx_hal_tim.o(i.TIM_TI2_SetConfig)
    TIM_TI2_SetConfig                        0x08003ba5   Thumb Code    58  stm32f4xx_hal_tim.o(i.TIM_TI2_SetConfig)
    i.TIM_TI3_SetConfig                      0x08003bde   Section        0  stm32f4xx_hal_tim.o(i.TIM_TI3_SetConfig)
    TIM_TI3_SetConfig                        0x08003bdf   Thumb Code    56  stm32f4xx_hal_tim.o(i.TIM_TI3_SetConfig)
    i.TIM_TI4_SetConfig                      0x08003c16   Section        0  stm32f4xx_hal_tim.o(i.TIM_TI4_SetConfig)
    TIM_TI4_SetConfig                        0x08003c17   Thumb Code    60  stm32f4xx_hal_tim.o(i.TIM_TI4_SetConfig)
    i.UART_DMAAbortOnError                   0x08003c52   Section        0  stm32f4xx_hal_uart.o(i.UART_DMAAbortOnError)
    UART_DMAAbortOnError                     0x08003c53   Thumb Code    18  stm32f4xx_hal_uart.o(i.UART_DMAAbortOnError)
    i.UART_EndRxTransfer                     0x08003c64   Section        0  stm32f4xx_hal_uart.o(i.UART_EndRxTransfer)
    UART_EndRxTransfer                       0x08003c65   Thumb Code   108  stm32f4xx_hal_uart.o(i.UART_EndRxTransfer)
    i.UART_EndTransmit_IT                    0x08003cd0   Section        0  stm32f4xx_hal_uart.o(i.UART_EndTransmit_IT)
    UART_EndTransmit_IT                      0x08003cd1   Thumb Code    32  stm32f4xx_hal_uart.o(i.UART_EndTransmit_IT)
    i.UART_Receive_IT                        0x08003cf0   Section        0  stm32f4xx_hal_uart.o(i.UART_Receive_IT)
    UART_Receive_IT                          0x08003cf1   Thumb Code   252  stm32f4xx_hal_uart.o(i.UART_Receive_IT)
    i.UART_SetConfig                         0x08003dec   Section        0  stm32f4xx_hal_uart.o(i.UART_SetConfig)
    UART_SetConfig                           0x08003ded   Thumb Code   546  stm32f4xx_hal_uart.o(i.UART_SetConfig)
    i.UART_Start_Receive_IT                  0x08004018   Section        0  stm32f4xx_hal_uart.o(i.UART_Start_Receive_IT)
    i.UART_Transmit_IT                       0x08004058   Section        0  stm32f4xx_hal_uart.o(i.UART_Transmit_IT)
    UART_Transmit_IT                         0x08004059   Thumb Code    96  stm32f4xx_hal_uart.o(i.UART_Transmit_IT)
    i.UART_WaitOnFlagUntilTimeout            0x080040b8   Section        0  stm32f4xx_hal_uart.o(i.UART_WaitOnFlagUntilTimeout)
    UART_WaitOnFlagUntilTimeout              0x080040b9   Thumb Code   140  stm32f4xx_hal_uart.o(i.UART_WaitOnFlagUntilTimeout)
    i.USART1_IRQHandler                      0x08004144   Section        0  stm32f4xx_it.o(i.USART1_IRQHandler)
    i.USART2_IRQHandler                      0x08004154   Section        0  stm32f4xx_it.o(i.USART2_IRQHandler)
    i.USART3_IRQHandler                      0x08004164   Section        0  stm32f4xx_it.o(i.USART3_IRQHandler)
    i.USART6_IRQHandler                      0x08004174   Section        0  stm32f4xx_it.o(i.USART6_IRQHandler)
    i.UsageFault_Handler                     0x08004184   Section        0  stm32f4xx_it.o(i.UsageFault_Handler)
    i.__0printf$1                            0x08004188   Section        0  printf1.o(i.__0printf$1)
    i.__0sprintf$1                           0x080041a8   Section        0  printf1.o(i.__0sprintf$1)
    i.__ARM_fpclassifyf                      0x080041d0   Section        0  fpclassifyf.o(i.__ARM_fpclassifyf)
    i.__NVIC_GetPriorityGrouping             0x080041f8   Section        0  stm32f4xx_hal_cortex.o(i.__NVIC_GetPriorityGrouping)
    __NVIC_GetPriorityGrouping               0x080041f9   Thumb Code    10  stm32f4xx_hal_cortex.o(i.__NVIC_GetPriorityGrouping)
    i.__NVIC_SetPriority                     0x08004208   Section        0  stm32f4xx_hal_cortex.o(i.__NVIC_SetPriority)
    __NVIC_SetPriority                       0x08004209   Thumb Code    32  stm32f4xx_hal_cortex.o(i.__NVIC_SetPriority)
    i.__hardfp_sinf                          0x08004230   Section        0  sinf.o(i.__hardfp_sinf)
    i.__mathlib_flt_infnan                   0x080043c0   Section        0  funder.o(i.__mathlib_flt_infnan)
    i.__mathlib_flt_invalid                  0x080043c8   Section        0  funder.o(i.__mathlib_flt_invalid)
    i.__mathlib_flt_underflow                0x080043d8   Section        0  funder.o(i.__mathlib_flt_underflow)
    i.__mathlib_rredf2                       0x080043e8   Section        0  rredf.o(i.__mathlib_rredf2)
    i.__scatterload_copy                     0x0800453c   Section       14  handlers.o(i.__scatterload_copy)
    i.__scatterload_null                     0x0800454a   Section        2  handlers.o(i.__scatterload_null)
    i.__scatterload_zeroinit                 0x0800454c   Section       14  handlers.o(i.__scatterload_zeroinit)
    i.__set_errno                            0x0800455c   Section        0  errno.o(i.__set_errno)
    i._printf_core                           0x08004568   Section        0  printf1.o(i._printf_core)
    _printf_core                             0x08004569   Thumb Code   336  printf1.o(i._printf_core)
    i._sputc                                 0x080046bc   Section        0  printf1.o(i._sputc)
    _sputc                                   0x080046bd   Thumb Code    10  printf1.o(i._sputc)
    i.bitbuffer_to_num                       0x080046c8   Section        0  infrared1838.o(i.bitbuffer_to_num)
    bitbuffer_to_num                         0x080046c9   Thumb Code    74  infrared1838.o(i.bitbuffer_to_num)
    i.build_instruction_frame                0x0800471c   Section        0  wrist.o(i.build_instruction_frame)
    i.calculate_checksum                     0x080047c6   Section        0  wrist.o(i.calculate_checksum)
    i.finger_motion                          0x080047e4   Section        0  motion.o(i.finger_motion)
    i.finger_single_action                   0x0800497c   Section        0  motion.o(i.finger_single_action)
    i.fputc                                  0x08004bd8   Section        0  usart.o(i.fputc)
    i.init_uart_receive                      0x08004bf4   Section        0  usart.o(i.init_uart_receive)
    i.init_uart_receive1                     0x08004c08   Section        0  usart.o(i.init_uart_receive1)
    i.main                                   0x08004c1c   Section        0  main.o(i.main)
    i.modbus1_Send_Byte                      0x08004d6c   Section        0  rs485.o(i.modbus1_Send_Byte)
    i.modbus2_Event                          0x08004d80   Section        0  rs485.o(i.modbus2_Event)
    i.modbus2_Func16                         0x08004f1c   Section        0  rs485.o(i.modbus2_Func16)
    i.modbus2_Func3                          0x08004fe4   Section        0  rs485.o(i.modbus2_Func3)
    i.modbus2_Func6                          0x080050e0   Section        0  rs485.o(i.modbus2_Func6)
    i.modbus2_Init                           0x080051d8   Section        0  rs485.o(i.modbus2_Init)
    i.modbus2_Send_Byte                      0x0800522c   Section        0  rs485.o(i.modbus2_Send_Byte)
    i.send_uart_instruction_frame            0x08005240   Section        0  wrist.o(i.send_uart_instruction_frame)
    i.set_wrist_motion_Can                   0x080052e4   Section        0  wrist.o(i.set_wrist_motion_Can)
    i.updatePendulumSmartMotion              0x08005434   Section        0  wrist.o(i.updatePendulumSmartMotion)
    updatePendulumSmartMotion                0x08005435   Thumb Code   242  wrist.o(i.updatePendulumSmartMotion)
    i.updateRotationSmartMotion              0x0800553c   Section        0  wrist.o(i.updateRotationSmartMotion)
    updateRotationSmartMotion                0x0800553d   Thumb Code   392  wrist.o(i.updateRotationSmartMotion)
    i.updateSmartMotionControl               0x080056e8   Section        0  wrist.o(i.updateSmartMotionControl)
    i.vel_move                               0x08005790   Section        0  wrist.o(i.vel_move)
    i.vel_move1                              0x080057ec   Section        0  wrist.o(i.vel_move1)
    .constdata                               0x08005848   Section       10  main.o(.constdata)
    .constdata                               0x08005852   Section       24  system_stm32f4xx.o(.constdata)
    .constdata                               0x0800586a   Section      512  rs485_crc.o(.constdata)
    .constdata                               0x08005a6c   Section       32  rredf.o(.constdata)
    twooverpi                                0x08005a6c   Data          32  rredf.o(.constdata)
    .data                                    0x20000000   Section       12  main.o(.data)
    .data                                    0x2000000c   Section        4  tim.o(.data)
    .data                                    0x20000010   Section       14  usart.o(.data)
    rx_state                                 0x2000001c   Data           1  usart.o(.data)
    rx_state1                                0x2000001d   Data           1  usart.o(.data)
    .data                                    0x20000020   Section        9  stm32f4xx_hal.o(.data)
    .data                                    0x2000002c   Section        4  system_stm32f4xx.o(.data)
    .data                                    0x20000030   Section      248  rs485.o(.data)
    Action1_ban1                             0x20000030   Data         120  rs485.o(.data)
    Action1_ban2                             0x200000a8   Data         120  rs485.o(.data)
    last_dispatch_tick                       0x20000124   Data           4  rs485.o(.data)
    .data                                    0x20000128   Section       17  wrist.o(.data)
    motion_direction                         0x20000130   Data           1  wrist.o(.data)
    motion_step                              0x20000134   Data           4  wrist.o(.data)
    rotation_state                           0x20000138   Data           1  wrist.o(.data)
    .data                                    0x2000013c   Section       19  infrared1838.o(.data)
    .data                                    0x20000150   Section      640  motion.o(.data)
    .data                                    0x200003d0   Section       16  mycan.o(.data)
    g_hcan                                   0x200003d0   Data           4  mycan.o(.data)
    g_rx_callback                            0x200003d4   Data           4  mycan.o(.data)
    g_rx_count                               0x200003d8   Data           4  mycan.o(.data)
    g_tx_count                               0x200003dc   Data           4  mycan.o(.data)
    .data                                    0x200003e0   Section        4  stdout.o(.data)
    .data                                    0x200003e4   Section        4  errno.o(.data)
    _errno                                   0x200003e4   Data           4  errno.o(.data)
    .bss                                     0x200003e8   Section       40  can.o(.bss)
    .bss                                     0x20000410   Section      216  tim.o(.bss)
    .bss                                     0x200004e8   Section      440  usart.o(.bss)
    .bss                                     0x200006a0   Section      672  rs485.o(.bss)
    .bss                                     0x20000940   Section      100  wrist.o(.bss)
    .bss                                     0x200009a4   Section       66  infrared1838.o(.bss)
    frameBuffer                              0x200009a4   Data          66  infrared1838.o(.bss)
    STACK                                    0x200009e8   Section     1024  startup_stm32f407xx.o(STACK)

    Global Symbols

    Symbol Name                              Value     Ov Type        Size  Object(Section)

    BuildAttributes$$THM_ISAv4$E$P$D$K$B$S$7EM$VFPi3$EXTD16$VFPS$VFMA$PE$A:L22UL41UL21$X:L11$S22US41US21$IEEE1$IW$USESV6$~STKCKD$USESV7$~SHL$OTIME$ROPI$IEEEX$EBA8$MICROLIB$REQ8$PRES8$EABIv2 0x00000000   Number         0  anon$$obj.o ABSOLUTE
    __ARM_use_no_argv                        0x00000000   Number         0  main.o ABSOLUTE
    _printf_a                                0x00000000   Number         0  stubs.o ABSOLUTE
    _printf_c                                0x00000000   Number         0  stubs.o ABSOLUTE
    _printf_charcount                        0x00000000   Number         0  stubs.o ABSOLUTE
    _printf_d                                0x00000000   Number         0  stubs.o ABSOLUTE
    _printf_e                                0x00000000   Number         0  stubs.o ABSOLUTE
    _printf_f                                0x00000000   Number         0  stubs.o ABSOLUTE
    _printf_flags                            0x00000000   Number         0  stubs.o ABSOLUTE
    _printf_fp_dec                           0x00000000   Number         0  stubs.o ABSOLUTE
    _printf_fp_hex                           0x00000000   Number         0  stubs.o ABSOLUTE
    _printf_g                                0x00000000   Number         0  stubs.o ABSOLUTE
    _printf_i                                0x00000000   Number         0  stubs.o ABSOLUTE
    _printf_int_dec                          0x00000000   Number         0  stubs.o ABSOLUTE
    _printf_l                                0x00000000   Number         0  stubs.o ABSOLUTE
    _printf_lc                               0x00000000   Number         0  stubs.o ABSOLUTE
    _printf_ll                               0x00000000   Number         0  stubs.o ABSOLUTE
    _printf_lld                              0x00000000   Number         0  stubs.o ABSOLUTE
    _printf_lli                              0x00000000   Number         0  stubs.o ABSOLUTE
    _printf_llo                              0x00000000   Number         0  stubs.o ABSOLUTE
    _printf_llu                              0x00000000   Number         0  stubs.o ABSOLUTE
    _printf_llx                              0x00000000   Number         0  stubs.o ABSOLUTE
    _printf_longlong_dec                     0x00000000   Number         0  stubs.o ABSOLUTE
    _printf_longlong_hex                     0x00000000   Number         0  stubs.o ABSOLUTE
    _printf_longlong_oct                     0x00000000   Number         0  stubs.o ABSOLUTE
    _printf_ls                               0x00000000   Number         0  stubs.o ABSOLUTE
    _printf_mbtowc                           0x00000000   Number         0  stubs.o ABSOLUTE
    _printf_n                                0x00000000   Number         0  stubs.o ABSOLUTE
    _printf_o                                0x00000000   Number         0  stubs.o ABSOLUTE
    _printf_p                                0x00000000   Number         0  stubs.o ABSOLUTE
    _printf_percent                          0x00000000   Number         0  stubs.o ABSOLUTE
    _printf_pre_padding                      0x00000000   Number         0  stubs.o ABSOLUTE
    _printf_return_value                     0x00000000   Number         0  stubs.o ABSOLUTE
    _printf_s                                0x00000000   Number         0  stubs.o ABSOLUTE
    _printf_sizespec                         0x00000000   Number         0  stubs.o ABSOLUTE
    _printf_str                              0x00000000   Number         0  stubs.o ABSOLUTE
    _printf_truncate_signed                  0x00000000   Number         0  stubs.o ABSOLUTE
    _printf_truncate_unsigned                0x00000000   Number         0  stubs.o ABSOLUTE
    _printf_u                                0x00000000   Number         0  stubs.o ABSOLUTE
    _printf_wc                               0x00000000   Number         0  stubs.o ABSOLUTE
    _printf_wctomb                           0x00000000   Number         0  stubs.o ABSOLUTE
    _printf_widthprec                        0x00000000   Number         0  stubs.o ABSOLUTE
    _printf_x                                0x00000000   Number         0  stubs.o ABSOLUTE
    __arm_fini_                               - Undefined Weak Reference
    __cpp_initialize__aeabi_                  - Undefined Weak Reference
    __cxa_finalize                            - Undefined Weak Reference
    _clock_init                               - Undefined Weak Reference
    _microlib_exit                            - Undefined Weak Reference
    __Vectors_Size                           0x00000188   Number         0  startup_stm32f407xx.o ABSOLUTE
    __Vectors                                0x08000000   Data           4  startup_stm32f407xx.o(RESET)
    __Vectors_End                            0x08000188   Data           0  startup_stm32f407xx.o(RESET)
    __main                                   0x08000189   Thumb Code     0  entry.o(.ARM.Collect$$$$00000000)
    _main_stk                                0x08000189   Thumb Code     0  entry2.o(.ARM.Collect$$$$00000001)
    _main_scatterload                        0x0800018d   Thumb Code     0  entry5.o(.ARM.Collect$$$$00000004)
    __main_after_scatterload                 0x08000191   Thumb Code     0  entry5.o(.ARM.Collect$$$$00000004)
    _main_clock                              0x08000191   Thumb Code     0  entry7b.o(.ARM.Collect$$$$00000008)
    _main_cpp_init                           0x08000191   Thumb Code     0  entry8b.o(.ARM.Collect$$$$0000000A)
    _main_init                               0x08000191   Thumb Code     0  entry9a.o(.ARM.Collect$$$$0000000B)
    __rt_lib_shutdown_fini                   0x08000199   Thumb Code     0  entry12b.o(.ARM.Collect$$$$0000000E)
    __rt_final_cpp                           0x0800019d   Thumb Code     0  entry10a.o(.ARM.Collect$$$$0000000F)
    __rt_final_exit                          0x0800019d   Thumb Code     0  entry11a.o(.ARM.Collect$$$$00000011)
    Reset_Handler                            0x080001a1   Thumb Code     8  startup_stm32f407xx.o(.text)
    ADC_IRQHandler                           0x080001bb   Thumb Code     0  startup_stm32f407xx.o(.text)
    CAN1_SCE_IRQHandler                      0x080001bb   Thumb Code     0  startup_stm32f407xx.o(.text)
    CAN1_TX_IRQHandler                       0x080001bb   Thumb Code     0  startup_stm32f407xx.o(.text)
    CAN2_RX0_IRQHandler                      0x080001bb   Thumb Code     0  startup_stm32f407xx.o(.text)
    CAN2_RX1_IRQHandler                      0x080001bb   Thumb Code     0  startup_stm32f407xx.o(.text)
    CAN2_SCE_IRQHandler                      0x080001bb   Thumb Code     0  startup_stm32f407xx.o(.text)
    CAN2_TX_IRQHandler                       0x080001bb   Thumb Code     0  startup_stm32f407xx.o(.text)
    DCMI_IRQHandler                          0x080001bb   Thumb Code     0  startup_stm32f407xx.o(.text)
    DMA1_Stream0_IRQHandler                  0x080001bb   Thumb Code     0  startup_stm32f407xx.o(.text)
    DMA1_Stream1_IRQHandler                  0x080001bb   Thumb Code     0  startup_stm32f407xx.o(.text)
    DMA1_Stream2_IRQHandler                  0x080001bb   Thumb Code     0  startup_stm32f407xx.o(.text)
    DMA1_Stream3_IRQHandler                  0x080001bb   Thumb Code     0  startup_stm32f407xx.o(.text)
    DMA1_Stream4_IRQHandler                  0x080001bb   Thumb Code     0  startup_stm32f407xx.o(.text)
    DMA1_Stream5_IRQHandler                  0x080001bb   Thumb Code     0  startup_stm32f407xx.o(.text)
    DMA1_Stream6_IRQHandler                  0x080001bb   Thumb Code     0  startup_stm32f407xx.o(.text)
    DMA1_Stream7_IRQHandler                  0x080001bb   Thumb Code     0  startup_stm32f407xx.o(.text)
    DMA2_Stream0_IRQHandler                  0x080001bb   Thumb Code     0  startup_stm32f407xx.o(.text)
    DMA2_Stream1_IRQHandler                  0x080001bb   Thumb Code     0  startup_stm32f407xx.o(.text)
    DMA2_Stream2_IRQHandler                  0x080001bb   Thumb Code     0  startup_stm32f407xx.o(.text)
    DMA2_Stream3_IRQHandler                  0x080001bb   Thumb Code     0  startup_stm32f407xx.o(.text)
    DMA2_Stream4_IRQHandler                  0x080001bb   Thumb Code     0  startup_stm32f407xx.o(.text)
    DMA2_Stream5_IRQHandler                  0x080001bb   Thumb Code     0  startup_stm32f407xx.o(.text)
    DMA2_Stream6_IRQHandler                  0x080001bb   Thumb Code     0  startup_stm32f407xx.o(.text)
    DMA2_Stream7_IRQHandler                  0x080001bb   Thumb Code     0  startup_stm32f407xx.o(.text)
    ETH_IRQHandler                           0x080001bb   Thumb Code     0  startup_stm32f407xx.o(.text)
    ETH_WKUP_IRQHandler                      0x080001bb   Thumb Code     0  startup_stm32f407xx.o(.text)
    EXTI0_IRQHandler                         0x080001bb   Thumb Code     0  startup_stm32f407xx.o(.text)
    EXTI15_10_IRQHandler                     0x080001bb   Thumb Code     0  startup_stm32f407xx.o(.text)
    EXTI1_IRQHandler                         0x080001bb   Thumb Code     0  startup_stm32f407xx.o(.text)
    EXTI2_IRQHandler                         0x080001bb   Thumb Code     0  startup_stm32f407xx.o(.text)
    EXTI3_IRQHandler                         0x080001bb   Thumb Code     0  startup_stm32f407xx.o(.text)
    EXTI4_IRQHandler                         0x080001bb   Thumb Code     0  startup_stm32f407xx.o(.text)
    EXTI9_5_IRQHandler                       0x080001bb   Thumb Code     0  startup_stm32f407xx.o(.text)
    FLASH_IRQHandler                         0x080001bb   Thumb Code     0  startup_stm32f407xx.o(.text)
    FMC_IRQHandler                           0x080001bb   Thumb Code     0  startup_stm32f407xx.o(.text)
    FPU_IRQHandler                           0x080001bb   Thumb Code     0  startup_stm32f407xx.o(.text)
    HASH_RNG_IRQHandler                      0x080001bb   Thumb Code     0  startup_stm32f407xx.o(.text)
    I2C1_ER_IRQHandler                       0x080001bb   Thumb Code     0  startup_stm32f407xx.o(.text)
    I2C1_EV_IRQHandler                       0x080001bb   Thumb Code     0  startup_stm32f407xx.o(.text)
    I2C2_ER_IRQHandler                       0x080001bb   Thumb Code     0  startup_stm32f407xx.o(.text)
    I2C2_EV_IRQHandler                       0x080001bb   Thumb Code     0  startup_stm32f407xx.o(.text)
    I2C3_ER_IRQHandler                       0x080001bb   Thumb Code     0  startup_stm32f407xx.o(.text)
    I2C3_EV_IRQHandler                       0x080001bb   Thumb Code     0  startup_stm32f407xx.o(.text)
    OTG_FS_IRQHandler                        0x080001bb   Thumb Code     0  startup_stm32f407xx.o(.text)
    OTG_FS_WKUP_IRQHandler                   0x080001bb   Thumb Code     0  startup_stm32f407xx.o(.text)
    OTG_HS_EP1_IN_IRQHandler                 0x080001bb   Thumb Code     0  startup_stm32f407xx.o(.text)
    OTG_HS_EP1_OUT_IRQHandler                0x080001bb   Thumb Code     0  startup_stm32f407xx.o(.text)
    OTG_HS_IRQHandler                        0x080001bb   Thumb Code     0  startup_stm32f407xx.o(.text)
    OTG_HS_WKUP_IRQHandler                   0x080001bb   Thumb Code     0  startup_stm32f407xx.o(.text)
    PVD_IRQHandler                           0x080001bb   Thumb Code     0  startup_stm32f407xx.o(.text)
    RCC_IRQHandler                           0x080001bb   Thumb Code     0  startup_stm32f407xx.o(.text)
    RTC_Alarm_IRQHandler                     0x080001bb   Thumb Code     0  startup_stm32f407xx.o(.text)
    RTC_WKUP_IRQHandler                      0x080001bb   Thumb Code     0  startup_stm32f407xx.o(.text)
    SDIO_IRQHandler                          0x080001bb   Thumb Code     0  startup_stm32f407xx.o(.text)
    SPI1_IRQHandler                          0x080001bb   Thumb Code     0  startup_stm32f407xx.o(.text)
    SPI2_IRQHandler                          0x080001bb   Thumb Code     0  startup_stm32f407xx.o(.text)
    SPI3_IRQHandler                          0x080001bb   Thumb Code     0  startup_stm32f407xx.o(.text)
    TAMP_STAMP_IRQHandler                    0x080001bb   Thumb Code     0  startup_stm32f407xx.o(.text)
    TIM1_BRK_TIM9_IRQHandler                 0x080001bb   Thumb Code     0  startup_stm32f407xx.o(.text)
    TIM1_CC_IRQHandler                       0x080001bb   Thumb Code     0  startup_stm32f407xx.o(.text)
    TIM1_TRG_COM_TIM11_IRQHandler            0x080001bb   Thumb Code     0  startup_stm32f407xx.o(.text)
    TIM1_UP_TIM10_IRQHandler                 0x080001bb   Thumb Code     0  startup_stm32f407xx.o(.text)
    TIM4_IRQHandler                          0x080001bb   Thumb Code     0  startup_stm32f407xx.o(.text)
    TIM5_IRQHandler                          0x080001bb   Thumb Code     0  startup_stm32f407xx.o(.text)
    TIM6_DAC_IRQHandler                      0x080001bb   Thumb Code     0  startup_stm32f407xx.o(.text)
    TIM8_BRK_TIM12_IRQHandler                0x080001bb   Thumb Code     0  startup_stm32f407xx.o(.text)
    TIM8_CC_IRQHandler                       0x080001bb   Thumb Code     0  startup_stm32f407xx.o(.text)
    TIM8_TRG_COM_TIM14_IRQHandler            0x080001bb   Thumb Code     0  startup_stm32f407xx.o(.text)
    TIM8_UP_TIM13_IRQHandler                 0x080001bb   Thumb Code     0  startup_stm32f407xx.o(.text)
    UART4_IRQHandler                         0x080001bb   Thumb Code     0  startup_stm32f407xx.o(.text)
    UART5_IRQHandler                         0x080001bb   Thumb Code     0  startup_stm32f407xx.o(.text)
    WWDG_IRQHandler                          0x080001bb   Thumb Code     0  startup_stm32f407xx.o(.text)
    __aeabi_uldivmod                         0x080001c5   Thumb Code    98  uldiv.o(.text)
    __aeabi_memcpy                           0x08000227   Thumb Code    36  memcpya.o(.text)
    __aeabi_memcpy4                          0x08000227   Thumb Code     0  memcpya.o(.text)
    __aeabi_memcpy8                          0x08000227   Thumb Code     0  memcpya.o(.text)
    __aeabi_memset                           0x0800024b   Thumb Code    14  memseta.o(.text)
    __aeabi_memset4                          0x0800024b   Thumb Code     0  memseta.o(.text)
    __aeabi_memset8                          0x0800024b   Thumb Code     0  memseta.o(.text)
    __aeabi_memclr                           0x08000259   Thumb Code     4  memseta.o(.text)
    __aeabi_memclr4                          0x08000259   Thumb Code     0  memseta.o(.text)
    __aeabi_memclr8                          0x08000259   Thumb Code     0  memseta.o(.text)
    _memset$wrapper                          0x0800025d   Thumb Code    18  memseta.o(.text)
    strcat                                   0x0800026f   Thumb Code    24  strcat.o(.text)
    strlen                                   0x08000287   Thumb Code    14  strlen.o(.text)
    __aeabi_uidiv                            0x08000295   Thumb Code     0  uidiv.o(.text)
    __aeabi_uidivmod                         0x08000295   Thumb Code    44  uidiv.o(.text)
    __aeabi_llsl                             0x080002c1   Thumb Code    30  llshl.o(.text)
    _ll_shift_l                              0x080002c1   Thumb Code     0  llshl.o(.text)
    __aeabi_llsr                             0x080002df   Thumb Code    32  llushr.o(.text)
    _ll_ushift_r                             0x080002df   Thumb Code     0  llushr.o(.text)
    __I$use$fp                               0x080002ff   Thumb Code     0  iusefp.o(.text)
    __scatterload                            0x08000301   Thumb Code    28  init.o(.text)
    __scatterload_rt2                        0x08000301   Thumb Code     0  init.o(.text)
    __decompress                             0x08000325   Thumb Code     0  __dclz77c.o(.text)
    __decompress2                            0x08000325   Thumb Code    94  __dclz77c.o(.text)
    BusFault_Handler                         0x08000383   Thumb Code     4  stm32f4xx_it.o(i.BusFault_Handler)
    CAN1_RX0_IRQHandler                      0x08000389   Thumb Code    10  stm32f4xx_it.o(i.CAN1_RX0_IRQHandler)
    CAN1_RX1_IRQHandler                      0x08000399   Thumb Code    10  stm32f4xx_it.o(i.CAN1_RX1_IRQHandler)
    DebugMon_Handler                         0x080003a9   Thumb Code     2  stm32f4xx_it.o(i.DebugMon_Handler)
    Error_Handler                            0x080003ab   Thumb Code     6  main.o(i.Error_Handler)
    HAL_CAN_ActivateNotification             0x080003b1   Thumb Code    42  stm32f4xx_hal_can.o(i.HAL_CAN_ActivateNotification)
    HAL_CAN_AddTxMessage                     0x080003db   Thumb Code   330  stm32f4xx_hal_can.o(i.HAL_CAN_AddTxMessage)
    HAL_CAN_ConfigFilter                     0x08000525   Thumb Code   284  stm32f4xx_hal_can.o(i.HAL_CAN_ConfigFilter)
    HAL_CAN_ErrorCallback                    0x08000645   Thumb Code     2  stm32f4xx_hal_can.o(i.HAL_CAN_ErrorCallback)
    HAL_CAN_GetRxMessage                     0x08000647   Thumb Code   404  stm32f4xx_hal_can.o(i.HAL_CAN_GetRxMessage)
    HAL_CAN_IRQHandler                       0x080007db   Thumb Code   590  stm32f4xx_hal_can.o(i.HAL_CAN_IRQHandler)
    HAL_CAN_Init                             0x08000a29   Thumb Code   372  stm32f4xx_hal_can.o(i.HAL_CAN_Init)
    HAL_CAN_MspInit                          0x08000b9d   Thumb Code   156  can.o(i.HAL_CAN_MspInit)
    HAL_CAN_RxFifo0FullCallback              0x08000c45   Thumb Code     2  stm32f4xx_hal_can.o(i.HAL_CAN_RxFifo0FullCallback)
    HAL_CAN_RxFifo0MsgPendingCallback        0x08000c49   Thumb Code    20  stm32f4xx_it.o(i.HAL_CAN_RxFifo0MsgPendingCallback)
    HAL_CAN_RxFifo1FullCallback              0x08000c61   Thumb Code     2  stm32f4xx_hal_can.o(i.HAL_CAN_RxFifo1FullCallback)
    HAL_CAN_RxFifo1MsgPendingCallback        0x08000c65   Thumb Code    20  stm32f4xx_it.o(i.HAL_CAN_RxFifo1MsgPendingCallback)
    HAL_CAN_SleepCallback                    0x08000c7d   Thumb Code     2  stm32f4xx_hal_can.o(i.HAL_CAN_SleepCallback)
    HAL_CAN_Start                            0x08000c7f   Thumb Code    94  stm32f4xx_hal_can.o(i.HAL_CAN_Start)
    HAL_CAN_TxMailbox0AbortCallback          0x08000cdd   Thumb Code     2  stm32f4xx_hal_can.o(i.HAL_CAN_TxMailbox0AbortCallback)
    HAL_CAN_TxMailbox0CompleteCallback       0x08000cdf   Thumb Code     2  stm32f4xx_hal_can.o(i.HAL_CAN_TxMailbox0CompleteCallback)
    HAL_CAN_TxMailbox1AbortCallback          0x08000ce1   Thumb Code     2  stm32f4xx_hal_can.o(i.HAL_CAN_TxMailbox1AbortCallback)
    HAL_CAN_TxMailbox1CompleteCallback       0x08000ce3   Thumb Code     2  stm32f4xx_hal_can.o(i.HAL_CAN_TxMailbox1CompleteCallback)
    HAL_CAN_TxMailbox2AbortCallback          0x08000ce5   Thumb Code     2  stm32f4xx_hal_can.o(i.HAL_CAN_TxMailbox2AbortCallback)
    HAL_CAN_TxMailbox2CompleteCallback       0x08000ce7   Thumb Code     2  stm32f4xx_hal_can.o(i.HAL_CAN_TxMailbox2CompleteCallback)
    HAL_CAN_WakeUpFromRxMsgCallback          0x08000ce9   Thumb Code     2  stm32f4xx_hal_can.o(i.HAL_CAN_WakeUpFromRxMsgCallback)
    HAL_DMA_Abort                            0x08000ceb   Thumb Code   172  stm32f4xx_hal_dma.o(i.HAL_DMA_Abort)
    HAL_DMA_Abort_IT                         0x08000d97   Thumb Code    40  stm32f4xx_hal_dma.o(i.HAL_DMA_Abort_IT)
    HAL_Delay                                0x08000dc1   Thumb Code    36  stm32f4xx_hal.o(i.HAL_Delay)
    HAL_GPIO_Init                            0x08000de9   Thumb Code   454  stm32f4xx_hal_gpio.o(i.HAL_GPIO_Init)
    HAL_GPIO_WritePin                        0x08000fdd   Thumb Code    12  stm32f4xx_hal_gpio.o(i.HAL_GPIO_WritePin)
    HAL_GetTick                              0x08000fe9   Thumb Code     6  stm32f4xx_hal.o(i.HAL_GetTick)
    HAL_IncTick                              0x08000ff5   Thumb Code    16  stm32f4xx_hal.o(i.HAL_IncTick)
    HAL_Init                                 0x0800100d   Thumb Code    54  stm32f4xx_hal.o(i.HAL_Init)
    HAL_InitTick                             0x08001049   Thumb Code    64  stm32f4xx_hal.o(i.HAL_InitTick)
    HAL_MspInit                              0x08001095   Thumb Code    68  stm32f4xx_hal_msp.o(i.HAL_MspInit)
    HAL_NVIC_EnableIRQ                       0x080010dd   Thumb Code    40  stm32f4xx_hal_cortex.o(i.HAL_NVIC_EnableIRQ)
    HAL_NVIC_SetPriority                     0x08001105   Thumb Code   124  stm32f4xx_hal_cortex.o(i.HAL_NVIC_SetPriority)
    HAL_NVIC_SetPriorityGrouping             0x08001181   Thumb Code    32  stm32f4xx_hal_cortex.o(i.HAL_NVIC_SetPriorityGrouping)
    HAL_RCC_ClockConfig                      0x080011a9   Thumb Code   368  stm32f4xx_hal_rcc.o(i.HAL_RCC_ClockConfig)
    HAL_RCC_GetHCLKFreq                      0x0800132d   Thumb Code     6  stm32f4xx_hal_rcc.o(i.HAL_RCC_GetHCLKFreq)
    HAL_RCC_GetPCLK1Freq                     0x08001339   Thumb Code    22  stm32f4xx_hal_rcc.o(i.HAL_RCC_GetPCLK1Freq)
    HAL_RCC_GetPCLK2Freq                     0x08001359   Thumb Code    22  stm32f4xx_hal_rcc.o(i.HAL_RCC_GetPCLK2Freq)
    HAL_RCC_GetSysClockFreq                  0x08001379   Thumb Code   162  stm32f4xx_hal_rcc.o(i.HAL_RCC_GetSysClockFreq)
    HAL_RCC_OscConfig                        0x08001429   Thumb Code  1172  stm32f4xx_hal_rcc.o(i.HAL_RCC_OscConfig)
    HAL_SYSTICK_Config                       0x080018c5   Thumb Code    52  stm32f4xx_hal_cortex.o(i.HAL_SYSTICK_Config)
    HAL_TIMEx_BreakCallback                  0x080018f9   Thumb Code     2  stm32f4xx_hal_tim_ex.o(i.HAL_TIMEx_BreakCallback)
    HAL_TIMEx_CommutCallback                 0x080018fb   Thumb Code     2  stm32f4xx_hal_tim_ex.o(i.HAL_TIMEx_CommutCallback)
    HAL_TIMEx_MasterConfigSynchronization    0x080018fd   Thumb Code   150  stm32f4xx_hal_tim_ex.o(i.HAL_TIMEx_MasterConfigSynchronization)
    HAL_TIM_Base_Init                        0x080019b1   Thumb Code   102  stm32f4xx_hal_tim.o(i.HAL_TIM_Base_Init)
    HAL_TIM_Base_MspInit                     0x08001a19   Thumb Code   252  tim.o(i.HAL_TIM_Base_MspInit)
    HAL_TIM_Base_Start_IT                    0x08001b25   Thumb Code   138  stm32f4xx_hal_tim.o(i.HAL_TIM_Base_Start_IT)
    HAL_TIM_ConfigClockSource                0x08001bcd   Thumb Code   268  stm32f4xx_hal_tim.o(i.HAL_TIM_ConfigClockSource)
    HAL_TIM_IC_CaptureCallback               0x08001cd9   Thumb Code   242  infrared1838.o(i.HAL_TIM_IC_CaptureCallback)
    HAL_TIM_IC_ConfigChannel                 0x08001ded   Thumb Code   222  stm32f4xx_hal_tim.o(i.HAL_TIM_IC_ConfigChannel)
    HAL_TIM_IC_Init                          0x08001ecb   Thumb Code   102  stm32f4xx_hal_tim.o(i.HAL_TIM_IC_Init)
    HAL_TIM_IC_MspInit                       0x08001f31   Thumb Code     2  stm32f4xx_hal_tim.o(i.HAL_TIM_IC_MspInit)
    HAL_TIM_IC_Start_IT                      0x08001f35   Thumb Code   372  stm32f4xx_hal_tim.o(i.HAL_TIM_IC_Start_IT)
    HAL_TIM_IRQHandler                       0x080020c5   Thumb Code   364  stm32f4xx_hal_tim.o(i.HAL_TIM_IRQHandler)
    HAL_TIM_OC_DelayElapsedCallback          0x08002231   Thumb Code     2  stm32f4xx_hal_tim.o(i.HAL_TIM_OC_DelayElapsedCallback)
    HAL_TIM_PWM_PulseFinishedCallback        0x08002233   Thumb Code     2  stm32f4xx_hal_tim.o(i.HAL_TIM_PWM_PulseFinishedCallback)
    HAL_TIM_PeriodElapsedCallback            0x08002235   Thumb Code   152  main.o(i.HAL_TIM_PeriodElapsedCallback)
    HAL_TIM_ReadCapturedValue                0x080022e9   Thumb Code    50  stm32f4xx_hal_tim.o(i.HAL_TIM_ReadCapturedValue)
    HAL_TIM_TriggerCallback                  0x0800231b   Thumb Code     2  stm32f4xx_hal_tim.o(i.HAL_TIM_TriggerCallback)
    HAL_UARTEx_RxEventCallback               0x0800231d   Thumb Code     2  stm32f4xx_hal_uart.o(i.HAL_UARTEx_RxEventCallback)
    HAL_UART_ErrorCallback                   0x0800231f   Thumb Code     2  stm32f4xx_hal_uart.o(i.HAL_UART_ErrorCallback)
    HAL_UART_IRQHandler                      0x08002321   Thumb Code   772  stm32f4xx_hal_uart.o(i.HAL_UART_IRQHandler)
    HAL_UART_Init                            0x08002629   Thumb Code   118  stm32f4xx_hal_uart.o(i.HAL_UART_Init)
    HAL_UART_MspInit                         0x080026a1   Thumb Code   624  usart.o(i.HAL_UART_MspInit)
    HAL_UART_Receive_IT                      0x08002939   Thumb Code    44  stm32f4xx_hal_uart.o(i.HAL_UART_Receive_IT)
    HAL_UART_RxCpltCallback                  0x08002965   Thumb Code   810  usart.o(i.HAL_UART_RxCpltCallback)
    HAL_UART_Transmit                        0x08002cd5   Thumb Code   190  stm32f4xx_hal_uart.o(i.HAL_UART_Transmit)
    HAL_UART_TxCpltCallback                  0x08002d93   Thumb Code     2  stm32f4xx_hal_uart.o(i.HAL_UART_TxCpltCallback)
    HardFault_Handler                        0x08002d95   Thumb Code     4  stm32f4xx_it.o(i.HardFault_Handler)
    Host_write16_slave                       0x08002d99   Thumb Code   308  rs485.o(i.Host_write16_slave)
    InfraredRemote_DumpFrame                 0x08002ed5   Thumb Code    90  infrared1838.o(i.InfraredRemote_DumpFrame)
    InfraredRemote_Get_KeyNum                0x08002f41   Thumb Code    20  infrared1838.o(i.InfraredRemote_Get_KeyNum)
    Infrared_Signal_Processing_Function      0x08002f5d   Thumb Code   456  main.o(i.Infrared_Signal_Processing_Function)
    MX_CAN1_Init                             0x08003151   Thumb Code    68  can.o(i.MX_CAN1_Init)
    MX_GPIO_Init                             0x0800319d   Thumb Code   230  gpio.o(i.MX_GPIO_Init)
    MX_TIM2_Init                             0x0800328d   Thumb Code   102  tim.o(i.MX_TIM2_Init)
    MX_TIM3_Init                             0x080032f9   Thumb Code   150  tim.o(i.MX_TIM3_Init)
    MX_TIM7_Init                             0x08003399   Thumb Code    66  tim.o(i.MX_TIM7_Init)
    MX_UART4_Init                            0x080033e5   Thumb Code    46  usart.o(i.MX_UART4_Init)
    MX_USART1_UART_Init                      0x0800341d   Thumb Code    46  usart.o(i.MX_USART1_UART_Init)
    MX_USART2_UART_Init                      0x08003455   Thumb Code    46  usart.o(i.MX_USART2_UART_Init)
    MX_USART3_UART_Init                      0x0800348d   Thumb Code    46  usart.o(i.MX_USART3_UART_Init)
    MX_USART6_UART_Init                      0x080034c5   Thumb Code    46  usart.o(i.MX_USART6_UART_Init)
    MemManage_Handler                        0x080034fd   Thumb Code     4  stm32f4xx_it.o(i.MemManage_Handler)
    Modbus_CRC16                             0x08003501   Thumb Code    48  rs485_crc.o(i.Modbus_CRC16)
    Modbus_Slave_Dispatcher                  0x08003539   Thumb Code   106  rs485.o(i.Modbus_Slave_Dispatcher)
    MyCan_ConfigFilter_List16Bit             0x080035b1   Thumb Code   130  mycan.o(i.MyCan_ConfigFilter_List16Bit)
    MyCan_Init                               0x08003639   Thumb Code    20  mycan.o(i.MyCan_Init)
    MyCan_RxFifo0MsgPendingCallback          0x0800365d   Thumb Code   102  mycan.o(i.MyCan_RxFifo0MsgPendingCallback)
    MyCan_RxFifo1MsgPendingCallback          0x080036cd   Thumb Code   102  mycan.o(i.MyCan_RxFifo1MsgPendingCallback)
    MyCan_RxHandler                          0x0800373d   Thumb Code   196  main.o(i.MyCan_RxHandler)
    MyCan_SendStdData                        0x08003815   Thumb Code    80  mycan.o(i.MyCan_SendStdData)
    MyCan_Start                              0x0800386d   Thumb Code    32  mycan.o(i.MyCan_Start)
    NMI_Handler                              0x08003891   Thumb Code     4  stm32f4xx_it.o(i.NMI_Handler)
    PendSV_Handler                           0x08003895   Thumb Code     2  stm32f4xx_it.o(i.PendSV_Handler)
    SVC_Handler                              0x08003897   Thumb Code     2  stm32f4xx_it.o(i.SVC_Handler)
    SysTick_Handler                          0x08003899   Thumb Code     8  stm32f4xx_it.o(i.SysTick_Handler)
    SystemClock_Config                       0x080038a1   Thumb Code   174  main.o(i.SystemClock_Config)
    SystemInit                               0x08003959   Thumb Code    14  system_stm32f4xx.o(i.SystemInit)
    TIM2_IRQHandler                          0x0800396d   Thumb Code    10  stm32f4xx_it.o(i.TIM2_IRQHandler)
    TIM3_IRQHandler                          0x0800397d   Thumb Code    10  stm32f4xx_it.o(i.TIM3_IRQHandler)
    TIM7_IRQHandler                          0x0800398d   Thumb Code    10  stm32f4xx_it.o(i.TIM7_IRQHandler)
    TIM_Base_SetConfig                       0x0800399d   Thumb Code   178  stm32f4xx_hal_tim.o(i.TIM_Base_SetConfig)
    TIM_CCxChannelCmd                        0x08003a7d   Thumb Code    34  stm32f4xx_hal_tim.o(i.TIM_CCxChannelCmd)
    TIM_ETR_SetConfig                        0x08003a9f   Thumb Code    22  stm32f4xx_hal_tim.o(i.TIM_ETR_SetConfig)
    TIM_TI1_SetConfig                        0x08003aed   Thumb Code   114  stm32f4xx_hal_tim.o(i.TIM_TI1_SetConfig)
    UART_Start_Receive_IT                    0x08004019   Thumb Code    64  stm32f4xx_hal_uart.o(i.UART_Start_Receive_IT)
    USART1_IRQHandler                        0x08004145   Thumb Code    10  stm32f4xx_it.o(i.USART1_IRQHandler)
    USART2_IRQHandler                        0x08004155   Thumb Code    10  stm32f4xx_it.o(i.USART2_IRQHandler)
    USART3_IRQHandler                        0x08004165   Thumb Code    10  stm32f4xx_it.o(i.USART3_IRQHandler)
    USART6_IRQHandler                        0x08004175   Thumb Code    10  stm32f4xx_it.o(i.USART6_IRQHandler)
    UsageFault_Handler                       0x08004185   Thumb Code     4  stm32f4xx_it.o(i.UsageFault_Handler)
    __0printf$1                              0x08004189   Thumb Code    22  printf1.o(i.__0printf$1)
    __1printf$1                              0x08004189   Thumb Code     0  printf1.o(i.__0printf$1)
    __2printf                                0x08004189   Thumb Code     0  printf1.o(i.__0printf$1)
    __0sprintf$1                             0x080041a9   Thumb Code    34  printf1.o(i.__0sprintf$1)
    __1sprintf$1                             0x080041a9   Thumb Code     0  printf1.o(i.__0sprintf$1)
    __2sprintf                               0x080041a9   Thumb Code     0  printf1.o(i.__0sprintf$1)
    __ARM_fpclassifyf                        0x080041d1   Thumb Code    38  fpclassifyf.o(i.__ARM_fpclassifyf)
    __hardfp_sinf                            0x08004231   Thumb Code   344  sinf.o(i.__hardfp_sinf)
    __mathlib_flt_infnan                     0x080043c1   Thumb Code     6  funder.o(i.__mathlib_flt_infnan)
    __mathlib_flt_invalid                    0x080043c9   Thumb Code    10  funder.o(i.__mathlib_flt_invalid)
    __mathlib_flt_underflow                  0x080043d9   Thumb Code    10  funder.o(i.__mathlib_flt_underflow)
    __mathlib_rredf2                         0x080043e9   Thumb Code   316  rredf.o(i.__mathlib_rredf2)
    __scatterload_copy                       0x0800453d   Thumb Code    14  handlers.o(i.__scatterload_copy)
    __scatterload_null                       0x0800454b   Thumb Code     2  handlers.o(i.__scatterload_null)
    __scatterload_zeroinit                   0x0800454d   Thumb Code    14  handlers.o(i.__scatterload_zeroinit)
    __set_errno                              0x0800455d   Thumb Code     6  errno.o(i.__set_errno)
    build_instruction_frame                  0x0800471d   Thumb Code   170  wrist.o(i.build_instruction_frame)
    calculate_checksum                       0x080047c7   Thumb Code    28  wrist.o(i.calculate_checksum)
    finger_motion                            0x080047e5   Thumb Code   370  motion.o(i.finger_motion)
    finger_single_action                     0x0800497d   Thumb Code   578  motion.o(i.finger_single_action)
    fputc                                    0x08004bd9   Thumb Code    22  usart.o(i.fputc)
    init_uart_receive                        0x08004bf5   Thumb Code    16  usart.o(i.init_uart_receive)
    init_uart_receive1                       0x08004c09   Thumb Code    16  usart.o(i.init_uart_receive1)
    main                                     0x08004c1d   Thumb Code   260  main.o(i.main)
    modbus1_Send_Byte                        0x08004d6d   Thumb Code    16  rs485.o(i.modbus1_Send_Byte)
    modbus2_Event                            0x08004d81   Thumb Code   392  rs485.o(i.modbus2_Event)
    modbus2_Func16                           0x08004f1d   Thumb Code   192  rs485.o(i.modbus2_Func16)
    modbus2_Func3                            0x08004fe5   Thumb Code   244  rs485.o(i.modbus2_Func3)
    modbus2_Func6                            0x080050e1   Thumb Code   240  rs485.o(i.modbus2_Func6)
    modbus2_Init                             0x080051d9   Thumb Code    76  rs485.o(i.modbus2_Init)
    modbus2_Send_Byte                        0x0800522d   Thumb Code    16  rs485.o(i.modbus2_Send_Byte)
    send_uart_instruction_frame              0x08005241   Thumb Code   162  wrist.o(i.send_uart_instruction_frame)
    set_wrist_motion_Can                     0x080052e5   Thumb Code   322  wrist.o(i.set_wrist_motion_Can)
    updateSmartMotionControl                 0x080056e9   Thumb Code   146  wrist.o(i.updateSmartMotionControl)
    vel_move                                 0x08005791   Thumb Code    70  wrist.o(i.vel_move)
    vel_move1                                0x080057ed   Thumb Code    70  wrist.o(i.vel_move1)
    AHBPrescTable                            0x08005852   Data          16  system_stm32f4xx.o(.constdata)
    APBPrescTable                            0x08005862   Data           8  system_stm32f4xx.o(.constdata)
    auchCRCHi                                0x0800586a   Data         256  rs485_crc.o(.constdata)
    auchCRCLo                                0x0800596a   Data         256  rs485_crc.o(.constdata)
    Region$$Table$$Base                      0x08005a8c   Number         0  anon$$obj.o(Region$$Table)
    Region$$Table$$Limit                     0x08005aac   Number         0  anon$$obj.o(Region$$Table)
    key_num                                  0x20000000   Data           2  main.o(.data)
    motion_count                             0x20000002   Data           1  main.o(.data)
    can_motion_flag                          0x20000003   Data           1  main.o(.data)
    can_num                                  0x20000004   Data           1  main.o(.data)
    infrared_enable                          0x20000005   Data           1  main.o(.data)
    up_count                                 0x20000006   Data           1  main.o(.data)
    down_count                               0x20000007   Data           1  main.o(.data)
    right_count                              0x20000008   Data           1  main.o(.data)
    left_count                               0x20000009   Data           1  main.o(.data)
    led                                      0x2000000a   Data           1  main.o(.data)
    mode                                     0x2000000b   Data           1  main.o(.data)
    NUMGesture                               0x2000000c   Data           1  tim.o(.data)
    NUMAction                                0x2000000d   Data           1  tim.o(.data)
    NUMActionCycle                           0x2000000e   Data           1  tim.o(.data)
    NVICFlag                                 0x2000000f   Data           1  tim.o(.data)
    RES1                                     0x20000010   Data           1  usart.o(.data)
    RES2                                     0x20000011   Data           1  usart.o(.data)
    rx_state                                 0x20000012   Data           1  usart.o(.data)
    rx_state1                                0x20000013   Data           1  usart.o(.data)
    rx_index                                 0x20000014   Data           1  usart.o(.data)
    rx_index1                                0x20000015   Data           1  usart.o(.data)
    rx_data_length                           0x20000016   Data           1  usart.o(.data)
    rx_data_length1                          0x20000017   Data           1  usart.o(.data)
    received                                 0x20000018   Data           1  usart.o(.data)
    received1                                0x20000019   Data           1  usart.o(.data)
    ByteMotor1                               0x2000001a   Data           1  usart.o(.data)
    ByteMotor2                               0x2000001b   Data           1  usart.o(.data)
    uwTick                                   0x20000020   Data           4  stm32f4xx_hal.o(.data)
    uwTickPrio                               0x20000024   Data           4  stm32f4xx_hal.o(.data)
    uwTickFreq                               0x20000028   Data           1  stm32f4xx_hal.o(.data)
    SystemCoreClock                          0x2000002c   Data           4  system_stm32f4xx.o(.data)
    pending_slave_dispatch                   0x20000120   Data           1  rs485.o(.data)
    wrist_enabled                            0x20000128   Data           1  wrist.o(.data)
    wrist_enabled_constand                   0x20000129   Data           1  wrist.o(.data)
    current_mode                             0x2000012a   Data           1  wrist.o(.data)
    motion_active                            0x2000012b   Data           1  wrist.o(.data)
    cycle_time                               0x2000012c   Data           2  wrist.o(.data)
    cycle_time_R                             0x2000012e   Data           2  wrist.o(.data)
    valueUp                                  0x2000013c   Data           4  infrared1838.o(.data)
    valueDown                                0x20000140   Data           4  infrared1838.o(.data)
    isUpCapture                              0x20000144   Data           1  infrared1838.o(.data)
    PluseWidth                               0x20000146   Data           2  infrared1838.o(.data)
    bufferID                                 0x20000148   Data           2  infrared1838.o(.data)
    rcvFlag                                  0x2000014a   Data           1  infrared1838.o(.data)
    num                                      0x2000014b   Data           4  infrared1838.o(.data)
    Action1_ban1                             0x20000150   Data         130  motion.o(.data)
    Action1_ban2                             0x200001d2   Data         130  motion.o(.data)
    Action2_ban1                             0x20000254   Data          90  motion.o(.data)
    Action2_ban2                             0x200002ae   Data          90  motion.o(.data)
    Action3_ban1                             0x20000308   Data          60  motion.o(.data)
    Action3_ban2                             0x20000344   Data          60  motion.o(.data)
    Action4_ban1                             0x20000380   Data          30  motion.o(.data)
    Action4_ban2                             0x2000039e   Data          30  motion.o(.data)
    shake_hand1                              0x200003bc   Data          10  motion.o(.data)
    shake_hand2                              0x200003c6   Data          10  motion.o(.data)
    __stdout                                 0x200003e0   Data           4  stdout.o(.data)
    hcan1                                    0x200003e8   Data          40  can.o(.bss)
    htim2                                    0x20000410   Data          72  tim.o(.bss)
    htim3                                    0x20000458   Data          72  tim.o(.bss)
    htim7                                    0x200004a0   Data          72  tim.o(.bss)
    rx_buffer                                0x200004e8   Data          40  usart.o(.bss)
    rx_buffer1                               0x20000510   Data          40  usart.o(.bss)
    huart4                                   0x20000538   Data          72  usart.o(.bss)
    huart1                                   0x20000580   Data          72  usart.o(.bss)
    huart2                                   0x200005c8   Data          72  usart.o(.bss)
    huart3                                   0x20000610   Data          72  usart.o(.bss)
    huart6                                   0x20000658   Data          72  usart.o(.bss)
    modbus1                                  0x200006a0   Data         236  rs485.o(.bss)
    modbus2                                  0x2000078c   Data         236  rs485.o(.bss)
    Reg                                      0x20000878   Data         200  rs485.o(.bss)
    fraMotor1                                0x20000940   Data          50  wrist.o(.bss)
    fraMotor2                                0x20000972   Data          50  wrist.o(.bss)
    __initial_sp                             0x20000de8   Data           0  startup_stm32f407xx.o(STACK)



==============================================================================

Memory Map of the image

  Image Entry point : 0x08000189

  Load Region LR_IROM1 (Base: 0x08000000, Size: 0x00005e94, Max: 0x00080000, ABSOLUTE, COMPRESSED[0x00005bcc])

    Execution Region ER_IROM1 (Exec base: 0x08000000, Load base: 0x08000000, Size: 0x00005aac, Max: 0x00080000, ABSOLUTE)

    Exec Addr    Load Addr    Size         Type   Attr      Idx    E Section Name        Object

    0x08000000   0x08000000   0x00000188   Data   RO            3    RESET               startup_stm32f407xx.o
    0x08000188   0x08000188   0x00000000   Code   RO         3952  * .ARM.Collect$$$$00000000  mc_w.l(entry.o)
    0x08000188   0x08000188   0x00000004   Code   RO         4247    .ARM.Collect$$$$00000001  mc_w.l(entry2.o)
    0x0800018c   0x0800018c   0x00000004   Code   RO         4250    .ARM.Collect$$$$00000004  mc_w.l(entry5.o)
    0x08000190   0x08000190   0x00000000   Code   RO         4252    .ARM.Collect$$$$00000008  mc_w.l(entry7b.o)
    0x08000190   0x08000190   0x00000000   Code   RO         4254    .ARM.Collect$$$$0000000A  mc_w.l(entry8b.o)
    0x08000190   0x08000190   0x00000008   Code   RO         4255    .ARM.Collect$$$$0000000B  mc_w.l(entry9a.o)
    0x08000198   0x08000198   0x00000004   Code   RO         4262    .ARM.Collect$$$$0000000E  mc_w.l(entry12b.o)
    0x0800019c   0x0800019c   0x00000000   Code   RO         4257    .ARM.Collect$$$$0000000F  mc_w.l(entry10a.o)
    0x0800019c   0x0800019c   0x00000000   Code   RO         4259    .ARM.Collect$$$$00000011  mc_w.l(entry11a.o)
    0x0800019c   0x0800019c   0x00000004   Code   RO         4248    .ARM.Collect$$$$00002712  mc_w.l(entry2.o)
    0x080001a0   0x080001a0   0x00000024   Code   RO            4    .text               startup_stm32f407xx.o
    0x080001c4   0x080001c4   0x00000062   Code   RO         3955    .text               mc_w.l(uldiv.o)
    0x08000226   0x08000226   0x00000024   Code   RO         3957    .text               mc_w.l(memcpya.o)
    0x0800024a   0x0800024a   0x00000024   Code   RO         3959    .text               mc_w.l(memseta.o)
    0x0800026e   0x0800026e   0x00000018   Code   RO         3961    .text               mc_w.l(strcat.o)
    0x08000286   0x08000286   0x0000000e   Code   RO         3963    .text               mc_w.l(strlen.o)
    0x08000294   0x08000294   0x0000002c   Code   RO         4264    .text               mc_w.l(uidiv.o)
    0x080002c0   0x080002c0   0x0000001e   Code   RO         4266    .text               mc_w.l(llshl.o)
    0x080002de   0x080002de   0x00000020   Code   RO         4268    .text               mc_w.l(llushr.o)
    0x080002fe   0x080002fe   0x00000000   Code   RO         4277    .text               mc_w.l(iusefp.o)
    0x080002fe   0x080002fe   0x00000002   PAD
    0x08000300   0x08000300   0x00000024   Code   RO         4288    .text               mc_w.l(init.o)
    0x08000324   0x08000324   0x0000005e   Code   RO         4302    .text               mc_w.l(__dclz77c.o)
    0x08000382   0x08000382   0x00000004   Code   RO          525    i.BusFault_Handler  stm32f4xx_it.o
    0x08000386   0x08000386   0x00000002   PAD
    0x08000388   0x08000388   0x00000010   Code   RO          526    i.CAN1_RX0_IRQHandler  stm32f4xx_it.o
    0x08000398   0x08000398   0x00000010   Code   RO          527    i.CAN1_RX1_IRQHandler  stm32f4xx_it.o
    0x080003a8   0x080003a8   0x00000002   Code   RO          528    i.DebugMon_Handler  stm32f4xx_it.o
    0x080003aa   0x080003aa   0x00000006   Code   RO           13    i.Error_Handler     main.o
    0x080003b0   0x080003b0   0x0000002a   Code   RO          699    i.HAL_CAN_ActivateNotification  stm32f4xx_hal_can.o
    0x080003da   0x080003da   0x0000014a   Code   RO          700    i.HAL_CAN_AddTxMessage  stm32f4xx_hal_can.o
    0x08000524   0x08000524   0x00000120   Code   RO          701    i.HAL_CAN_ConfigFilter  stm32f4xx_hal_can.o
    0x08000644   0x08000644   0x00000002   Code   RO          704    i.HAL_CAN_ErrorCallback  stm32f4xx_hal_can.o
    0x08000646   0x08000646   0x00000194   Code   RO          707    i.HAL_CAN_GetRxMessage  stm32f4xx_hal_can.o
    0x080007da   0x080007da   0x0000024e   Code   RO          711    i.HAL_CAN_IRQHandler  stm32f4xx_hal_can.o
    0x08000a28   0x08000a28   0x00000174   Code   RO          712    i.HAL_CAN_Init      stm32f4xx_hal_can.o
    0x08000b9c   0x08000b9c   0x000000a8   Code   RO          336    i.HAL_CAN_MspInit   can.o
    0x08000c44   0x08000c44   0x00000002   Code   RO          719    i.HAL_CAN_RxFifo0FullCallback  stm32f4xx_hal_can.o
    0x08000c46   0x08000c46   0x00000002   PAD
    0x08000c48   0x08000c48   0x00000018   Code   RO          529    i.HAL_CAN_RxFifo0MsgPendingCallback  stm32f4xx_it.o
    0x08000c60   0x08000c60   0x00000002   Code   RO          721    i.HAL_CAN_RxFifo1FullCallback  stm32f4xx_hal_can.o
    0x08000c62   0x08000c62   0x00000002   PAD
    0x08000c64   0x08000c64   0x00000018   Code   RO          530    i.HAL_CAN_RxFifo1MsgPendingCallback  stm32f4xx_it.o
    0x08000c7c   0x08000c7c   0x00000002   Code   RO          723    i.HAL_CAN_SleepCallback  stm32f4xx_hal_can.o
    0x08000c7e   0x08000c7e   0x0000005e   Code   RO          724    i.HAL_CAN_Start     stm32f4xx_hal_can.o
    0x08000cdc   0x08000cdc   0x00000002   Code   RO          726    i.HAL_CAN_TxMailbox0AbortCallback  stm32f4xx_hal_can.o
    0x08000cde   0x08000cde   0x00000002   Code   RO          727    i.HAL_CAN_TxMailbox0CompleteCallback  stm32f4xx_hal_can.o
    0x08000ce0   0x08000ce0   0x00000002   Code   RO          728    i.HAL_CAN_TxMailbox1AbortCallback  stm32f4xx_hal_can.o
    0x08000ce2   0x08000ce2   0x00000002   Code   RO          729    i.HAL_CAN_TxMailbox1CompleteCallback  stm32f4xx_hal_can.o
    0x08000ce4   0x08000ce4   0x00000002   Code   RO          730    i.HAL_CAN_TxMailbox2AbortCallback  stm32f4xx_hal_can.o
    0x08000ce6   0x08000ce6   0x00000002   Code   RO          731    i.HAL_CAN_TxMailbox2CompleteCallback  stm32f4xx_hal_can.o
    0x08000ce8   0x08000ce8   0x00000002   Code   RO          733    i.HAL_CAN_WakeUpFromRxMsgCallback  stm32f4xx_hal_can.o
    0x08000cea   0x08000cea   0x000000ac   Code   RO         1439    i.HAL_DMA_Abort     stm32f4xx_hal_dma.o
    0x08000d96   0x08000d96   0x00000028   Code   RO         1440    i.HAL_DMA_Abort_IT  stm32f4xx_hal_dma.o
    0x08000dbe   0x08000dbe   0x00000002   PAD
    0x08000dc0   0x08000dc0   0x00000028   Code   RO         1881    i.HAL_Delay         stm32f4xx_hal.o
    0x08000de8   0x08000de8   0x000001f4   Code   RO         1332    i.HAL_GPIO_Init     stm32f4xx_hal_gpio.o
    0x08000fdc   0x08000fdc   0x0000000c   Code   RO         1336    i.HAL_GPIO_WritePin  stm32f4xx_hal_gpio.o
    0x08000fe8   0x08000fe8   0x0000000c   Code   RO         1887    i.HAL_GetTick       stm32f4xx_hal.o
    0x08000ff4   0x08000ff4   0x00000018   Code   RO         1893    i.HAL_IncTick       stm32f4xx_hal.o
    0x0800100c   0x0800100c   0x0000003c   Code   RO         1894    i.HAL_Init          stm32f4xx_hal.o
    0x08001048   0x08001048   0x0000004c   Code   RO         1895    i.HAL_InitTick      stm32f4xx_hal.o
    0x08001094   0x08001094   0x00000048   Code   RO          674    i.HAL_MspInit       stm32f4xx_hal_msp.o
    0x080010dc   0x080010dc   0x00000028   Code   RO         1724    i.HAL_NVIC_EnableIRQ  stm32f4xx_hal_cortex.o
    0x08001104   0x08001104   0x0000007c   Code   RO         1730    i.HAL_NVIC_SetPriority  stm32f4xx_hal_cortex.o
    0x08001180   0x08001180   0x00000028   Code   RO         1731    i.HAL_NVIC_SetPriorityGrouping  stm32f4xx_hal_cortex.o
    0x080011a8   0x080011a8   0x00000184   Code   RO          933    i.HAL_RCC_ClockConfig  stm32f4xx_hal_rcc.o
    0x0800132c   0x0800132c   0x0000000c   Code   RO          938    i.HAL_RCC_GetHCLKFreq  stm32f4xx_hal_rcc.o
    0x08001338   0x08001338   0x00000020   Code   RO          940    i.HAL_RCC_GetPCLK1Freq  stm32f4xx_hal_rcc.o
    0x08001358   0x08001358   0x00000020   Code   RO          941    i.HAL_RCC_GetPCLK2Freq  stm32f4xx_hal_rcc.o
    0x08001378   0x08001378   0x000000b0   Code   RO          942    i.HAL_RCC_GetSysClockFreq  stm32f4xx_hal_rcc.o
    0x08001428   0x08001428   0x0000049c   Code   RO          945    i.HAL_RCC_OscConfig  stm32f4xx_hal_rcc.o
    0x080018c4   0x080018c4   0x00000034   Code   RO         1735    i.HAL_SYSTICK_Config  stm32f4xx_hal_cortex.o
    0x080018f8   0x080018f8   0x00000002   Code   RO         2849    i.HAL_TIMEx_BreakCallback  stm32f4xx_hal_tim_ex.o
    0x080018fa   0x080018fa   0x00000002   Code   RO         2850    i.HAL_TIMEx_CommutCallback  stm32f4xx_hal_tim_ex.o
    0x080018fc   0x080018fc   0x000000b4   Code   RO         2868    i.HAL_TIMEx_MasterConfigSynchronization  stm32f4xx_hal_tim_ex.o
    0x080019b0   0x080019b0   0x00000066   Code   RO         2134    i.HAL_TIM_Base_Init  stm32f4xx_hal_tim.o
    0x08001a16   0x08001a16   0x00000002   PAD
    0x08001a18   0x08001a18   0x0000010c   Code   RO          378    i.HAL_TIM_Base_MspInit  tim.o
    0x08001b24   0x08001b24   0x000000a8   Code   RO         2139    i.HAL_TIM_Base_Start_IT  stm32f4xx_hal_tim.o
    0x08001bcc   0x08001bcc   0x0000010c   Code   RO         2143    i.HAL_TIM_ConfigClockSource  stm32f4xx_hal_tim.o
    0x08001cd8   0x08001cd8   0x00000114   Code   RO         3729    i.HAL_TIM_IC_CaptureCallback  infrared1838.o
    0x08001dec   0x08001dec   0x000000de   Code   RO         2170    i.HAL_TIM_IC_ConfigChannel  stm32f4xx_hal_tim.o
    0x08001eca   0x08001eca   0x00000066   Code   RO         2173    i.HAL_TIM_IC_Init   stm32f4xx_hal_tim.o
    0x08001f30   0x08001f30   0x00000002   Code   RO         2175    i.HAL_TIM_IC_MspInit  stm32f4xx_hal_tim.o
    0x08001f32   0x08001f32   0x00000002   PAD
    0x08001f34   0x08001f34   0x00000190   Code   RO         2178    i.HAL_TIM_IC_Start_IT  stm32f4xx_hal_tim.o
    0x080020c4   0x080020c4   0x0000016c   Code   RO         2182    i.HAL_TIM_IRQHandler  stm32f4xx_hal_tim.o
    0x08002230   0x08002230   0x00000002   Code   RO         2185    i.HAL_TIM_OC_DelayElapsedCallback  stm32f4xx_hal_tim.o
    0x08002232   0x08002232   0x00000002   Code   RO         2212    i.HAL_TIM_PWM_PulseFinishedCallback  stm32f4xx_hal_tim.o
    0x08002234   0x08002234   0x000000b4   Code   RO           14    i.HAL_TIM_PeriodElapsedCallback  main.o
    0x080022e8   0x080022e8   0x00000032   Code   RO         2222    i.HAL_TIM_ReadCapturedValue  stm32f4xx_hal_tim.o
    0x0800231a   0x0800231a   0x00000002   Code   RO         2225    i.HAL_TIM_TriggerCallback  stm32f4xx_hal_tim.o
    0x0800231c   0x0800231c   0x00000002   Code   RO         3128    i.HAL_UARTEx_RxEventCallback  stm32f4xx_hal_uart.o
    0x0800231e   0x0800231e   0x00000002   Code   RO         3142    i.HAL_UART_ErrorCallback  stm32f4xx_hal_uart.o
    0x08002320   0x08002320   0x00000308   Code   RO         3145    i.HAL_UART_IRQHandler  stm32f4xx_hal_uart.o
    0x08002628   0x08002628   0x00000076   Code   RO         3146    i.HAL_UART_Init     stm32f4xx_hal_uart.o
    0x0800269e   0x0800269e   0x00000002   PAD
    0x080026a0   0x080026a0   0x00000298   Code   RO          433    i.HAL_UART_MspInit  usart.o
    0x08002938   0x08002938   0x0000002c   Code   RO         3151    i.HAL_UART_Receive_IT  stm32f4xx_hal_uart.o
    0x08002964   0x08002964   0x00000370   Code   RO          434    i.HAL_UART_RxCpltCallback  usart.o
    0x08002cd4   0x08002cd4   0x000000be   Code   RO         3154    i.HAL_UART_Transmit  stm32f4xx_hal_uart.o
    0x08002d92   0x08002d92   0x00000002   Code   RO         3157    i.HAL_UART_TxCpltCallback  stm32f4xx_hal_uart.o
    0x08002d94   0x08002d94   0x00000004   Code   RO          531    i.HardFault_Handler  stm32f4xx_it.o
    0x08002d98   0x08002d98   0x0000013c   Code   RO         3527    i.Host_write16_slave  rs485.o
    0x08002ed4   0x08002ed4   0x0000006c   Code   RO         3730    i.InfraredRemote_DumpFrame  infrared1838.o
    0x08002f40   0x08002f40   0x0000001c   Code   RO         3731    i.InfraredRemote_Get_KeyNum  infrared1838.o
    0x08002f5c   0x08002f5c   0x000001f4   Code   RO           15    i.Infrared_Signal_Processing_Function  main.o
    0x08003150   0x08003150   0x0000004c   Code   RO          337    i.MX_CAN1_Init      can.o
    0x0800319c   0x0800319c   0x000000f0   Code   RO          215    i.MX_GPIO_Init      gpio.o
    0x0800328c   0x0800328c   0x0000006c   Code   RO          379    i.MX_TIM2_Init      tim.o
    0x080032f8   0x080032f8   0x000000a0   Code   RO          380    i.MX_TIM3_Init      tim.o
    0x08003398   0x08003398   0x0000004c   Code   RO          381    i.MX_TIM7_Init      tim.o
    0x080033e4   0x080033e4   0x00000038   Code   RO          435    i.MX_UART4_Init     usart.o
    0x0800341c   0x0800341c   0x00000038   Code   RO          436    i.MX_USART1_UART_Init  usart.o
    0x08003454   0x08003454   0x00000038   Code   RO          437    i.MX_USART2_UART_Init  usart.o
    0x0800348c   0x0800348c   0x00000038   Code   RO          438    i.MX_USART3_UART_Init  usart.o
    0x080034c4   0x080034c4   0x00000038   Code   RO          439    i.MX_USART6_UART_Init  usart.o
    0x080034fc   0x080034fc   0x00000004   Code   RO          532    i.MemManage_Handler  stm32f4xx_it.o
    0x08003500   0x08003500   0x00000038   Code   RO         3618    i.Modbus_CRC16      rs485_crc.o
    0x08003538   0x08003538   0x00000078   Code   RO         3528    i.Modbus_Slave_Dispatcher  rs485.o
    0x080035b0   0x080035b0   0x00000088   Code   RO         3824    i.MyCan_ConfigFilter_List16Bit  mycan.o
    0x08003638   0x08003638   0x00000024   Code   RO         3830    i.MyCan_Init        mycan.o
    0x0800365c   0x0800365c   0x00000070   Code   RO         3832    i.MyCan_RxFifo0MsgPendingCallback  mycan.o
    0x080036cc   0x080036cc   0x00000070   Code   RO         3833    i.MyCan_RxFifo1MsgPendingCallback  mycan.o
    0x0800373c   0x0800373c   0x000000d8   Code   RO           16    i.MyCan_RxHandler   main.o
    0x08003814   0x08003814   0x00000058   Code   RO         3836    i.MyCan_SendStdData  mycan.o
    0x0800386c   0x0800386c   0x00000024   Code   RO         3838    i.MyCan_Start       mycan.o
    0x08003890   0x08003890   0x00000004   Code   RO          533    i.NMI_Handler       stm32f4xx_it.o
    0x08003894   0x08003894   0x00000002   Code   RO          534    i.PendSV_Handler    stm32f4xx_it.o
    0x08003896   0x08003896   0x00000002   Code   RO          535    i.SVC_Handler       stm32f4xx_it.o
    0x08003898   0x08003898   0x00000008   Code   RO          536    i.SysTick_Handler   stm32f4xx_it.o
    0x080038a0   0x080038a0   0x000000b8   Code   RO           17    i.SystemClock_Config  main.o
    0x08003958   0x08003958   0x00000014   Code   RO         3490    i.SystemInit        system_stm32f4xx.o
    0x0800396c   0x0800396c   0x00000010   Code   RO          537    i.TIM2_IRQHandler   stm32f4xx_it.o
    0x0800397c   0x0800397c   0x00000010   Code   RO          538    i.TIM3_IRQHandler   stm32f4xx_it.o
    0x0800398c   0x0800398c   0x00000010   Code   RO          539    i.TIM7_IRQHandler   stm32f4xx_it.o
    0x0800399c   0x0800399c   0x000000e0   Code   RO         2227    i.TIM_Base_SetConfig  stm32f4xx_hal_tim.o
    0x08003a7c   0x08003a7c   0x00000022   Code   RO         2228    i.TIM_CCxChannelCmd  stm32f4xx_hal_tim.o
    0x08003a9e   0x08003a9e   0x00000016   Code   RO         2238    i.TIM_ETR_SetConfig  stm32f4xx_hal_tim.o
    0x08003ab4   0x08003ab4   0x00000012   Code   RO         2239    i.TIM_ITRx_SetConfig  stm32f4xx_hal_tim.o
    0x08003ac6   0x08003ac6   0x00000026   Code   RO         2245    i.TIM_TI1_ConfigInputStage  stm32f4xx_hal_tim.o
    0x08003aec   0x08003aec   0x00000090   Code   RO         2246    i.TIM_TI1_SetConfig  stm32f4xx_hal_tim.o
    0x08003b7c   0x08003b7c   0x00000028   Code   RO         2247    i.TIM_TI2_ConfigInputStage  stm32f4xx_hal_tim.o
    0x08003ba4   0x08003ba4   0x0000003a   Code   RO         2248    i.TIM_TI2_SetConfig  stm32f4xx_hal_tim.o
    0x08003bde   0x08003bde   0x00000038   Code   RO         2249    i.TIM_TI3_SetConfig  stm32f4xx_hal_tim.o
    0x08003c16   0x08003c16   0x0000003c   Code   RO         2250    i.TIM_TI4_SetConfig  stm32f4xx_hal_tim.o
    0x08003c52   0x08003c52   0x00000012   Code   RO         3159    i.UART_DMAAbortOnError  stm32f4xx_hal_uart.o
    0x08003c64   0x08003c64   0x0000006c   Code   RO         3169    i.UART_EndRxTransfer  stm32f4xx_hal_uart.o
    0x08003cd0   0x08003cd0   0x00000020   Code   RO         3170    i.UART_EndTransmit_IT  stm32f4xx_hal_uart.o
    0x08003cf0   0x08003cf0   0x000000fc   Code   RO         3172    i.UART_Receive_IT   stm32f4xx_hal_uart.o
    0x08003dec   0x08003dec   0x0000022c   Code   RO         3173    i.UART_SetConfig    stm32f4xx_hal_uart.o
    0x08004018   0x08004018   0x00000040   Code   RO         3175    i.UART_Start_Receive_IT  stm32f4xx_hal_uart.o
    0x08004058   0x08004058   0x00000060   Code   RO         3176    i.UART_Transmit_IT  stm32f4xx_hal_uart.o
    0x080040b8   0x080040b8   0x0000008c   Code   RO         3177    i.UART_WaitOnFlagUntilTimeout  stm32f4xx_hal_uart.o
    0x08004144   0x08004144   0x00000010   Code   RO          540    i.USART1_IRQHandler  stm32f4xx_it.o
    0x08004154   0x08004154   0x00000010   Code   RO          541    i.USART2_IRQHandler  stm32f4xx_it.o
    0x08004164   0x08004164   0x00000010   Code   RO          542    i.USART3_IRQHandler  stm32f4xx_it.o
    0x08004174   0x08004174   0x00000010   Code   RO          543    i.USART6_IRQHandler  stm32f4xx_it.o
    0x08004184   0x08004184   0x00000004   Code   RO          544    i.UsageFault_Handler  stm32f4xx_it.o
    0x08004188   0x08004188   0x00000020   Code   RO         4012    i.__0printf$1       mc_w.l(printf1.o)
    0x080041a8   0x080041a8   0x00000028   Code   RO         4014    i.__0sprintf$1      mc_w.l(printf1.o)
    0x080041d0   0x080041d0   0x00000026   Code   RO         4228    i.__ARM_fpclassifyf  m_wm.l(fpclassifyf.o)
    0x080041f6   0x080041f6   0x00000002   PAD
    0x080041f8   0x080041f8   0x00000010   Code   RO         1737    i.__NVIC_GetPriorityGrouping  stm32f4xx_hal_cortex.o
    0x08004208   0x08004208   0x00000028   Code   RO         1738    i.__NVIC_SetPriority  stm32f4xx_hal_cortex.o
    0x08004230   0x08004230   0x00000190   Code   RO         3940    i.__hardfp_sinf     m_wm.l(sinf.o)
    0x080043c0   0x080043c0   0x00000006   Code   RO         4231    i.__mathlib_flt_infnan  m_wm.l(funder.o)
    0x080043c6   0x080043c6   0x00000002   PAD
    0x080043c8   0x080043c8   0x00000010   Code   RO         4233    i.__mathlib_flt_invalid  m_wm.l(funder.o)
    0x080043d8   0x080043d8   0x00000010   Code   RO         4236    i.__mathlib_flt_underflow  m_wm.l(funder.o)
    0x080043e8   0x080043e8   0x00000154   Code   RO         4244    i.__mathlib_rredf2  m_wm.l(rredf.o)
    0x0800453c   0x0800453c   0x0000000e   Code   RO         4296    i.__scatterload_copy  mc_w.l(handlers.o)
    0x0800454a   0x0800454a   0x00000002   Code   RO         4297    i.__scatterload_null  mc_w.l(handlers.o)
    0x0800454c   0x0800454c   0x0000000e   Code   RO         4298    i.__scatterload_zeroinit  mc_w.l(handlers.o)
    0x0800455a   0x0800455a   0x00000002   PAD
    0x0800455c   0x0800455c   0x0000000c   Code   RO         4272    i.__set_errno       mc_w.l(errno.o)
    0x08004568   0x08004568   0x00000154   Code   RO         4019    i._printf_core      mc_w.l(printf1.o)
    0x080046bc   0x080046bc   0x0000000a   Code   RO         4021    i._sputc            mc_w.l(printf1.o)
    0x080046c6   0x080046c6   0x00000002   PAD
    0x080046c8   0x080046c8   0x00000054   Code   RO         3733    i.bitbuffer_to_num  infrared1838.o
    0x0800471c   0x0800471c   0x000000aa   Code   RO         3648    i.build_instruction_frame  wrist.o
    0x080047c6   0x080047c6   0x0000001c   Code   RO         3649    i.calculate_checksum  wrist.o
    0x080047e2   0x080047e2   0x00000002   PAD
    0x080047e4   0x080047e4   0x00000198   Code   RO         3783    i.finger_motion     motion.o
    0x0800497c   0x0800497c   0x0000025c   Code   RO         3784    i.finger_single_action  motion.o
    0x08004bd8   0x08004bd8   0x0000001c   Code   RO          440    i.fputc             usart.o
    0x08004bf4   0x08004bf4   0x00000014   Code   RO          441    i.init_uart_receive  usart.o
    0x08004c08   0x08004c08   0x00000014   Code   RO          442    i.init_uart_receive1  usart.o
    0x08004c1c   0x08004c1c   0x00000150   Code   RO           18    i.main              main.o
    0x08004d6c   0x08004d6c   0x00000014   Code   RO         3529    i.modbus1_Send_Byte  rs485.o
    0x08004d80   0x08004d80   0x0000019c   Code   RO         3530    i.modbus2_Event     rs485.o
    0x08004f1c   0x08004f1c   0x000000c8   Code   RO         3531    i.modbus2_Func16    rs485.o
    0x08004fe4   0x08004fe4   0x000000fc   Code   RO         3532    i.modbus2_Func3     rs485.o
    0x080050e0   0x080050e0   0x000000f8   Code   RO         3533    i.modbus2_Func6     rs485.o
    0x080051d8   0x080051d8   0x00000054   Code   RO         3534    i.modbus2_Init      rs485.o
    0x0800522c   0x0800522c   0x00000014   Code   RO         3535    i.modbus2_Send_Byte  rs485.o
    0x08005240   0x08005240   0x000000a2   Code   RO         3650    i.send_uart_instruction_frame  wrist.o
    0x080052e2   0x080052e2   0x00000002   PAD
    0x080052e4   0x080052e4   0x00000150   Code   RO         3651    i.set_wrist_motion_Can  wrist.o
    0x08005434   0x08005434   0x00000108   Code   RO         3652    i.updatePendulumSmartMotion  wrist.o
    0x0800553c   0x0800553c   0x000001ac   Code   RO         3653    i.updateRotationSmartMotion  wrist.o
    0x080056e8   0x080056e8   0x000000a8   Code   RO         3654    i.updateSmartMotionControl  wrist.o
    0x08005790   0x08005790   0x0000005c   Code   RO         3655    i.vel_move          wrist.o
    0x080057ec   0x080057ec   0x0000005c   Code   RO         3656    i.vel_move1         wrist.o
    0x08005848   0x08005848   0x0000000a   Data   RO           19    .constdata          main.o
    0x08005852   0x08005852   0x00000018   Data   RO         3491    .constdata          system_stm32f4xx.o
    0x0800586a   0x0800586a   0x00000200   Data   RO         3619    .constdata          rs485_crc.o
    0x08005a6a   0x08005a6a   0x00000002   PAD
    0x08005a6c   0x08005a6c   0x00000020   Data   RO         4245    .constdata          m_wm.l(rredf.o)
    0x08005a8c   0x08005a8c   0x00000020   Data   RO         4294    Region$$Table       anon$$obj.o


    Execution Region RW_IRAM1 (Exec base: 0x20000000, Load base: 0x08005aac, Size: 0x00000de8, Max: 0x0001c000, ABSOLUTE, COMPRESSED[0x00000120])

    Exec Addr    Load Addr    Size         Type   Attr      Idx    E Section Name        Object

    0x20000000   COMPRESSED   0x0000000c   Data   RW           20    .data               main.o
    0x2000000c   COMPRESSED   0x00000004   Data   RW          383    .data               tim.o
    0x20000010   COMPRESSED   0x0000000e   Data   RW          444    .data               usart.o
    0x2000001e   COMPRESSED   0x00000002   PAD
    0x20000020   COMPRESSED   0x00000009   Data   RW         1901    .data               stm32f4xx_hal.o
    0x20000029   COMPRESSED   0x00000003   PAD
    0x2000002c   COMPRESSED   0x00000004   Data   RW         3492    .data               system_stm32f4xx.o
    0x20000030   COMPRESSED   0x000000f8   Data   RW         3537    .data               rs485.o
    0x20000128   COMPRESSED   0x00000011   Data   RW         3658    .data               wrist.o
    0x20000139   COMPRESSED   0x00000003   PAD
    0x2000013c   COMPRESSED   0x00000013   Data   RW         3735    .data               infrared1838.o
    0x2000014f   COMPRESSED   0x00000001   PAD
    0x20000150   COMPRESSED   0x00000280   Data   RW         3785    .data               motion.o
    0x200003d0   COMPRESSED   0x00000010   Data   RW         3840    .data               mycan.o
    0x200003e0   COMPRESSED   0x00000004   Data   RW         4263    .data               mc_w.l(stdout.o)
    0x200003e4   COMPRESSED   0x00000004   Data   RW         4273    .data               mc_w.l(errno.o)
    0x200003e8        -       0x00000028   Zero   RW          338    .bss                can.o
    0x20000410        -       0x000000d8   Zero   RW          382    .bss                tim.o
    0x200004e8        -       0x000001b8   Zero   RW          443    .bss                usart.o
    0x200006a0        -       0x000002a0   Zero   RW         3536    .bss                rs485.o
    0x20000940        -       0x00000064   Zero   RW         3657    .bss                wrist.o
    0x200009a4        -       0x00000042   Zero   RW         3734    .bss                infrared1838.o
    0x200009e6   COMPRESSED   0x00000002   PAD
    0x200009e8        -       0x00000400   Zero   RW            1    STACK               startup_stm32f407xx.o


    Execution Region RW_IRAM2 (Exec base: 0x2001c000, Load base: 0x08005bcc, Size: 0x00000000, Max: 0x00004000, ABSOLUTE)

    **** No section assigned to this execution region ****


==============================================================================

Image component sizes


      Code (inc. data)   RO Data    RW Data    ZI Data      Debug   Object Name

       244         20          0          0         40       2101   can.o
       240         10          0          0          0     699159   gpio.o
       496         70          0         19         66       3500   infrared1838.o
      1422        178         10         12          0     694514   main.o
      1012         76          0        640          0       2653   motion.o
       520         54          0         16          0       6182   mycan.o
      1672         82          0        248        672       7223   rs485.o
        56          8        512          0          0       1573   rs485_crc.o
        36          8        392          0       1024        892   startup_stm32f407xx.o
       212         36          0          9          0      10205   stm32f4xx_hal.o
      2142          4          0          0          0      15715   stm32f4xx_hal_can.o
       312         22          0          0          0      35047   stm32f4xx_hal_cortex.o
       212          0          0          0          0       2255   stm32f4xx_hal_dma.o
       512         46          0          0          0       2416   stm32f4xx_hal_gpio.o
        72          4          0          0          0       1062   stm32f4xx_hal_msp.o
      1820         84          0          0          0       6340   stm32f4xx_hal_rcc.o
      2378        134          0          0          0      19486   stm32f4xx_hal_tim.o
       184         30          0          0          0       2933   stm32f4xx_hal_tim_ex.o
      2400         14          0          0          0      14156   stm32f4xx_hal_uart.o
       226         62          0          0          0      12496   stm32f4xx_it.o
        20          6         24          4          0       1435   system_stm32f4xx.o
       612         42          0          4        216       3421   tim.o
      1892        194          0         14        440       8757   usart.o
      1740        150          0         17        100       9380   wrist.o

    ----------------------------------------------------------------------
     20450       1334        972        992       2560    1562901   Object Totals
         0          0         32          0          0          0   (incl. Generated)
        18          0          2          9          2          0   (incl. Padding)

    ----------------------------------------------------------------------

      Code (inc. data)   RO Data    RW Data    ZI Data      Debug   Library Member Name

        38          0          0          0          0        116   fpclassifyf.o
        38         12          0          0          0        348   funder.o
       340         24         32          0          0        160   rredf.o
       400         56          0          0          0        212   sinf.o
        94          0          0          0          0          0   __dclz77c.o
         0          0          0          0          0          0   entry.o
         0          0          0          0          0          0   entry10a.o
         0          0          0          0          0          0   entry11a.o
         4          0          0          0          0          0   entry12b.o
         8          4          0          0          0          0   entry2.o
         4          0          0          0          0          0   entry5.o
         0          0          0          0          0          0   entry7b.o
         0          0          0          0          0          0   entry8b.o
         8          4          0          0          0          0   entry9a.o
        12          6          0          4          0         68   errno.o
        30          0          0          0          0          0   handlers.o
        36          8          0          0          0         68   init.o
         0          0          0          0          0          0   iusefp.o
        30          0          0          0          0         68   llshl.o
        32          0          0          0          0         68   llushr.o
        36          0          0          0          0         68   memcpya.o
        36          0          0          0          0        108   memseta.o
       422         20          0          0          0        336   printf1.o
         0          0          0          4          0          0   stdout.o
        24          0          0          0          0         68   strcat.o
        14          0          0          0          0         68   strlen.o
        44          0          0          0          0         80   uidiv.o
        98          0          0          0          0         92   uldiv.o

    ----------------------------------------------------------------------
      1758        134         32          8          0       1928   Library Totals
        10          0          0          0          0          0   (incl. Padding)

    ----------------------------------------------------------------------

      Code (inc. data)   RO Data    RW Data    ZI Data      Debug   Library Name

       816         92         32          0          0        836   m_wm.l
       932         42          0          8          0       1092   mc_w.l

    ----------------------------------------------------------------------
      1758        134         32          8          0       1928   Library Totals

    ----------------------------------------------------------------------

==============================================================================


      Code (inc. data)   RO Data    RW Data    ZI Data      Debug   

     22208       1468       1004       1000       2560    1549245   Grand Totals
     22208       1468       1004        288       2560    1549245   ELF Image Totals (compressed)
     22208       1468       1004        288          0          0   ROM Totals

==============================================================================

    Total RO  Size (Code + RO Data)                23212 (  22.67kB)
    Total RW  Size (RW Data + ZI Data)              3560 (   3.48kB)
    Total ROM Size (Code + RO Data + RW Data)      23500 (  22.95kB)

==============================================================================

