Component: ARM Compiler 5.06 update 7 (build 960) Tool: armlink [4d3601]

==============================================================================

Section Cross References

    startup_stm32f407xx.o(RESET) refers to startup_stm32f407xx.o(STACK) for __initial_sp
    startup_stm32f407xx.o(RESET) refers to startup_stm32f407xx.o(.text) for Reset_Handler
    startup_stm32f407xx.o(RESET) refers to stm32f4xx_it.o(i.NMI_Handler) for NMI_Handler
    startup_stm32f407xx.o(RESET) refers to stm32f4xx_it.o(i.HardFault_Handler) for HardFault_Handler
    startup_stm32f407xx.o(RESET) refers to stm32f4xx_it.o(i.MemManage_Handler) for MemManage_Handler
    startup_stm32f407xx.o(RESET) refers to stm32f4xx_it.o(i.BusFault_Handler) for BusFault_Handler
    startup_stm32f407xx.o(RESET) refers to stm32f4xx_it.o(i.UsageFault_Handler) for UsageFault_Handler
    startup_stm32f407xx.o(RESET) refers to stm32f4xx_it.o(i.SVC_Handler) for SVC_Handler
    startup_stm32f407xx.o(RESET) refers to stm32f4xx_it.o(i.DebugMon_Handler) for DebugMon_Handler
    startup_stm32f407xx.o(RESET) refers to stm32f4xx_it.o(i.PendSV_Handler) for PendSV_Handler
    startup_stm32f407xx.o(RESET) refers to stm32f4xx_it.o(i.SysTick_Handler) for SysTick_Handler
    startup_stm32f407xx.o(RESET) refers to stm32f4xx_it.o(i.CAN1_RX0_IRQHandler) for CAN1_RX0_IRQHandler
    startup_stm32f407xx.o(RESET) refers to stm32f4xx_it.o(i.CAN1_RX1_IRQHandler) for CAN1_RX1_IRQHandler
    startup_stm32f407xx.o(RESET) refers to stm32f4xx_it.o(i.TIM2_IRQHandler) for TIM2_IRQHandler
    startup_stm32f407xx.o(RESET) refers to stm32f4xx_it.o(i.TIM3_IRQHandler) for TIM3_IRQHandler
    startup_stm32f407xx.o(RESET) refers to stm32f4xx_it.o(i.USART1_IRQHandler) for USART1_IRQHandler
    startup_stm32f407xx.o(RESET) refers to stm32f4xx_it.o(i.USART2_IRQHandler) for USART2_IRQHandler
    startup_stm32f407xx.o(RESET) refers to stm32f4xx_it.o(i.USART3_IRQHandler) for USART3_IRQHandler
    startup_stm32f407xx.o(RESET) refers to stm32f4xx_it.o(i.TIM7_IRQHandler) for TIM7_IRQHandler
    startup_stm32f407xx.o(RESET) refers to stm32f4xx_it.o(i.USART6_IRQHandler) for USART6_IRQHandler
    startup_stm32f407xx.o(.text) refers to system_stm32f4xx.o(i.SystemInit) for SystemInit
    startup_stm32f407xx.o(.text) refers to entry.o(.ARM.Collect$$$$00000000) for __main
    main.o(i.HAL_TIM_PeriodElapsedCallback) refers to wrist.o(i.updateSmartMotionControl) for updateSmartMotionControl
    main.o(i.HAL_TIM_PeriodElapsedCallback) refers to tim.o(.bss) for htim7
    main.o(i.HAL_TIM_PeriodElapsedCallback) refers to rs485.o(.bss) for modbus2
    main.o(i.HAL_TIM_PeriodElapsedCallback) refers to wrist.o(.data) for wrist_enabled
    main.o(i.HAL_TIM_PeriodElapsedCallback) refers to infrared1838.o(.data) for upcount
    main.o(i.Infrared_Signal_Processing_Function) refers to wrist.o(i.vel_move) for vel_move
    main.o(i.Infrared_Signal_Processing_Function) refers to wrist.o(i.vel_move1) for vel_move1
    main.o(i.Infrared_Signal_Processing_Function) refers to rs485.o(i.Host_write16_slave) for Host_write16_slave
    main.o(i.Infrared_Signal_Processing_Function) refers to stm32f4xx_hal.o(i.HAL_Delay) for HAL_Delay
    main.o(i.Infrared_Signal_Processing_Function) refers to motion.o(i.finger_motion) for finger_motion
    main.o(i.Infrared_Signal_Processing_Function) refers to main.o(i.Set_Wrist_Speed) for Set_Wrist_Speed
    main.o(i.Infrared_Signal_Processing_Function) refers to rs485.o(i.modbus2_Send_Byte) for modbus2_Send_Byte
    main.o(i.Infrared_Signal_Processing_Function) refers to motion.o(i.finger_single_action) for finger_single_action
    main.o(i.Infrared_Signal_Processing_Function) refers to printf1.o(i.__0printf$1) for __2printf
    main.o(i.Infrared_Signal_Processing_Function) refers to rs485.o(.bss) for Reg
    main.o(i.Infrared_Signal_Processing_Function) refers to wrist.o(.data) for wrist_enabled
    main.o(i.Infrared_Signal_Processing_Function) refers to main.o(.constdata) for .constdata
    main.o(i.Infrared_Signal_Processing_Function) refers to tim.o(.data) for NUMActionCycle
    main.o(i.Infrared_Signal_Processing_Function) refers to main.o(.data) for motion_count
    main.o(i.MyCan_RxHandler) refers to wrist.o(i.set_wrist_motion_Can) for set_wrist_motion_Can
    main.o(i.MyCan_RxHandler) refers to infrared1838.o(.data) for rcvFlag
    main.o(i.MyCan_RxHandler) refers to main.o(.data) for can_motion_flag
    main.o(i.Set_Wrist_Speed) refers to wrist.o(.data) for cycle_time
    main.o(i.SystemClock_Config) refers to memseta.o(.text) for __aeabi_memclr4
    main.o(i.SystemClock_Config) refers to stm32f4xx_hal_rcc.o(i.HAL_RCC_OscConfig) for HAL_RCC_OscConfig
    main.o(i.SystemClock_Config) refers to main.o(i.Error_Handler) for Error_Handler
    main.o(i.SystemClock_Config) refers to stm32f4xx_hal_rcc.o(i.HAL_RCC_ClockConfig) for HAL_RCC_ClockConfig
    main.o(i.main) refers to stm32f4xx_hal.o(i.HAL_Init) for HAL_Init
[...]
    i.HAL_TIM_PWM_PulseFinishedCallback      0x08002672   Section        0  stm32f4xx_hal_tim.o(i.HAL_TIM_PWM_PulseFinishedCallback)
    i.HAL_TIM_PeriodElapsedCallback          0x08002674   Section        0  main.o(i.HAL_TIM_PeriodElapsedCallback)
    i.HAL_TIM_ReadCapturedValue              0x08002744   Section        0  stm32f4xx_hal_tim.o(i.HAL_TIM_ReadCapturedValue)
    i.HAL_TIM_TriggerCallback                0x08002776   Section        0  stm32f4xx_hal_tim.o(i.HAL_TIM_TriggerCallback)
    i.HAL_UARTEx_RxEventCallback             0x08002778   Section        0  stm32f4xx_hal_uart.o(i.HAL_UARTEx_RxEventCallback)
    i.HAL_UART_ErrorCallback                 0x0800277a   Section        0  stm32f4xx_hal_uart.o(i.HAL_UART_ErrorCallback)
    i.HAL_UART_IRQHandler                    0x0800277c   Section        0  stm32f4xx_hal_uart.o(i.HAL_UART_IRQHandler)
    i.HAL_UART_Init                          0x08002a84   Section        0  stm32f4xx_hal_uart.o(i.HAL_UART_Init)
    i.HAL_UART_MspInit                       0x08002afc   Section        0  usart.o(i.HAL_UART_MspInit)
    i.HAL_UART_Receive_IT                    0x08002d94   Section        0  stm32f4xx_hal_uart.o(i.HAL_UART_Receive_IT)
    i.HAL_UART_RxCpltCallback                0x08002dc0   Section        0  usart.o(i.HAL_UART_RxCpltCallback)
    i.HAL_UART_Transmit                      0x08003134   Section        0  stm32f4xx_hal_uart.o(i.HAL_UART_Transmit)
    i.HAL_UART_TxCpltCallback                0x080031f2   Section        0  stm32f4xx_hal_uart.o(i.HAL_UART_TxCpltCallback)
    i.HardFault_Handler                      0x080031f4   Section        0  stm32f4xx_it.o(i.HardFault_Handler)
    i.Host_write16_slave                     0x080031f8   Section        0  rs485.o(i.Host_write16_slave)
    i.InfraredRemote_DumpFrame               0x0800338c   Section        0  infrared1838.o(i.InfraredRemote_DumpFrame)
    i.InfraredRemote_Get_KeyNum              0x080033f0   Section        0  infrared1838.o(i.InfraredRemote_Get_KeyNum)
    i.Infrared_Signal_Processing_Function    0x08003410   Section        0  main.o(i.Infrared_Signal_Processing_Function)
    i.MX_CAN1_Init                           0x08003664   Section        0  can.o(i.MX_CAN1_Init)
    i.MX_GPIO_Init                           0x080036b0   Section        0  gpio.o(i.MX_GPIO_Init)
    i.MX_TIM2_Init                           0x080037a0   Section        0  tim.o(i.MX_TIM2_Init)
    i.MX_TIM3_Init                           0x0800380c   Section        0  tim.o(i.MX_TIM3_Init)
    i.MX_TIM7_Init                           0x080038ac   Section        0  tim.o(i.MX_TIM7_Init)
    i.MX_UART4_Init                          0x080038f8   Section        0  usart.o(i.MX_UART4_Init)
    i.MX_USART1_UART_Init                    0x08003930   Section        0  usart.o(i.MX_USART1_UART_Init)
    i.MX_USART2_UART_Init                    0x08003968   Section        0  usart.o(i.MX_USART2_UART_Init)
    i.MX_USART3_UART_Init                    0x080039a0   Section        0  usart.o(i.MX_USART3_UART_Init)
    i.MX_USART6_UART_Init                    0x080039d8   Section        0  usart.o(i.MX_USART6_UART_Init)
    i.MemManage_Handler                      0x08003a10   Section        0  stm32f4xx_it.o(i.MemManage_Handler)
    i.Modbus_CRC16                           0x08003a14   Section        0  rs485_crc.o(i.Modbus_CRC16)
    i.MyCan_ConfigFilter_List16Bit           0x08003a4c   Section        0  mycan.o(i.MyCan_ConfigFilter_List16Bit)
    i.MyCan_Init                             0x08003ad4   Section        0  mycan.o(i.MyCan_Init)
    i.MyCan_RxFifo0MsgPendingCallback        0x08003af8   Section        0  mycan.o(i.MyCan_RxFifo0MsgPendingCallback)
    i.MyCan_RxFifo1MsgPendingCallback        0x08003b68   Section        0  mycan.o(i.MyCan_RxFifo1MsgPendingCallback)
    i.MyCan_RxHandler                        0x08003bd8   Section        0  main.o(i.MyCan_RxHandler)
    i.MyCan_SendStdData                      0x08003cb0   Section        0  mycan.o(i.MyCan_SendStdData)
    i.MyCan_Start                            0x08003d08   Section        0  mycan.o(i.MyCan_Start)
    i.NMI_Handler                            0x08003d2c   Section        0  stm32f4xx_it.o(i.NMI_Handler)
    i.PendSV_Handler                         0x08003d30   Section        0  stm32f4xx_it.o(i.PendSV_Handler)
    i.SVC_Handler                            0x08003d32   Section        0  stm32f4xx_it.o(i.SVC_Handler)
    i.Set_Wrist_Speed                        0x08003d34   Section        0  main.o(i.Set_Wrist_Speed)
    i.SysTick_Handler                        0x08003da4   Section        0  stm32f4xx_it.o(i.SysTick_Handler)
    i.SystemClock_Config                     0x08003dac   Section        0  main.o(i.SystemClock_Config)
    i.SystemInit                             0x08003e64   Section        0  system_stm32f4xx.o(i.SystemInit)
    i.TIM2_IRQHandler                        0x08003e78   Section        0  stm32f4xx_it.o(i.TIM2_IRQHandler)
    i.TIM3_IRQHandler                        0x08003e88   Section        0  stm32f4xx_it.o(i.TIM3_IRQHandler)
    i.TIM7_IRQHandler                        0x08003e98   Section        0  stm32f4xx_it.o(i.TIM7_IRQHandler)
    i.TIM_Base_SetConfig                     0x08003ea8   Section        0  stm32f4xx_hal_tim.o(i.TIM_Base_SetConfig)
    i.TIM_CCxChannelCmd                      0x08003f88   Section        0  stm32f4xx_hal_tim.o(i.TIM_CCxChannelCmd)
    i.TIM_ETR_SetConfig                      0x08003faa   Section        0  stm32f4xx_hal_tim.o(i.TIM_ETR_SetConfig)
    i.TIM_ITRx_SetConfig                     0x08003fc0   Section        0  stm32f4xx_hal_tim.o(i.TIM_ITRx_SetConfig)
    TIM_ITRx_SetConfig                       0x08003fc1   Thumb Code    18  stm32f4xx_hal_tim.o(i.TIM_ITRx_SetConfig)
    i.TIM_TI1_ConfigInputStage               0x08003fd2   Section        0  stm32f4xx_hal_tim.o(i.TIM_TI1_ConfigInputStage)
    TIM_TI1_ConfigInputStage                 0x08003fd3   Thumb Code    38  stm32f4xx_hal_tim.o(i.TIM_TI1_ConfigInputStage)
    i.TIM_TI1_SetConfig                      0x08003ff8   Section        0  stm32f4xx_hal_tim.o(i.TIM_TI1_SetConfig)
    i.TIM_TI2_ConfigInputStage               0x08004088   Section        0  stm32f4xx_hal_tim.o(i.TIM_TI2_ConfigInputStage)
    TIM_TI2_ConfigInputStage                 0x08004089   Thumb Code    40  stm32f4xx_hal_tim.o(i.TIM_TI2_ConfigInputStage)
    i.TIM_TI2_SetConfig                      0x080040b0   Section        0  stm32f4xx_hal_tim.o(i.TIM_TI2_SetConfig)
    TIM_TI2_SetConfig                        0x080040b1   Thumb Code    58  stm32f4xx_hal_tim.o(i.TIM_TI2_SetConfig)
    i.TIM_TI3_SetConfig                      0x080040ea   Section        0  stm32f4xx_hal_tim.o(i.TIM_TI3_SetConfig)
    TIM_TI3_SetConfig                        0x080040eb   Thumb Code    56  stm32f4xx_hal_tim.o(i.TIM_TI3_SetConfig)
    i.TIM_TI4_SetConfig                      0x08004122   Section        0  stm32f4xx_hal_tim.o(i.TIM_TI4_SetConfig)
    TIM_TI4_SetConfig                        0x08004123   Thumb Code    60  stm32f4xx_hal_tim.o(i.TIM_TI4_SetConfig)
    i.UART_DMAAbortOnError                   0x0800415e   Section        0  stm32f4xx_hal_uart.o(i.UART_DMAAbortOnError)
    UART_DMAAbortOnError                     0x0800415f   Thumb Code    18  stm32f4xx_hal_uart.o(i.UART_DMAAbortOnError)
    i.UART_EndRxTransfer                     0x08004170   Section        0  stm32f4xx_hal_uart.o(i.UART_EndRxTransfer)
    UART_EndRxTransfer                       0x08004171   Thumb Code   108  stm32f4xx_hal_uart.o(i.UART_EndRxTransfer)
    i.UART_EndTransmit_IT                    0x080041dc   Section        0  stm32f4xx_hal_uart.o(i.UART_EndTransmit_IT)
    UART_EndTransmit_IT                      0x080041dd   Thumb Code    32  stm32f4xx_hal_uart.o(i.UART_EndTransmit_IT)
    i.UART_Receive_IT                        0x080041fc   Section        0  stm32f4xx_hal_uart.o(i.UART_Receive_IT)
    UART_Receive_IT                          0x080041fd   Thumb Code   252  stm32f4xx_hal_uart.o(i.UART_Receive_IT)
    i.UART_SetConfig                         0x080042f8   Section        0  stm32f4xx_hal_uart.o(i.UART_SetConfig)
    UART_SetConfig                           0x080042f9   Thumb Code   546  stm32f4xx_hal_uart.o(i.UART_SetConfig)
    i.UART_Start_Receive_IT                  0x08004524   Section        0  stm32f4xx_hal_uart.o(i.UART_Start_Receive_IT)
    i.UART_Transmit_IT                       0x08004564   Section        0  stm32f4xx_hal_uart.o(i.UART_Transmit_IT)
    UART_Transmit_IT                         0x08004565   Thumb Code    96  stm32f4xx_hal_uart.o(i.UART_Transmit_IT)
    i.UART_WaitOnFlagUntilTimeout            0x080045c4   Section        0  stm32f4xx_hal_uart.o(i.UART_WaitOnFlagUntilTimeout)
    UART_WaitOnFlagUntilTimeout              0x080045c5   Thumb Code   140  stm32f4xx_hal_uart.o(i.UART_WaitOnFlagUntilTimeout)
    i.USART1_IRQHandler                      0x08004650   Section        0  stm32f4xx_it.o(i.USART1_IRQHandler)
    i.USART2_IRQHandler                      0x08004660   Section        0  stm32f4xx_it.o(i.USART2_IRQHandler)
    i.USART3_IRQHandler                      0x08004670   Section        0  stm32f4xx_it.o(i.USART3_IRQHandler)
    i.USART6_IRQHandler                      0x08004680   Section        0  stm32f4xx_it.o(i.USART6_IRQHandler)
    i.UsageFault_Handler                     0x08004690   Section        0  stm32f4xx_it.o(i.UsageFault_Handler)
    i.__0printf$1                            0x08004694   Section        0  printf1.o(i.__0printf$1)
    i.__0sprintf$1                           0x080046b4   Section        0  printf1.o(i.__0sprintf$1)
    i.__ARM_fpclassifyf                      0x080046dc   Section        0  fpclassifyf.o(i.__ARM_fpclassifyf)
    i.__NVIC_GetPriorityGrouping             0x08004704   Section        0  stm32f4xx_hal_cortex.o(i.__NVIC_GetPriorityGrouping)
    __NVIC_GetPriorityGrouping               0x08004705   Thumb Code    10  stm32f4xx_hal_cortex.o(i.__NVIC_GetPriorityGrouping)
    i.__NVIC_SetPriority                     0x08004714   Section        0  stm32f4xx_hal_cortex.o(i.__NVIC_SetPriority)
    __NVIC_SetPriority                       0x08004715   Thumb Code    32  stm32f4xx_hal_cortex.o(i.__NVIC_SetPriority)
    i.__hardfp_sinf                          0x0800473c   Section        0  sinf.o(i.__hardfp_sinf)
    i.__hardfp_sqrtf                         0x080048cc   Section        0  sqrtf.o(i.__hardfp_sqrtf)
    i.__mathlib_flt_infnan                   0x08004906   Section        0  funder.o(i.__mathlib_flt_infnan)
    i.__mathlib_flt_invalid                  0x0800490c   Section        0  funder.o(i.__mathlib_flt_invalid)
    i.__mathlib_flt_underflow                0x0800491c   Section        0  funder.o(i.__mathlib_flt_underflow)
    i.__mathlib_rredf2                       0x0800492c   Section        0  rredf.o(i.__mathlib_rredf2)
    i.__scatterload_copy                     0x08004a80   Section       14  handlers.o(i.__scatterload_copy)
    i.__scatterload_null                     0x08004a8e   Section        2  handlers.o(i.__scatterload_null)
    i.__scatterload_zeroinit                 0x08004a90   Section       14  handlers.o(i.__scatterload_zeroinit)
    i.__set_errno                            0x08004aa0   Section        0  errno.o(i.__set_errno)
    i._printf_core                           0x08004aac   Section        0  printf1.o(i._printf_core)
    _printf_core                             0x08004aad   Thumb Code   336  printf1.o(i._printf_core)
    i._sputc                                 0x08004c00   Section        0  printf1.o(i._sputc)
    _sputc                                   0x08004c01   Thumb Code    10  printf1.o(i._sputc)
    i.bitbuffer_to_num                       0x08004c0c   Section        0  infrared1838.o(i.bitbuffer_to_num)
    i.build_instruction_frame                0x08004c8c   Section        0  wrist.o(i.build_instruction_frame)
    i.calculateRequiredTime                  0x08004d38   Section        0  wrist.o(i.calculateRequiredTime)
    calculateRequiredTime                    0x08004d39   Thumb Code   300  wrist.o(i.calculateRequiredTime)
    i.calculate_checksum                     0x08004e7c   Section        0  wrist.o(i.calculate_checksum)
    i.finger_motion                          0x08004e98   Section        0  motion.o(i.finger_motion)
    i.finger_single_action                   0x08005030   Section        0  motion.o(i.finger_single_action)
    i.fputc                                  0x0800528c   Section        0  usart.o(i.fputc)
    i.init_uart_receive                      0x080052a8   Section        0  usart.o(i.init_uart_receive)
    i.init_uart_receive1                     0x080052bc   Section        0  usart.o(i.init_uart_receive1)
    i.main                                   0x080052d0   Section        0  main.o(i.main)
    i.modbus1_Send_Byte                      0x0800541c   Section        0  rs485.o(i.modbus1_Send_Byte)
    i.modbus2_Event                          0x08005430   Section        0  rs485.o(i.modbus2_Event)
    i.modbus2_Func16                         0x08005668   Section        0  rs485.o(i.modbus2_Func16)
    i.modbus2_Func3                          0x08005730   Section        0  rs485.o(i.modbus2_Func3)
    i.modbus2_Func6                          0x0800582c   Section        0  rs485.o(i.modbus2_Func6)
    i.modbus2_Init                           0x08005924   Section        0  rs485.o(i.modbus2_Init)
    i.modbus2_Send_Byte                      0x08005970   Section        0  rs485.o(i.modbus2_Send_Byte)
    i.physicalToSpeed                        0x08005984   Section        0  wrist.o(i.physicalToSpeed)
    physicalToSpeed                          0x08005985   Thumb Code    70  wrist.o(i.physicalToSpeed)
    i.send_uart_instruction_frame            0x080059d8   Section        0  wrist.o(i.send_uart_instruction_frame)
    i.set_wrist_motion_Can                   0x08005a7c   Section        0  wrist.o(i.set_wrist_motion_Can)
    i.speedToPhysical                        0x08005bb4   Section        0  wrist.o(i.speedToPhysical)
    speedToPhysical                          0x08005bb5   Thumb Code    26  wrist.o(i.speedToPhysical)
    i.updatePendulumSmartMotion              0x08005bd8   Section        0  wrist.o(i.updatePendulumSmartMotion)
    updatePendulumSmartMotion                0x08005bd9   Thumb Code   398  wrist.o(i.updatePendulumSmartMotion)
    i.updateRotationSmartMotion              0x08005d80   Section        0  wrist.o(i.updateRotationSmartMotion)
    updateRotationSmartMotion                0x08005d81   Thumb Code   414  wrist.o(i.updateRotationSmartMotion)
    i.updateRotationStatePosition            0x08005f48   Section        0  wrist.o(i.updateRotationStatePosition)
    updateRotationStatePosition              0x08005f49   Thumb Code   192  wrist.o(i.updateRotationStatePosition)
    i.updateSmartMotionControl               0x0800600c   Section        0  wrist.o(i.updateSmartMotionControl)
    i.vel_move                               0x08006100   Section        0  wrist.o(i.vel_move)
    i.vel_move1                              0x0800615c   Section        0  wrist.o(i.vel_move1)
    .constdata                               0x080061b8   Section       10  main.o(.constdata)
    .constdata                               0x080061c2   Section       24  system_stm32f4xx.o(.constdata)
    .constdata                               0x080061da   Section      512  rs485_crc.o(.constdata)
    .constdata                               0x080063dc   Section       32  rredf.o(.constdata)
    twooverpi                                0x080063dc   Data          32  rredf.o(.constdata)
    .data                                    0x20000000   Section       12  main.o(.data)
    .data                                    0x2000000c   Section        4  tim.o(.data)
    .data                                    0x20000010   Section       14  usart.o(.data)
    rx_state                                 0x2000001c   Data           1  usart.o(.data)
    rx_state1                                0x2000001d   Data           1  usart.o(.data)
    .data                                    0x20000020   Section        9  stm32f4xx_hal.o(.data)
    .data                                    0x2000002c   Section        4  system_stm32f4xx.o(.data)
    .data                                    0x20000030   Section      241  rs485.o(.data)
    Action1_ban1                             0x20000030   Data         120  rs485.o(.data)
    Action1_ban2                             0x200000a8   Data         120  rs485.o(.data)
    .data                                    0x20000124   Section       28  wrist.o(.data)
    motion_direction                         0x2000012b   Data           1  wrist.o(.data)
    motion_start_time                        0x2000012c   Data           4  wrist.o(.data)
    rotation_state                           0x20000130   Data           1  wrist.o(.data)
    state_start_time                         0x20000134   Data           4  wrist.o(.data)
    current_physical_speed                   0x20000138   Data           4  wrist.o(.data)
    .data                                    0x20000140   Section       23  infrared1838.o(.data)
    .data                                    0x20000158   Section      640  motion.o(.data)
    .data                                    0x200003d8   Section       16  mycan.o(.data)
    g_hcan                                   0x200003d8   Data           4  mycan.o(.data)
    g_rx_callback                            0x200003dc   Data           4  mycan.o(.data)
    g_rx_count                               0x200003e0   Data           4  mycan.o(.data)
    g_tx_count                               0x200003e4   Data           4  mycan.o(.data)
    .data                                    0x200003e8   Section        4  stdout.o(.data)
    .data                                    0x200003ec   Section        4  errno.o(.data)
    _errno                                   0x200003ec   Data           4  errno.o(.data)
    .bss                                     0x200003f0   Section       40  can.o(.bss)
    .bss                                     0x20000418   Section      216  tim.o(.bss)
    .bss                                     0x200004f0   Section      440  usart.o(.bss)
    .bss                                     0x200006a8   Section      692  rs485.o(.bss)
    .bss                                     0x2000095c   Section      100  wrist.o(.bss)
    .bss                                     0x200009c0   Section      450  infrared1838.o(.bss)
    frameBuffer                              0x20000ac0   Data          66  infrared1838.o(.bss)
    STACK                                    0x20000b88   Section     1024  startup_stm32f407xx.o(STACK)

    Global Symbols

    Symbol Name                              Value     Ov Type        Size  Object(Section)

    BuildAttributes$$THM_ISAv4$E$P$D$K$B$S$7EM$VFPi3$EXTD16$VFPS$VFMA$PE$A:L22UL41UL21$X:L11$S22US41US21$IEEE1$IW$USESV6$~STKCKD$USESV7$~SHL$OTIME$ROPI$IEEEX$EBA8$MICROLIB$REQ8$PRES8$EABIv2 0x00000000   Number         0  anon$$obj.o ABSOLUTE
    __ARM_use_no_argv                        0x00000000   Number         0  main.o ABSOLUTE
    _printf_a                                0x00000000   Number         0  stubs.o ABSOLUTE
    _printf_c                                0x00000000   Number         0  stubs.o ABSOLUTE
    _printf_charcount                        0x00000000   Number         0  stubs.o ABSOLUTE
    _printf_d                                0x00000000   Number         0  stubs.o ABSOLUTE
    _printf_e                                0x00000000   Number         0  stubs.o ABSOLUTE
    _printf_f                                0x00000000   Number         0  stubs.o ABSOLUTE
    _printf_flags                            0x00000000   Number         0  stubs.o ABSOLUTE
    _printf_fp_dec                           0x00000000   Number         0  stubs.o ABSOLUTE
    _printf_fp_hex                           0x00000000   Number         0  stubs.o ABSOLUTE
    _printf_g                                0x00000000   Number         0  stubs.o ABSOLUTE
    _printf_i                                0x00000000   Number         0  stubs.o ABSOLUTE
    _printf_int_dec                          0x00000000   Number         0  stubs.o ABSOLUTE
    _printf_l                                0x00000000   Number         0  stubs.o ABSOLUTE
    _printf_lc                               0x00000000   Number         0  stubs.o ABSOLUTE
    _printf_ll                               0x00000000   Number         0  stubs.o ABSOLUTE
    _printf_lld                              0x00000000   Number         0  stubs.o ABSOLUTE
    _printf_lli                              0x00000000   Number         0  stubs.o ABSOLUTE
    _printf_llo                              0x00000000   Number         0  stubs.o ABSOLUTE
    _printf_llu                              0x00000000   Number         0  stubs.o ABSOLUTE
    _printf_llx                              0x00000000   Number         0  stubs.o ABSOLUTE
    _printf_longlong_dec                     0x00000000   Number         0  stubs.o ABSOLUTE
    _printf_longlong_hex                     0x00000000   Number         0  stubs.o ABSOLUTE
    _printf_longlong_oct                     0x00000000   Number         0  stubs.o ABSOLUTE
    _printf_ls                               0x00000000   Number         0  stubs.o ABSOLUTE
    _printf_mbtowc                           0x00000000   Number         0  stubs.o ABSOLUTE
    _printf_n                                0x00000000   Number         0  stubs.o ABSOLUTE
    _printf_o                                0x00000000   Number         0  stubs.o ABSOLUTE
    _printf_p                                0x00000000   Number         0  stubs.o ABSOLUTE
    _printf_percent                          0x00000000   Number         0  stubs.o ABSOLUTE
    _printf_pre_padding                      0x00000000   Number         0  stubs.o ABSOLUTE
    _printf_return_value                     0x00000000   Number         0  stubs.o ABSOLUTE
    _printf_s                                0x00000000   Number         0  stubs.o ABSOLUTE
    _printf_sizespec                         0x00000000   Number         0  stubs.o ABSOLUTE
    _printf_str                              0x00000000   Number         0  stubs.o ABSOLUTE
    _printf_truncate_signed                  0x00000000   Number         0  stubs.o ABSOLUTE
    _printf_truncate_unsigned                0x00000000   Number         0  stubs.o ABSOLUTE
    _printf_u                                0x00000000   Number         0  stubs.o ABSOLUTE
    _printf_wc                               0x00000000   Number         0  stubs.o ABSOLUTE
    _printf_wctomb                           0x00000000   Number         0  stubs.o ABSOLUTE
    _printf_widthprec                        0x00000000   Number         0  stubs.o ABSOLUTE
    _printf_x                                0x00000000   Number         0  stubs.o ABSOLUTE
    __arm_fini_                               - Undefined Weak Reference
    __cpp_initialize__aeabi_                  - Undefined Weak Reference
    __cxa_finalize                            - Undefined Weak Reference
    _clock_init                               - Undefined Weak Reference
    _microlib_exit                            - Undefined Weak Reference
    __Vectors_Size                           0x00000188   Number         0  startup_stm32f407xx.o ABSOLUTE
    __Vectors                                0x08000000   Data           4  startup_stm32f407xx.o(RESET)
    __Vectors_End                            0x08000188   Data           0  startup_stm32f407xx.o(RESET)
    __main                                   0x08000189   Thumb Code     0  entry.o(.ARM.Collect$$$$00000000)
    _main_stk                                0x08000189   Thumb Code     0  entry2.o(.ARM.Collect$$$$00000001)
    _main_scatterload                        0x0800018d   Thumb Code     0  entry5.o(.ARM.Collect$$$$00000004)
    __main_after_scatterload                 0x08000191   Thumb Code     0  entry5.o(.ARM.Collect$$$$00000004)
    _main_clock                              0x08000191   Thumb Code     0  entry7b.o(.ARM.Collect$$$$00000008)
    _main_cpp_init                           0x08000191   Thumb Code     0  entry8b.o(.ARM.Collect$$$$0000000A)
    _main_init                               0x08000191   Thumb Code     0  entry9a.o(.ARM.Collect$$$$0000000B)
    __rt_lib_shutdown_fini                   0x08000199   Thumb Code     0  entry12b.o(.ARM.Collect$$$$0000000E)
    __rt_final_cpp                           0x0800019d   Thumb Code     0  entry10a.o(.ARM.Collect$$$$0000000F)
    __rt_final_exit                          0x0800019d   Thumb Code     0  entry11a.o(.ARM.Collect$$$$00000011)
    Reset_Handler                            0x080001a1   Thumb Code     8  startup_stm32f407xx.o(.text)
    ADC_IRQHandler                           0x080001bb   Thumb Code     0  startup_stm32f407xx.o(.text)
    CAN1_SCE_IRQHandler                      0x080001bb   Thumb Code     0  startup_stm32f407xx.o(.text)
    CAN1_TX_IRQHandler                       0x080001bb   Thumb Code     0  startup_stm32f407xx.o(.text)
    CAN2_RX0_IRQHandler                      0x080001bb   Thumb Code     0  startup_stm32f407xx.o(.text)
    CAN2_RX1_IRQHandler                      0x080001bb   Thumb Code     0  startup_stm32f407xx.o(.text)
    CAN2_SCE_IRQHandler                      0x080001bb   Thumb Code     0  startup_stm32f407xx.o(.text)
    CAN2_TX_IRQHandler                       0x080001bb   Thumb Code     0  startup_stm32f407xx.o(.text)
    DCMI_IRQHandler                          0x080001bb   Thumb Code     0  startup_stm32f407xx.o(.text)
    DMA1_Stream0_IRQHandler                  0x080001bb   Thumb Code     0  startup_stm32f407xx.o(.text)
    DMA1_Stream1_IRQHandler                  0x080001bb   Thumb Code     0  startup_stm32f407xx.o(.text)
    DMA1_Stream2_IRQHandler                  0x080001bb   Thumb Code     0  startup_stm32f407xx.o(.text)
    DMA1_Stream3_IRQHandler                  0x080001bb   Thumb Code     0  startup_stm32f407xx.o(.text)
    DMA1_Stream4_IRQHandler                  0x080001bb   Thumb Code     0  startup_stm32f407xx.o(.text)
    DMA1_Stream5_IRQHandler                  0x080001bb   Thumb Code     0  startup_stm32f407xx.o(.text)
    DMA1_Stream6_IRQHandler                  0x080001bb   Thumb Code     0  startup_stm32f407xx.o(.text)
    DMA1_Stream7_IRQHandler                  0x080001bb   Thumb Code     0  startup_stm32f407xx.o(.text)
    DMA2_Stream0_IRQHandler                  0x080001bb   Thumb Code     0  startup_stm32f407xx.o(.text)
    DMA2_Stream1_IRQHandler                  0x080001bb   Thumb Code     0  startup_stm32f407xx.o(.text)
    DMA2_Stream2_IRQHandler                  0x080001bb   Thumb Code     0  startup_stm32f407xx.o(.text)
    DMA2_Stream3_IRQHandler                  0x080001bb   Thumb Code     0  startup_stm32f407xx.o(.text)
    DMA2_Stream4_IRQHandler                  0x080001bb   Thumb Code     0  startup_stm32f407xx.o(.text)
    DMA2_Stream5_IRQHandler                  0x080001bb   Thumb Code     0  startup_stm32f407xx.o(.text)
    DMA2_Stream6_IRQHandler                  0x080001bb   Thumb Code     0  startup_stm32f407xx.o(.text)
    DMA2_Stream7_IRQHandler                  0x080001bb   Thumb Code     0  startup_stm32f407xx.o(.text)
    ETH_IRQHandler                           0x080001bb   Thumb Code     0  startup_stm32f407xx.o(.text)
    ETH_WKUP_IRQHandler                      0x080001bb   Thumb Code     0  startup_stm32f407xx.o(.text)
    EXTI0_IRQHandler                         0x080001bb   Thumb Code     0  startup_stm32f407xx.o(.text)
    EXTI15_10_IRQHandler                     0x080001bb   Thumb Code     0  startup_stm32f407xx.o(.text)
    EXTI1_IRQHandler                         0x080001bb   Thumb Code     0  startup_stm32f407xx.o(.text)
    EXTI2_IRQHandler                         0x080001bb   Thumb Code     0  startup_stm32f407xx.o(.text)
    EXTI3_IRQHandler                         0x080001bb   Thumb Code     0  startup_stm32f407xx.o(.text)
    EXTI4_IRQHandler                         0x080001bb   Thumb Code     0  startup_stm32f407xx.o(.text)
    EXTI9_5_IRQHandler                       0x080001bb   Thumb Code     0  startup_stm32f407xx.o(.text)
    FLASH_IRQHandler                         0x080001bb   Thumb Code     0  startup_stm32f407xx.o(.text)
    FMC_IRQHandler                           0x080001bb   Thumb Code     0  startup_stm32f407xx.o(.text)
    FPU_IRQHandler                           0x080001bb   Thumb Code     0  startup_stm32f407xx.o(.text)
    HASH_RNG_IRQHandler                      0x080001bb   Thumb Code     0  startup_stm32f407xx.o(.text)
    I2C1_ER_IRQHandler                       0x080001bb   Thumb Code     0  startup_stm32f407xx.o(.text)
    I2C1_EV_IRQHandler                       0x080001bb   Thumb Code     0  startup_stm32f407xx.o(.text)
    I2C2_ER_IRQHandler                       0x080001bb   Thumb Code     0  startup_stm32f407xx.o(.text)
    I2C2_EV_IRQHandler                       0x080001bb   Thumb Code     0  startup_stm32f407xx.o(.text)
    I2C3_ER_IRQHandler                       0x080001bb   Thumb Code     0  startup_stm32f407xx.o(.text)
    I2C3_EV_IRQHandler                       0x080001bb   Thumb Code     0  startup_stm32f407xx.o(.text)
    OTG_FS_IRQHandler                        0x080001bb   Thumb Code     0  startup_stm32f407xx.o(.text)
    OTG_FS_WKUP_IRQHandler                   0x080001bb   Thumb Code     0  startup_stm32f407xx.o(.text)
    OTG_HS_EP1_IN_IRQHandler                 0x080001bb   Thumb Code     0  startup_stm32f407xx.o(.text)
    OTG_HS_EP1_OUT_IRQHandler                0x080001bb   Thumb Code     0  startup_stm32f407xx.o(.text)
    OTG_HS_IRQHandler                        0x080001bb   Thumb Code     0  startup_stm32f407xx.o(.text)
    OTG_HS_WKUP_IRQHandler                   0x080001bb   Thumb Code     0  startup_stm32f407xx.o(.text)
    PVD_IRQHandler                           0x080001bb   Thumb Code     0  startup_stm32f407xx.o(.text)
    RCC_IRQHandler                           0x080001bb   Thumb Code     0  startup_stm32f407xx.o(.text)
    RTC_Alarm_IRQHandler                     0x080001bb   Thumb Code     0  startup_stm32f407xx.o(.text)
    RTC_WKUP_IRQHandler                      0x080001bb   Thumb Code     0  startup_stm32f407xx.o(.text)
    SDIO_IRQHandler                          0x080001bb   Thumb Code     0  startup_stm32f407xx.o(.text)
    SPI1_IRQHandler                          0x080001bb   Thumb Code     0  startup_stm32f407xx.o(.text)
    SPI2_IRQHandler                          0x080001bb   Thumb Code     0  startup_stm32f407xx.o(.text)
    SPI3_IRQHandler                          0x080001bb   Thumb Code     0  startup_stm32f407xx.o(.text)
    TAMP_STAMP_IRQHandler                    0x080001bb   Thumb Code     0  startup_stm32f407xx.o(.text)
    TIM1_BRK_TIM9_IRQHandler                 0x080001bb   Thumb Code     0  startup_stm32f407xx.o(.text)
    TIM1_CC_IRQHandler                       0x080001bb   Thumb Code     0  startup_stm32f407xx.o(.text)
    TIM1_TRG_COM_TIM11_IRQHandler            0x080001bb   Thumb Code     0  startup_stm32f407xx.o(.text)
    TIM1_UP_TIM10_IRQHandler                 0x080001bb   Thumb Code     0  startup_stm32f407xx.o(.text)
    TIM4_IRQHandler                          0x080001bb   Thumb Code     0  startup_stm32f407xx.o(.text)
    TIM5_IRQHandler                          0x080001bb   Thumb Code     0  startup_stm32f407xx.o(.text)
    TIM6_DAC_IRQHandler                      0x080001bb   Thumb Code     0  startup_stm32f407xx.o(.text)
    TIM8_BRK_TIM12_IRQHandler                0x080001bb   Thumb Code     0  startup_stm32f407xx.o(.text)
    TIM8_CC_IRQHandler                       0x080001bb   Thumb Code     0  startup_stm32f407xx.o(.text)
    TIM8_TRG_COM_TIM14_IRQHandler            0x080001bb   Thumb Code     0  startup_stm32f407xx.o(.text)
    TIM8_UP_TIM13_IRQHandler                 0x080001bb   Thumb Code     0  startup_stm32f407xx.o(.text)
    UART4_IRQHandler                         0x080001bb   Thumb Code     0  startup_stm32f407xx.o(.text)
    UART5_IRQHandler                         0x080001bb   Thumb Code     0  startup_stm32f407xx.o(.text)
    WWDG_IRQHandler                          0x080001bb   Thumb Code     0  startup_stm32f407xx.o(.text)
    __aeabi_uldivmod                         0x080001c5   Thumb Code    98  uldiv.o(.text)
    __aeabi_memcpy                           0x08000227   Thumb Code    36  memcpya.o(.text)
    __aeabi_memcpy4                          0x08000227   Thumb Code     0  memcpya.o(.text)
    __aeabi_memcpy8                          0x08000227   Thumb Code     0  memcpya.o(.text)
    __aeabi_memset                           0x0800024b   Thumb Code    14  memseta.o(.text)
    __aeabi_memset4                          0x0800024b   Thumb Code     0  memseta.o(.text)
    __aeabi_memset8                          0x0800024b   Thumb Code     0  memseta.o(.text)
    __aeabi_memclr                           0x08000259   Thumb Code     4  memseta.o(.text)
    __aeabi_memclr4                          0x08000259   Thumb Code     0  memseta.o(.text)
    __aeabi_memclr8                          0x08000259   Thumb Code     0  memseta.o(.text)
    _memset$wrapper                          0x0800025d   Thumb Code    18  memseta.o(.text)
    strlen                                   0x0800026f   Thumb Code    14  strlen.o(.text)
    __aeabi_dadd                             0x0800027d   Thumb Code   322  dadd.o(.text)
    __aeabi_dsub                             0x080003bf   Thumb Code     6  dadd.o(.text)
    __aeabi_drsub                            0x080003c5   Thumb Code     6  dadd.o(.text)
    __aeabi_dmul                             0x080003cb   Thumb Code   228  dmul.o(.text)
    __aeabi_ui2d                             0x080004af   Thumb Code    26  dfltui.o(.text)
    __aeabi_d2uiz                            0x080004c9   Thumb Code    50  dfixui.o(.text)
    __aeabi_f2d                              0x080004fb   Thumb Code    38  f2d.o(.text)
    __aeabi_d2f                              0x08000521   Thumb Code    56  d2f.o(.text)
    __aeabi_uidiv                            0x08000559   Thumb Code     0  uidiv.o(.text)
    __aeabi_uidivmod                         0x08000559   Thumb Code    44  uidiv.o(.text)
    __aeabi_llsl                             0x08000585   Thumb Code    30  llshl.o(.text)
    _ll_shift_l                              0x08000585   Thumb Code     0  llshl.o(.text)
    __aeabi_llsr                             0x080005a3   Thumb Code    32  llushr.o(.text)
    _ll_ushift_r                             0x080005a3   Thumb Code     0  llushr.o(.text)
    __aeabi_lasr                             0x080005c3   Thumb Code    36  llsshr.o(.text)
    _ll_sshift_r                             0x080005c3   Thumb Code     0  llsshr.o(.text)
    __I$use$fp                               0x080005e7   Thumb Code     0  iusefp.o(.text)
    _float_round                             0x080005e7   Thumb Code    18  fepilogue.o(.text)
    _float_epilogue                          0x080005f9   Thumb Code    92  fepilogue.o(.text)
    _double_round                            0x08000655   Thumb Code    30  depilogue.o(.text)
    _double_epilogue                         0x08000673   Thumb Code   156  depilogue.o(.text)
    __scatterload                            0x08000711   Thumb Code    28  init.o(.text)
    __scatterload_rt2                        0x08000711   Thumb Code     0  init.o(.text)
    __decompress                             0x08000735   Thumb Code     0  __dczerorl2.o(.text)
    __decompress1                            0x08000735   Thumb Code    86  __dczerorl2.o(.text)
    BusFault_Handler                         0x0800078b   Thumb Code     4  stm32f4xx_it.o(i.BusFault_Handler)
    CAN1_RX0_IRQHandler                      0x08000791   Thumb Code    10  stm32f4xx_it.o(i.CAN1_RX0_IRQHandler)
    CAN1_RX1_IRQHandler                      0x080007a1   Thumb Code    10  stm32f4xx_it.o(i.CAN1_RX1_IRQHandler)
    DebugMon_Handler                         0x080007b1   Thumb Code     2  stm32f4xx_it.o(i.DebugMon_Handler)
    Error_Handler                            0x080007b3   Thumb Code     6  main.o(i.Error_Handler)
    HAL_CAN_ActivateNotification             0x080007b9   Thumb Code    42  stm32f4xx_hal_can.o(i.HAL_CAN_ActivateNotification)
    HAL_CAN_AddTxMessage                     0x080007e3   Thumb Code   330  stm32f4xx_hal_can.o(i.HAL_CAN_AddTxMessage)
    HAL_CAN_ConfigFilter                     0x0800092d   Thumb Code   284  stm32f4xx_hal_can.o(i.HAL_CAN_ConfigFilter)
    HAL_CAN_ErrorCallback                    0x08000a4d   Thumb Code     2  stm32f4xx_hal_can.o(i.HAL_CAN_ErrorCallback)
    HAL_CAN_GetRxMessage                     0x08000a4f   Thumb Code   404  stm32f4xx_hal_can.o(i.HAL_CAN_GetRxMessage)
    HAL_CAN_IRQHandler                       0x08000be3   Thumb Code   590  stm32f4xx_hal_can.o(i.HAL_CAN_IRQHandler)
    HAL_CAN_Init                             0x08000e31   Thumb Code   372  stm32f4xx_hal_can.o(i.HAL_CAN_Init)
    HAL_CAN_MspInit                          0x08000fa5   Thumb Code   156  can.o(i.HAL_CAN_MspInit)
    HAL_CAN_RxFifo0FullCallback              0x0800104d   Thumb Code     2  stm32f4xx_hal_can.o(i.HAL_CAN_RxFifo0FullCallback)
    HAL_CAN_RxFifo0MsgPendingCallback        0x08001051   Thumb Code    20  stm32f4xx_it.o(i.HAL_CAN_RxFifo0MsgPendingCallback)
    HAL_CAN_RxFifo1FullCallback              0x08001069   Thumb Code     2  stm32f4xx_hal_can.o(i.HAL_CAN_RxFifo1FullCallback)
    HAL_CAN_RxFifo1MsgPendingCallback        0x0800106d   Thumb Code    20  stm32f4xx_it.o(i.HAL_CAN_RxFifo1MsgPendingCallback)
    HAL_CAN_SleepCallback                    0x08001085   Thumb Code     2  stm32f4xx_hal_can.o(i.HAL_CAN_SleepCallback)
    HAL_CAN_Start                            0x08001087   Thumb Code    94  stm32f4xx_hal_can.o(i.HAL_CAN_Start)
    HAL_CAN_TxMailbox0AbortCallback          0x080010e5   Thumb Code     2  stm32f4xx_hal_can.o(i.HAL_CAN_TxMailbox0AbortCallback)
    HAL_CAN_TxMailbox0CompleteCallback       0x080010e7   Thumb Code     2  stm32f4xx_hal_can.o(i.HAL_CAN_TxMailbox0CompleteCallback)
    HAL_CAN_TxMailbox1AbortCallback          0x080010e9   Thumb Code     2  stm32f4xx_hal_can.o(i.HAL_CAN_TxMailbox1AbortCallback)
    HAL_CAN_TxMailbox1CompleteCallback       0x080010eb   Thumb Code     2  stm32f4xx_hal_can.o(i.HAL_CAN_TxMailbox1CompleteCallback)
    HAL_CAN_TxMailbox2AbortCallback          0x080010ed   Thumb Code     2  stm32f4xx_hal_can.o(i.HAL_CAN_TxMailbox2AbortCallback)
    HAL_CAN_TxMailbox2CompleteCallback       0x080010ef   Thumb Code     2  stm32f4xx_hal_can.o(i.HAL_CAN_TxMailbox2CompleteCallback)
    HAL_CAN_WakeUpFromRxMsgCallback          0x080010f1   Thumb Code     2  stm32f4xx_hal_can.o(i.HAL_CAN_WakeUpFromRxMsgCallback)
    HAL_DMA_Abort                            0x080010f3   Thumb Code   172  stm32f4xx_hal_dma.o(i.HAL_DMA_Abort)
    HAL_DMA_Abort_IT                         0x0800119f   Thumb Code    40  stm32f4xx_hal_dma.o(i.HAL_DMA_Abort_IT)
    HAL_Delay                                0x080011c9   Thumb Code    36  stm32f4xx_hal.o(i.HAL_Delay)
    HAL_GPIO_Init                            0x080011f1   Thumb Code   454  stm32f4xx_hal_gpio.o(i.HAL_GPIO_Init)
    HAL_GPIO_WritePin                        0x080013e5   Thumb Code    12  stm32f4xx_hal_gpio.o(i.HAL_GPIO_WritePin)
    HAL_GetTick                              0x080013f1   Thumb Code     6  stm32f4xx_hal.o(i.HAL_GetTick)
    HAL_IncTick                              0x080013fd   Thumb Code    16  stm32f4xx_hal.o(i.HAL_IncTick)
    HAL_Init                                 0x08001415   Thumb Code    54  stm32f4xx_hal.o(i.HAL_Init)
    HAL_InitTick                             0x08001451   Thumb Code    64  stm32f4xx_hal.o(i.HAL_InitTick)
    HAL_MspInit                              0x0800149d   Thumb Code    68  stm32f4xx_hal_msp.o(i.HAL_MspInit)
    HAL_NVIC_EnableIRQ                       0x080014e5   Thumb Code    40  stm32f4xx_hal_cortex.o(i.HAL_NVIC_EnableIRQ)
    HAL_NVIC_SetPriority                     0x0800150d   Thumb Code   124  stm32f4xx_hal_cortex.o(i.HAL_NVIC_SetPriority)
    HAL_NVIC_SetPriorityGrouping             0x08001589   Thumb Code    32  stm32f4xx_hal_cortex.o(i.HAL_NVIC_SetPriorityGrouping)
    HAL_RCC_ClockConfig                      0x080015b1   Thumb Code   368  stm32f4xx_hal_rcc.o(i.HAL_RCC_ClockConfig)
    HAL_RCC_GetHCLKFreq                      0x08001735   Thumb Code     6  stm32f4xx_hal_rcc.o(i.HAL_RCC_GetHCLKFreq)
    HAL_RCC_GetPCLK1Freq                     0x08001741   Thumb Code    22  stm32f4xx_hal_rcc.o(i.HAL_RCC_GetPCLK1Freq)
    HAL_RCC_GetPCLK2Freq                     0x08001761   Thumb Code    22  stm32f4xx_hal_rcc.o(i.HAL_RCC_GetPCLK2Freq)
    HAL_RCC_GetSysClockFreq                  0x08001781   Thumb Code   162  stm32f4xx_hal_rcc.o(i.HAL_RCC_GetSysClockFreq)
    HAL_RCC_OscConfig                        0x08001831   Thumb Code  1172  stm32f4xx_hal_rcc.o(i.HAL_RCC_OscConfig)
    HAL_SYSTICK_Config                       0x08001ccd   Thumb Code    52  stm32f4xx_hal_cortex.o(i.HAL_SYSTICK_Config)
    HAL_TIMEx_BreakCallback                  0x08001d01   Thumb Code     2  stm32f4xx_hal_tim_ex.o(i.HAL_TIMEx_BreakCallback)
    HAL_TIMEx_CommutCallback                 0x08001d03   Thumb Code     2  stm32f4xx_hal_tim_ex.o(i.HAL_TIMEx_CommutCallback)
    HAL_TIMEx_MasterConfigSynchronization    0x08001d05   Thumb Code   150  stm32f4xx_hal_tim_ex.o(i.HAL_TIMEx_MasterConfigSynchronization)
    HAL_TIM_Base_Init                        0x08001db9   Thumb Code   102  stm32f4xx_hal_tim.o(i.HAL_TIM_Base_Init)
    HAL_TIM_Base_MspInit                     0x08001e21   Thumb Code   252  tim.o(i.HAL_TIM_Base_MspInit)
    HAL_TIM_Base_Start_IT                    0x08001f2d   Thumb Code   138  stm32f4xx_hal_tim.o(i.HAL_TIM_Base_Start_IT)
    HAL_TIM_ConfigClockSource                0x08001fd5   Thumb Code   268  stm32f4xx_hal_tim.o(i.HAL_TIM_ConfigClockSource)
    HAL_TIM_IC_CaptureCallback               0x080020e1   Thumb Code   292  infrared1838.o(i.HAL_TIM_IC_CaptureCallback)
    HAL_TIM_IC_ConfigChannel                 0x0800222d   Thumb Code   222  stm32f4xx_hal_tim.o(i.HAL_TIM_IC_ConfigChannel)
    HAL_TIM_IC_Init                          0x0800230b   Thumb Code   102  stm32f4xx_hal_tim.o(i.HAL_TIM_IC_Init)
    HAL_TIM_IC_MspInit                       0x08002371   Thumb Code     2  stm32f4xx_hal_tim.o(i.HAL_TIM_IC_MspInit)
    HAL_TIM_IC_Start_IT                      0x08002375   Thumb Code   372  stm32f4xx_hal_tim.o(i.HAL_TIM_IC_Start_IT)
    HAL_TIM_IRQHandler                       0x08002505   Thumb Code   364  stm32f4xx_hal_tim.o(i.HAL_TIM_IRQHandler)
    HAL_TIM_OC_DelayElapsedCallback          0x08002671   Thumb Code     2  stm32f4xx_hal_tim.o(i.HAL_TIM_OC_DelayElapsedCallback)
    HAL_TIM_PWM_PulseFinishedCallback        0x08002673   Thumb Code     2  stm32f4xx_hal_tim.o(i.HAL_TIM_PWM_PulseFinishedCallback)
    HAL_TIM_PeriodElapsedCallback            0x08002675   Thumb Code   170  main.o(i.HAL_TIM_PeriodElapsedCallback)
    HAL_TIM_ReadCapturedValue                0x08002745   Thumb Code    50  stm32f4xx_hal_tim.o(i.HAL_TIM_ReadCapturedValue)
    HAL_TIM_TriggerCallback                  0x08002777   Thumb Code     2  stm32f4xx_hal_tim.o(i.HAL_TIM_TriggerCallback)
    HAL_UARTEx_RxEventCallback               0x08002779   Thumb Code     2  stm32f4xx_hal_uart.o(i.HAL_UARTEx_RxEventCallback)
    HAL_UART_ErrorCallback                   0x0800277b   Thumb Code     2  stm32f4xx_hal_uart.o(i.HAL_UART_ErrorCallback)
    HAL_UART_IRQHandler                      0x0800277d   Thumb Code   772  stm32f4xx_hal_uart.o(i.HAL_UART_IRQHandler)
    HAL_UART_Init                            0x08002a85   Thumb Code   118  stm32f4xx_hal_uart.o(i.HAL_UART_Init)
    HAL_UART_MspInit                         0x08002afd   Thumb Code   624  usart.o(i.HAL_UART_MspInit)
    HAL_UART_Receive_IT                      0x08002d95   Thumb Code    44  stm32f4xx_hal_uart.o(i.HAL_UART_Receive_IT)
    HAL_UART_RxCpltCallback                  0x08002dc1   Thumb Code   814  usart.o(i.HAL_UART_RxCpltCallback)
    HAL_UART_Transmit                        0x08003135   Thumb Code   190  stm32f4xx_hal_uart.o(i.HAL_UART_Transmit)
    HAL_UART_TxCpltCallback                  0x080031f3   Thumb Code     2  stm32f4xx_hal_uart.o(i.HAL_UART_TxCpltCallback)
    HardFault_Handler                        0x080031f5   Thumb Code     4  stm32f4xx_it.o(i.HardFault_Handler)
    Host_write16_slave                       0x080031f9   Thumb Code   398  rs485.o(i.Host_write16_slave)
    InfraredRemote_DumpFrame                 0x0800338d   Thumb Code    80  infrared1838.o(i.InfraredRemote_DumpFrame)
    InfraredRemote_Get_KeyNum                0x080033f1   Thumb Code    22  infrared1838.o(i.InfraredRemote_Get_KeyNum)
    Infrared_Signal_Processing_Function      0x08003411   Thumb Code   546  main.o(i.Infrared_Signal_Processing_Function)
    MX_CAN1_Init                             0x08003665   Thumb Code    68  can.o(i.MX_CAN1_Init)
    MX_GPIO_Init                             0x080036b1   Thumb Code   230  gpio.o(i.MX_GPIO_Init)
    MX_TIM2_Init                             0x080037a1   Thumb Code   102  tim.o(i.MX_TIM2_Init)
    MX_TIM3_Init                             0x0800380d   Thumb Code   150  tim.o(i.MX_TIM3_Init)
    MX_TIM7_Init                             0x080038ad   Thumb Code    66  tim.o(i.MX_TIM7_Init)
    MX_UART4_Init                            0x080038f9   Thumb Code    46  usart.o(i.MX_UART4_Init)
    MX_USART1_UART_Init                      0x08003931   Thumb Code    46  usart.o(i.MX_USART1_UART_Init)
    MX_USART2_UART_Init                      0x08003969   Thumb Code    46  usart.o(i.MX_USART2_UART_Init)
    MX_USART3_UART_Init                      0x080039a1   Thumb Code    46  usart.o(i.MX_USART3_UART_Init)
    MX_USART6_UART_Init                      0x080039d9   Thumb Code    46  usart.o(i.MX_USART6_UART_Init)
    MemManage_Handler                        0x08003a11   Thumb Code     4  stm32f4xx_it.o(i.MemManage_Handler)
    Modbus_CRC16                             0x08003a15   Thumb Code    48  rs485_crc.o(i.Modbus_CRC16)
    MyCan_ConfigFilter_List16Bit             0x08003a4d   Thumb Code   130  mycan.o(i.MyCan_ConfigFilter_List16Bit)
    MyCan_Init                               0x08003ad5   Thumb Code    20  mycan.o(i.MyCan_Init)
    MyCan_RxFifo0MsgPendingCallback          0x08003af9   Thumb Code   102  mycan.o(i.MyCan_RxFifo0MsgPendingCallback)
    MyCan_RxFifo1MsgPendingCallback          0x08003b69   Thumb Code   102  mycan.o(i.MyCan_RxFifo1MsgPendingCallback)
    MyCan_RxHandler                          0x08003bd9   Thumb Code   196  main.o(i.MyCan_RxHandler)
    MyCan_SendStdData                        0x08003cb1   Thumb Code    80  mycan.o(i.MyCan_SendStdData)
    MyCan_Start                              0x08003d09   Thumb Code    32  mycan.o(i.MyCan_Start)
    NMI_Handler                              0x08003d2d   Thumb Code     4  stm32f4xx_it.o(i.NMI_Handler)
    PendSV_Handler                           0x08003d31   Thumb Code     2  stm32f4xx_it.o(i.PendSV_Handler)
    SVC_Handler                              0x08003d33   Thumb Code     2  stm32f4xx_it.o(i.SVC_Handler)
    Set_Wrist_Speed                          0x08003d35   Thumb Code   102  main.o(i.Set_Wrist_Speed)
    SysTick_Handler                          0x08003da5   Thumb Code     8  stm32f4xx_it.o(i.SysTick_Handler)
    SystemClock_Config                       0x08003dad   Thumb Code   174  main.o(i.SystemClock_Config)
    SystemInit                               0x08003e65   Thumb Code    14  system_stm32f4xx.o(i.SystemInit)
    TIM2_IRQHandler                          0x08003e79   Thumb Code    10  stm32f4xx_it.o(i.TIM2_IRQHandler)
    TIM3_IRQHandler                          0x08003e89   Thumb Code    10  stm32f4xx_it.o(i.TIM3_IRQHandler)
    TIM7_IRQHandler                          0x08003e99   Thumb Code    10  stm32f4xx_it.o(i.TIM7_IRQHandler)
    TIM_Base_SetConfig                       0x08003ea9   Thumb Code   178  stm32f4xx_hal_tim.o(i.TIM_Base_SetConfig)
    TIM_CCxChannelCmd                        0x08003f89   Thumb Code    34  stm32f4xx_hal_tim.o(i.TIM_CCxChannelCmd)
    TIM_ETR_SetConfig                        0x08003fab   Thumb Code    22  stm32f4xx_hal_tim.o(i.TIM_ETR_SetConfig)
    TIM_TI1_SetConfig                        0x08003ff9   Thumb Code   114  stm32f4xx_hal_tim.o(i.TIM_TI1_SetConfig)
    UART_Start_Receive_IT                    0x08004525   Thumb Code    64  stm32f4xx_hal_uart.o(i.UART_Start_Receive_IT)
    USART1_IRQHandler                        0x08004651   Thumb Code    10  stm32f4xx_it.o(i.USART1_IRQHandler)
    USART2_IRQHandler                        0x08004661   Thumb Code    10  stm32f4xx_it.o(i.USART2_IRQHandler)
    USART3_IRQHandler                        0x08004671   Thumb Code    10  stm32f4xx_it.o(i.USART3_IRQHandler)
    USART6_IRQHandler                        0x08004681   Thumb Code    10  stm32f4xx_it.o(i.USART6_IRQHandler)
    UsageFault_Handler                       0x08004691   Thumb Code     4  stm32f4xx_it.o(i.UsageFault_Handler)
    __0printf$1                              0x08004695   Thumb Code    22  printf1.o(i.__0printf$1)
    __1printf$1                              0x08004695   Thumb Code     0  printf1.o(i.__0printf$1)
    __2printf                                0x08004695   Thumb Code     0  printf1.o(i.__0printf$1)
    __0sprintf$1                             0x080046b5   Thumb Code    34  printf1.o(i.__0sprintf$1)
    __1sprintf$1                             0x080046b5   Thumb Code     0  printf1.o(i.__0sprintf$1)
    __2sprintf                               0x080046b5   Thumb Code     0  printf1.o(i.__0sprintf$1)
    __ARM_fpclassifyf                        0x080046dd   Thumb Code    38  fpclassifyf.o(i.__ARM_fpclassifyf)
    __hardfp_sinf                            0x0800473d   Thumb Code   344  sinf.o(i.__hardfp_sinf)
    __hardfp_sqrtf                           0x080048cd   Thumb Code    58  sqrtf.o(i.__hardfp_sqrtf)
    __mathlib_flt_infnan                     0x08004907   Thumb Code     6  funder.o(i.__mathlib_flt_infnan)
    __mathlib_flt_invalid                    0x0800490d   Thumb Code    10  funder.o(i.__mathlib_flt_invalid)
    __mathlib_flt_underflow                  0x0800491d   Thumb Code    10  funder.o(i.__mathlib_flt_underflow)
    __mathlib_rredf2                         0x0800492d   Thumb Code   316  rredf.o(i.__mathlib_rredf2)
    __scatterload_copy                       0x08004a81   Thumb Code    14  handlers.o(i.__scatterload_copy)
    __scatterload_null                       0x08004a8f   Thumb Code     2  handlers.o(i.__scatterload_null)
    __scatterload_zeroinit                   0x08004a91   Thumb Code    14  handlers.o(i.__scatterload_zeroinit)
    __set_errno                              0x08004aa1   Thumb Code     6  errno.o(i.__set_errno)
    bitbuffer_to_num                         0x08004c0d   Thumb Code   122  infrared1838.o(i.bitbuffer_to_num)
    build_instruction_frame                  0x08004c8d   Thumb Code   170  wrist.o(i.build_instruction_frame)
    calculate_checksum                       0x08004e7d   Thumb Code    28  wrist.o(i.calculate_checksum)
    finger_motion                            0x08004e99   Thumb Code   370  motion.o(i.finger_motion)
    finger_single_action                     0x08005031   Thumb Code   578  motion.o(i.finger_single_action)
    fputc                                    0x0800528d   Thumb Code    22  usart.o(i.fputc)
    init_uart_receive                        0x080052a9   Thumb Code    16  usart.o(i.init_uart_receive)
    init_uart_receive1                       0x080052bd   Thumb Code    16  usart.o(i.init_uart_receive1)
    main                                     0x080052d1   Thumb Code   256  main.o(i.main)
    modbus1_Send_Byte                        0x0800541d   Thumb Code    16  rs485.o(i.modbus1_Send_Byte)
    modbus2_Event                            0x08005431   Thumb Code   538  rs485.o(i.modbus2_Event)
    modbus2_Func16                           0x08005669   Thumb Code   192  rs485.o(i.modbus2_Func16)
    modbus2_Func3                            0x08005731   Thumb Code   244  rs485.o(i.modbus2_Func3)
    modbus2_Func6                            0x0800582d   Thumb Code   240  rs485.o(i.modbus2_Func6)
    modbus2_Init                             0x08005925   Thumb Code    66  rs485.o(i.modbus2_Init)
    modbus2_Send_Byte                        0x08005971   Thumb Code    16  rs485.o(i.modbus2_Send_Byte)
    send_uart_instruction_frame              0x080059d9   Thumb Code   164  wrist.o(i.send_uart_instruction_frame)
    set_wrist_motion_Can                     0x08005a7d   Thumb Code   304  wrist.o(i.set_wrist_motion_Can)
    updateSmartMotionControl                 0x0800600d   Thumb Code   212  wrist.o(i.updateSmartMotionControl)
    vel_move                                 0x08006101   Thumb Code    70  wrist.o(i.vel_move)
    vel_move1                                0x0800615d   Thumb Code    70  wrist.o(i.vel_move1)
    AHBPrescTable                            0x080061c2   Data          16  system_stm32f4xx.o(.constdata)
    APBPrescTable                            0x080061d2   Data           8  system_stm32f4xx.o(.constdata)
    auchCRCHi                                0x080061da   Data         256  rs485_crc.o(.constdata)
    auchCRCLo                                0x080062da   Data         256  rs485_crc.o(.constdata)
    Region$$Table$$Base                      0x080063fc   Number         0  anon$$obj.o(Region$$Table)
    Region$$Table$$Limit                     0x0800641c   Number         0  anon$$obj.o(Region$$Table)
    key_num                                  0x20000000   Data           2  main.o(.data)
    motion_count                             0x20000002   Data           1  main.o(.data)
    can_motion_flag                          0x20000003   Data           1  main.o(.data)
    can_num                                  0x20000004   Data           1  main.o(.data)
    infrared_enable                          0x20000005   Data           1  main.o(.data)
    up_count                                 0x20000006   Data           1  main.o(.data)
    down_count                               0x20000007   Data           1  main.o(.data)
    right_count                              0x20000008   Data           1  main.o(.data)
    left_count                               0x20000009   Data           1  main.o(.data)
    led                                      0x2000000a   Data           1  main.o(.data)
    mode                                     0x2000000b   Data           1  main.o(.data)
    NUMGesture                               0x2000000c   Data           1  tim.o(.data)
    NUMAction                                0x2000000d   Data           1  tim.o(.data)
    NUMActionCycle                           0x2000000e   Data           1  tim.o(.data)
    NVICFlag                                 0x2000000f   Data           1  tim.o(.data)
    RES1                                     0x20000010   Data           1  usart.o(.data)
    RES2                                     0x20000011   Data           1  usart.o(.data)
    rx_state                                 0x20000012   Data           1  usart.o(.data)
    rx_state1                                0x20000013   Data           1  usart.o(.data)
    rx_index                                 0x20000014   Data           1  usart.o(.data)
    rx_index1                                0x20000015   Data           1  usart.o(.data)
    rx_data_length                           0x20000016   Data           1  usart.o(.data)
    rx_data_length1                          0x20000017   Data           1  usart.o(.data)
    received                                 0x20000018   Data           1  usart.o(.data)
    received1                                0x20000019   Data           1  usart.o(.data)
    ByteMotor1                               0x2000001a   Data           1  usart.o(.data)
    ByteMotor2                               0x2000001b   Data           1  usart.o(.data)
    uwTick                                   0x20000020   Data           4  stm32f4xx_hal.o(.data)
    uwTickPrio                               0x20000024   Data           4  stm32f4xx_hal.o(.data)
    uwTickFreq                               0x20000028   Data           1  stm32f4xx_hal.o(.data)
    SystemCoreClock                          0x2000002c   Data           4  system_stm32f4xx.o(.data)
    i                                        0x20000120   Data           1  rs485.o(.data)
    wrist_enabled                            0x20000124   Data           1  wrist.o(.data)
    wrist_enabled_constand                   0x20000125   Data           1  wrist.o(.data)
    current_mode                             0x20000126   Data           1  wrist.o(.data)
    current_speed                            0x20000128   Data           2  wrist.o(.data)
    motion_active                            0x2000012a   Data           1  wrist.o(.data)
    cycle_time                               0x2000013c   Data           2  wrist.o(.data)
    cycle_time_R                             0x2000013e   Data           2  wrist.o(.data)
    upcount                                  0x20000140   Data           4  infrared1838.o(.data)
    valueUp                                  0x20000144   Data           4  infrared1838.o(.data)
    valueDown                                0x20000148   Data           4  infrared1838.o(.data)
    isUpCapture                              0x2000014c   Data           1  infrared1838.o(.data)
    PluseWidth                               0x2000014e   Data           2  infrared1838.o(.data)
    bufferID                                 0x20000150   Data           2  infrared1838.o(.data)
    rcvFlag                                  0x20000152   Data           1  infrared1838.o(.data)
    num                                      0x20000153   Data           4  infrared1838.o(.data)
    Action1_ban1                             0x20000158   Data         130  motion.o(.data)
    Action1_ban2                             0x200001da   Data         130  motion.o(.data)
    Action2_ban1                             0x2000025c   Data          90  motion.o(.data)
    Action2_ban2                             0x200002b6   Data          90  motion.o(.data)
    Action3_ban1                             0x20000310   Data          60  motion.o(.data)
    Action3_ban2                             0x2000034c   Data          60  motion.o(.data)
    Action4_ban1                             0x20000388   Data          30  motion.o(.data)
    Action4_ban2                             0x200003a6   Data          30  motion.o(.data)
    shake_hand1                              0x200003c4   Data          10  motion.o(.data)
    shake_hand2                              0x200003ce   Data          10  motion.o(.data)
    __stdout                                 0x200003e8   Data           4  stdout.o(.data)
    hcan1                                    0x200003f0   Data          40  can.o(.bss)
    htim2                                    0x20000418   Data          72  tim.o(.bss)
    htim3                                    0x20000460   Data          72  tim.o(.bss)
    htim7                                    0x200004a8   Data          72  tim.o(.bss)
    rx_buffer                                0x200004f0   Data          40  usart.o(.bss)
    rx_buffer1                               0x20000518   Data          40  usart.o(.bss)
    huart4                                   0x20000540   Data          72  usart.o(.bss)
    huart1                                   0x20000588   Data          72  usart.o(.bss)
    huart2                                   0x200005d0   Data          72  usart.o(.bss)
    huart3                                   0x20000618   Data          72  usart.o(.bss)
    huart6                                   0x20000660   Data          72  usart.o(.bss)
    modbus1                                  0x200006a8   Data         236  rs485.o(.bss)
    modbus2                                  0x20000794   Data         236  rs485.o(.bss)
    Reg                                      0x20000880   Data         200  rs485.o(.bss)
    Palm1                                    0x20000948   Data          10  rs485.o(.bss)
    Palm2                                    0x20000952   Data          10  rs485.o(.bss)
    fraMotor1                                0x2000095c   Data          50  wrist.o(.bss)
    fraMotor2                                0x2000098e   Data          50  wrist.o(.bss)
    buffer                                   0x200009c0   Data         256  infrared1838.o(.bss)
    printfbuff                               0x20000b02   Data         128  infrared1838.o(.bss)
    __initial_sp                             0x20000f88   Data           0  startup_stm32f407xx.o(STACK)



==============================================================================

Memory Map of the image

  Image Entry point : 0x08000189

  Load Region LR_IROM1 (Base: 0x08000000, Size: 0x0000680c, Max: 0x00080000, ABSOLUTE, COMPRESSED[0x00006544])

    Execution Region ER_IROM1 (Exec base: 0x08000000, Load base: 0x08000000, Size: 0x0000641c, Max: 0x00080000, ABSOLUTE)

    Exec Addr    Load Addr    Size         Type   Attr      Idx    E Section Name        Object

    0x08000000   0x08000000   0x00000188   Data   RO            3    RESET               startup_stm32f407xx.o
    0x08000188   0x08000188   0x00000000   Code   RO         4027  * .ARM.Collect$$$$00000000  mc_w.l(entry.o)
    0x08000188   0x08000188   0x00000004   Code   RO         4332    .ARM.Collect$$$$00000001  mc_w.l(entry2.o)
    0x0800018c   0x0800018c   0x00000004   Code   RO         4335    .ARM.Collect$$$$00000004  mc_w.l(entry5.o)
    0x08000190   0x08000190   0x00000000   Code   RO         4337    .ARM.Collect$$$$00000008  mc_w.l(entry7b.o)
    0x08000190   0x08000190   0x00000000   Code   RO         4339    .ARM.Collect$$$$0000000A  mc_w.l(entry8b.o)
    0x08000190   0x08000190   0x00000008   Code   RO         4340    .ARM.Collect$$$$0000000B  mc_w.l(entry9a.o)
    0x08000198   0x08000198   0x00000004   Code   RO         4347    .ARM.Collect$$$$0000000E  mc_w.l(entry12b.o)
    0x0800019c   0x0800019c   0x00000000   Code   RO         4342    .ARM.Collect$$$$0000000F  mc_w.l(entry10a.o)
    0x0800019c   0x0800019c   0x00000000   Code   RO         4344    .ARM.Collect$$$$00000011  mc_w.l(entry11a.o)
    0x0800019c   0x0800019c   0x00000004   Code   RO         4333    .ARM.Collect$$$$00002712  mc_w.l(entry2.o)
    0x080001a0   0x080001a0   0x00000024   Code   RO            4    .text               startup_stm32f407xx.o
    0x080001c4   0x080001c4   0x00000062   Code   RO         4030    .text               mc_w.l(uldiv.o)
    0x08000226   0x08000226   0x00000024   Code   RO         4032    .text               mc_w.l(memcpya.o)
    0x0800024a   0x0800024a   0x00000024   Code   RO         4034    .text               mc_w.l(memseta.o)
    0x0800026e   0x0800026e   0x0000000e   Code   RO         4036    .text               mc_w.l(strlen.o)
    0x0800027c   0x0800027c   0x0000014e   Code   RO         4301    .text               mf_w.l(dadd.o)
    0x080003ca   0x080003ca   0x000000e4   Code   RO         4303    .text               mf_w.l(dmul.o)
    0x080004ae   0x080004ae   0x0000001a   Code   RO         4305    .text               mf_w.l(dfltui.o)
    0x080004c8   0x080004c8   0x00000032   Code   RO         4307    .text               mf_w.l(dfixui.o)
    0x080004fa   0x080004fa   0x00000026   Code   RO         4309    .text               mf_w.l(f2d.o)
    0x08000520   0x08000520   0x00000038   Code   RO         4311    .text               mf_w.l(d2f.o)
    0x08000558   0x08000558   0x0000002c   Code   RO         4349    .text               mc_w.l(uidiv.o)
    0x08000584   0x08000584   0x0000001e   Code   RO         4351    .text               mc_w.l(llshl.o)
    0x080005a2   0x080005a2   0x00000020   Code   RO         4353    .text               mc_w.l(llushr.o)
    0x080005c2   0x080005c2   0x00000024   Code   RO         4355    .text               mc_w.l(llsshr.o)
    0x080005e6   0x080005e6   0x00000000   Code   RO         4364    .text               mc_w.l(iusefp.o)
    0x080005e6   0x080005e6   0x0000006e   Code   RO         4365    .text               mf_w.l(fepilogue.o)
    0x08000654   0x08000654   0x000000ba   Code   RO         4367    .text               mf_w.l(depilogue.o)
    0x0800070e   0x0800070e   0x00000002   PAD
    0x08000710   0x08000710   0x00000024   Code   RO         4375    .text               mc_w.l(init.o)
    0x08000734   0x08000734   0x00000056   Code   RO         4385    .text               mc_w.l(__dczerorl2.o)
    0x0800078a   0x0800078a   0x00000004   Code   RO          531    i.BusFault_Handler  stm32f4xx_it.o
    0x0800078e   0x0800078e   0x00000002   PAD
    0x08000790   0x08000790   0x00000010   Code   RO          532    i.CAN1_RX0_IRQHandler  stm32f4xx_it.o
    0x080007a0   0x080007a0   0x00000010   Code   RO          533    i.CAN1_RX1_IRQHandler  stm32f4xx_it.o
    0x080007b0   0x080007b0   0x00000002   Code   RO          534    i.DebugMon_Handler  stm32f4xx_it.o
    0x080007b2   0x080007b2   0x00000006   Code   RO           13    i.Error_Handler     main.o
    0x080007b8   0x080007b8   0x0000002a   Code   RO          705    i.HAL_CAN_ActivateNotification  stm32f4xx_hal_can.o
    0x080007e2   0x080007e2   0x0000014a   Code   RO          706    i.HAL_CAN_AddTxMessage  stm32f4xx_hal_can.o
    0x0800092c   0x0800092c   0x00000120   Code   RO          707    i.HAL_CAN_ConfigFilter  stm32f4xx_hal_can.o
    0x08000a4c   0x08000a4c   0x00000002   Code   RO          710    i.HAL_CAN_ErrorCallback  stm32f4xx_hal_can.o
    0x08000a4e   0x08000a4e   0x00000194   Code   RO          713    i.HAL_CAN_GetRxMessage  stm32f4xx_hal_can.o
    0x08000be2   0x08000be2   0x0000024e   Code   RO          717    i.HAL_CAN_IRQHandler  stm32f4xx_hal_can.o
    0x08000e30   0x08000e30   0x00000174   Code   RO          718    i.HAL_CAN_Init      stm32f4xx_hal_can.o
    0x08000fa4   0x08000fa4   0x000000a8   Code   RO          342    i.HAL_CAN_MspInit   can.o
    0x0800104c   0x0800104c   0x00000002   Code   RO          725    i.HAL_CAN_RxFifo0FullCallback  stm32f4xx_hal_can.o
    0x0800104e   0x0800104e   0x00000002   PAD
    0x08001050   0x08001050   0x00000018   Code   RO          535    i.HAL_CAN_RxFifo0MsgPendingCallback  stm32f4xx_it.o
    0x08001068   0x08001068   0x00000002   Code   RO          727    i.HAL_CAN_RxFifo1FullCallback  stm32f4xx_hal_can.o
    0x0800106a   0x0800106a   0x00000002   PAD
    0x0800106c   0x0800106c   0x00000018   Code   RO          536    i.HAL_CAN_RxFifo1MsgPendingCallback  stm32f4xx_it.o
    0x08001084   0x08001084   0x00000002   Code   RO          729    i.HAL_CAN_SleepCallback  stm32f4xx_hal_can.o
    0x08001086   0x08001086   0x0000005e   Code   RO          730    i.HAL_CAN_Start     stm32f4xx_hal_can.o
    0x080010e4   0x080010e4   0x00000002   Code   RO          732    i.HAL_CAN_TxMailbox0AbortCallback  stm32f4xx_hal_can.o
    0x080010e6   0x080010e6   0x00000002   Code   RO          733    i.HAL_CAN_TxMailbox0CompleteCallback  stm32f4xx_hal_can.o
    0x080010e8   0x080010e8   0x00000002   Code   RO          734    i.HAL_CAN_TxMailbox1AbortCallback  stm32f4xx_hal_can.o
    0x080010ea   0x080010ea   0x00000002   Code   RO          735    i.HAL_CAN_TxMailbox1CompleteCallback  stm32f4xx_hal_can.o
    0x080010ec   0x080010ec   0x00000002   Code   RO          736    i.HAL_CAN_TxMailbox2AbortCallback  stm32f4xx_hal_can.o
    0x080010ee   0x080010ee   0x00000002   Code   RO          737    i.HAL_CAN_TxMailbox2CompleteCallback  stm32f4xx_hal_can.o
    0x080010f0   0x080010f0   0x00000002   Code   RO          739    i.HAL_CAN_WakeUpFromRxMsgCallback  stm32f4xx_hal_can.o
    0x080010f2   0x080010f2   0x000000ac   Code   RO         1445    i.HAL_DMA_Abort     stm32f4xx_hal_dma.o
    0x0800119e   0x0800119e   0x00000028   Code   RO         1446    i.HAL_DMA_Abort_IT  stm32f4xx_hal_dma.o
    0x080011c6   0x080011c6   0x00000002   PAD
    0x080011c8   0x080011c8   0x00000028   Code   RO         1887    i.HAL_Delay         stm32f4xx_hal.o
    0x080011f0   0x080011f0   0x000001f4   Code   RO         1338    i.HAL_GPIO_Init     stm32f4xx_hal_gpio.o
    0x080013e4   0x080013e4   0x0000000c   Code   RO         1342    i.HAL_GPIO_WritePin  stm32f4xx_hal_gpio.o
    0x080013f0   0x080013f0   0x0000000c   Code   RO         1893    i.HAL_GetTick       stm32f4xx_hal.o
    0x080013fc   0x080013fc   0x00000018   Code   RO         1899    i.HAL_IncTick       stm32f4xx_hal.o
    0x08001414   0x08001414   0x0000003c   Code   RO         1900    i.HAL_Init          stm32f4xx_hal.o
    0x08001450   0x08001450   0x0000004c   Code   RO         1901    i.HAL_InitTick      stm32f4xx_hal.o
    0x0800149c   0x0800149c   0x00000048   Code   RO          680    i.HAL_MspInit       stm32f4xx_hal_msp.o
    0x080014e4   0x080014e4   0x00000028   Code   RO         1730    i.HAL_NVIC_EnableIRQ  stm32f4xx_hal_cortex.o
    0x0800150c   0x0800150c   0x0000007c   Code   RO         1736    i.HAL_NVIC_SetPriority  stm32f4xx_hal_cortex.o
    0x08001588   0x08001588   0x00000028   Code   RO         1737    i.HAL_NVIC_SetPriorityGrouping  stm32f4xx_hal_cortex.o
    0x080015b0   0x080015b0   0x00000184   Code   RO          939    i.HAL_RCC_ClockConfig  stm32f4xx_hal_rcc.o
    0x08001734   0x08001734   0x0000000c   Code   RO          944    i.HAL_RCC_GetHCLKFreq  stm32f4xx_hal_rcc.o
    0x08001740   0x08001740   0x00000020   Code   RO          946    i.HAL_RCC_GetPCLK1Freq  stm32f4xx_hal_rcc.o
    0x08001760   0x08001760   0x00000020   Code   RO          947    i.HAL_RCC_GetPCLK2Freq  stm32f4xx_hal_rcc.o
    0x08001780   0x08001780   0x000000b0   Code   RO          948    i.HAL_RCC_GetSysClockFreq  stm32f4xx_hal_rcc.o
    0x08001830   0x08001830   0x0000049c   Code   RO          951    i.HAL_RCC_OscConfig  stm32f4xx_hal_rcc.o
    0x08001ccc   0x08001ccc   0x00000034   Code   RO         1741    i.HAL_SYSTICK_Config  stm32f4xx_hal_cortex.o
    0x08001d00   0x08001d00   0x00000002   Code   RO         2855    i.HAL_TIMEx_BreakCallback  stm32f4xx_hal_tim_ex.o
    0x08001d02   0x08001d02   0x00000002   Code   RO         2856    i.HAL_TIMEx_CommutCallback  stm32f4xx_hal_tim_ex.o
    0x08001d04   0x08001d04   0x000000b4   Code   RO         2874    i.HAL_TIMEx_MasterConfigSynchronization  stm32f4xx_hal_tim_ex.o
    0x08001db8   0x08001db8   0x00000066   Code   RO         2140    i.HAL_TIM_Base_Init  stm32f4xx_hal_tim.o
    0x08001e1e   0x08001e1e   0x00000002   PAD
    0x08001e20   0x08001e20   0x0000010c   Code   RO          384    i.HAL_TIM_Base_MspInit  tim.o
    0x08001f2c   0x08001f2c   0x000000a8   Code   RO         2145    i.HAL_TIM_Base_Start_IT  stm32f4xx_hal_tim.o
    0x08001fd4   0x08001fd4   0x0000010c   Code   RO         2149    i.HAL_TIM_ConfigClockSource  stm32f4xx_hal_tim.o
    0x080020e0   0x080020e0   0x0000014c   Code   RO         3782    i.HAL_TIM_IC_CaptureCallback  infrared1838.o
    0x0800222c   0x0800222c   0x000000de   Code   RO         2176    i.HAL_TIM_IC_ConfigChannel  stm32f4xx_hal_tim.o
    0x0800230a   0x0800230a   0x00000066   Code   RO         2179    i.HAL_TIM_IC_Init   stm32f4xx_hal_tim.o
    0x08002370   0x08002370   0x00000002   Code   RO         2181    i.HAL_TIM_IC_MspInit  stm32f4xx_hal_tim.o
    0x08002372   0x08002372   0x00000002   PAD
    0x08002374   0x08002374   0x00000190   Code   RO         2184    i.HAL_TIM_IC_Start_IT  stm32f4xx_hal_tim.o
    0x08002504   0x08002504   0x0000016c   Code   RO         2188    i.HAL_TIM_IRQHandler  stm32f4xx_hal_tim.o
    0x08002670   0x08002670   0x00000002   Code   RO         2191    i.HAL_TIM_OC_DelayElapsedCallback  stm32f4xx_hal_tim.o
    0x08002672   0x08002672   0x00000002   Code   RO         2218    i.HAL_TIM_PWM_PulseFinishedCallback  stm32f4xx_hal_tim.o
    0x08002674   0x08002674   0x000000d0   Code   RO           14    i.HAL_TIM_PeriodElapsedCallback  main.o
    0x08002744   0x08002744   0x00000032   Code   RO         2228    i.HAL_TIM_ReadCapturedValue  stm32f4xx_hal_tim.o
    0x08002776   0x08002776   0x00000002   Code   RO         2231    i.HAL_TIM_TriggerCallback  stm32f4xx_hal_tim.o
    0x08002778   0x08002778   0x00000002   Code   RO         3134    i.HAL_UARTEx_RxEventCallback  stm32f4xx_hal_uart.o
    0x0800277a   0x0800277a   0x00000002   Code   RO         3148    i.HAL_UART_ErrorCallback  stm32f4xx_hal_uart.o
    0x0800277c   0x0800277c   0x00000308   Code   RO         3151    i.HAL_UART_IRQHandler  stm32f4xx_hal_uart.o
    0x08002a84   0x08002a84   0x00000076   Code   RO         3152    i.HAL_UART_Init     stm32f4xx_hal_uart.o
    0x08002afa   0x08002afa   0x00000002   PAD
    0x08002afc   0x08002afc   0x00000298   Code   RO          439    i.HAL_UART_MspInit  usart.o
    0x08002d94   0x08002d94   0x0000002c   Code   RO         3157    i.HAL_UART_Receive_IT  stm32f4xx_hal_uart.o
    0x08002dc0   0x08002dc0   0x00000374   Code   RO          440    i.HAL_UART_RxCpltCallback  usart.o
    0x08003134   0x08003134   0x000000be   Code   RO         3160    i.HAL_UART_Transmit  stm32f4xx_hal_uart.o
    0x080031f2   0x080031f2   0x00000002   Code   RO         3163    i.HAL_UART_TxCpltCallback  stm32f4xx_hal_uart.o
    0x080031f4   0x080031f4   0x00000004   Code   RO          537    i.HardFault_Handler  stm32f4xx_it.o
    0x080031f8   0x080031f8   0x00000194   Code   RO         3536    i.Host_write16_slave  rs485.o
    0x0800338c   0x0800338c   0x00000064   Code   RO         3783    i.InfraredRemote_DumpFrame  infrared1838.o
    0x080033f0   0x080033f0   0x00000020   Code   RO         3784    i.InfraredRemote_Get_KeyNum  infrared1838.o
    0x08003410   0x08003410   0x00000254   Code   RO           15    i.Infrared_Signal_Processing_Function  main.o
    0x08003664   0x08003664   0x0000004c   Code   RO          343    i.MX_CAN1_Init      can.o
    0x080036b0   0x080036b0   0x000000f0   Code   RO          221    i.MX_GPIO_Init      gpio.o
    0x080037a0   0x080037a0   0x0000006c   Code   RO          385    i.MX_TIM2_Init      tim.o
    0x0800380c   0x0800380c   0x000000a0   Code   RO          386    i.MX_TIM3_Init      tim.o
    0x080038ac   0x080038ac   0x0000004c   Code   RO          387    i.MX_TIM7_Init      tim.o
    0x080038f8   0x080038f8   0x00000038   Code   RO          441    i.MX_UART4_Init     usart.o
    0x08003930   0x08003930   0x00000038   Code   RO          442    i.MX_USART1_UART_Init  usart.o
    0x08003968   0x08003968   0x00000038   Code   RO          443    i.MX_USART2_UART_Init  usart.o
    0x080039a0   0x080039a0   0x00000038   Code   RO          444    i.MX_USART3_UART_Init  usart.o
    0x080039d8   0x080039d8   0x00000038   Code   RO          445    i.MX_USART6_UART_Init  usart.o
    0x08003a10   0x08003a10   0x00000004   Code   RO          538    i.MemManage_Handler  stm32f4xx_it.o
    0x08003a14   0x08003a14   0x00000038   Code   RO         3633    i.Modbus_CRC16      rs485_crc.o
    0x08003a4c   0x08003a4c   0x00000088   Code   RO         3887    i.MyCan_ConfigFilter_List16Bit  mycan.o
    0x08003ad4   0x08003ad4   0x00000024   Code   RO         3893    i.MyCan_Init        mycan.o
    0x08003af8   0x08003af8   0x00000070   Code   RO         3895    i.MyCan_RxFifo0MsgPendingCallback  mycan.o
    0x08003b68   0x08003b68   0x00000070   Code   RO         3896    i.MyCan_RxFifo1MsgPendingCallback  mycan.o
    0x08003bd8   0x08003bd8   0x000000d8   Code   RO           16    i.MyCan_RxHandler   main.o
    0x08003cb0   0x08003cb0   0x00000058   Code   RO         3899    i.MyCan_SendStdData  mycan.o
    0x08003d08   0x08003d08   0x00000024   Code   RO         3901    i.MyCan_Start       mycan.o
    0x08003d2c   0x08003d2c   0x00000004   Code   RO          539    i.NMI_Handler       stm32f4xx_it.o
    0x08003d30   0x08003d30   0x00000002   Code   RO          540    i.PendSV_Handler    stm32f4xx_it.o
    0x08003d32   0x08003d32   0x00000002   Code   RO          541    i.SVC_Handler       stm32f4xx_it.o
    0x08003d34   0x08003d34   0x00000070   Code   RO           17    i.Set_Wrist_Speed   main.o
    0x08003da4   0x08003da4   0x00000008   Code   RO          542    i.SysTick_Handler   stm32f4xx_it.o
    0x08003dac   0x08003dac   0x000000b8   Code   RO           18    i.SystemClock_Config  main.o
    0x08003e64   0x08003e64   0x00000014   Code   RO         3496    i.SystemInit        system_stm32f4xx.o
    0x08003e78   0x08003e78   0x00000010   Code   RO          543    i.TIM2_IRQHandler   stm32f4xx_it.o
    0x08003e88   0x08003e88   0x00000010   Code   RO          544    i.TIM3_IRQHandler   stm32f4xx_it.o
    0x08003e98   0x08003e98   0x00000010   Code   RO          545    i.TIM7_IRQHandler   stm32f4xx_it.o
    0x08003ea8   0x08003ea8   0x000000e0   Code   RO         2233    i.TIM_Base_SetConfig  stm32f4xx_hal_tim.o
    0x08003f88   0x08003f88   0x00000022   Code   RO         2234    i.TIM_CCxChannelCmd  stm32f4xx_hal_tim.o
    0x08003faa   0x08003faa   0x00000016   Code   RO         2244    i.TIM_ETR_SetConfig  stm32f4xx_hal_tim.o
    0x08003fc0   0x08003fc0   0x00000012   Code   RO         2245    i.TIM_ITRx_SetConfig  stm32f4xx_hal_tim.o
    0x08003fd2   0x08003fd2   0x00000026   Code   RO         2251    i.TIM_TI1_ConfigInputStage  stm32f4xx_hal_tim.o
    0x08003ff8   0x08003ff8   0x00000090   Code   RO         2252    i.TIM_TI1_SetConfig  stm32f4xx_hal_tim.o
    0x08004088   0x08004088   0x00000028   Code   RO         2253    i.TIM_TI2_ConfigInputStage  stm32f4xx_hal_tim.o
    0x080040b0   0x080040b0   0x0000003a   Code   RO         2254    i.TIM_TI2_SetConfig  stm32f4xx_hal_tim.o
    0x080040ea   0x080040ea   0x00000038   Code   RO         2255    i.TIM_TI3_SetConfig  stm32f4xx_hal_tim.o
    0x08004122   0x08004122   0x0000003c   Code   RO         2256    i.TIM_TI4_SetConfig  stm32f4xx_hal_tim.o
    0x0800415e   0x0800415e   0x00000012   Code   RO         3165    i.UART_DMAAbortOnError  stm32f4xx_hal_uart.o
    0x08004170   0x08004170   0x0000006c   Code   RO         3175    i.UART_EndRxTransfer  stm32f4xx_hal_uart.o
    0x080041dc   0x080041dc   0x00000020   Code   RO         3176    i.UART_EndTransmit_IT  stm32f4xx_hal_uart.o
    0x080041fc   0x080041fc   0x000000fc   Code   RO         3178    i.UART_Receive_IT   stm32f4xx_hal_uart.o
    0x080042f8   0x080042f8   0x0000022c   Code   RO         3179    i.UART_SetConfig    stm32f4xx_hal_uart.o
    0x08004524   0x08004524   0x00000040   Code   RO         3181    i.UART_Start_Receive_IT  stm32f4xx_hal_uart.o
    0x08004564   0x08004564   0x00000060   Code   RO         3182    i.UART_Transmit_IT  stm32f4xx_hal_uart.o
    0x080045c4   0x080045c4   0x0000008c   Code   RO         3183    i.UART_WaitOnFlagUntilTimeout  stm32f4xx_hal_uart.o
    0x08004650   0x08004650   0x00000010   Code   RO          546    i.USART1_IRQHandler  stm32f4xx_it.o
    0x08004660   0x08004660   0x00000010   Code   RO          547    i.USART2_IRQHandler  stm32f4xx_it.o
    0x08004670   0x08004670   0x00000010   Code   RO          548    i.USART3_IRQHandler  stm32f4xx_it.o
    0x08004680   0x08004680   0x00000010   Code   RO          549    i.USART6_IRQHandler  stm32f4xx_it.o
    0x08004690   0x08004690   0x00000004   Code   RO          550    i.UsageFault_Handler  stm32f4xx_it.o
    0x08004694   0x08004694   0x00000020   Code   RO         4085    i.__0printf$1       mc_w.l(printf1.o)
    0x080046b4   0x080046b4   0x00000028   Code   RO         4087    i.__0sprintf$1      mc_w.l(printf1.o)
    0x080046dc   0x080046dc   0x00000026   Code   RO         4313    i.__ARM_fpclassifyf  m_wm.l(fpclassifyf.o)
    0x08004702   0x08004702   0x00000002   PAD
    0x08004704   0x08004704   0x00000010   Code   RO         1743    i.__NVIC_GetPriorityGrouping  stm32f4xx_hal_cortex.o
    0x08004714   0x08004714   0x00000028   Code   RO         1744    i.__NVIC_SetPriority  stm32f4xx_hal_cortex.o
    0x0800473c   0x0800473c   0x00000190   Code   RO         4003    i.__hardfp_sinf     m_wm.l(sinf.o)
    0x080048cc   0x080048cc   0x0000003a   Code   RO         4015    i.__hardfp_sqrtf    m_wm.l(sqrtf.o)
    0x08004906   0x08004906   0x00000006   Code   RO         4316    i.__mathlib_flt_infnan  m_wm.l(funder.o)
    0x0800490c   0x0800490c   0x00000010   Code   RO         4318    i.__mathlib_flt_invalid  m_wm.l(funder.o)
    0x0800491c   0x0800491c   0x00000010   Code   RO         4321    i.__mathlib_flt_underflow  m_wm.l(funder.o)
    0x0800492c   0x0800492c   0x00000154   Code   RO         4329    i.__mathlib_rredf2  m_wm.l(rredf.o)
    0x08004a80   0x08004a80   0x0000000e   Code   RO         4379    i.__scatterload_copy  mc_w.l(handlers.o)
    0x08004a8e   0x08004a8e   0x00000002   Code   RO         4380    i.__scatterload_null  mc_w.l(handlers.o)
    0x08004a90   0x08004a90   0x0000000e   Code   RO         4381    i.__scatterload_zeroinit  mc_w.l(handlers.o)
    0x08004a9e   0x08004a9e   0x00000002   PAD
    0x08004aa0   0x08004aa0   0x0000000c   Code   RO         4359    i.__set_errno       mc_w.l(errno.o)
    0x08004aac   0x08004aac   0x00000154   Code   RO         4092    i._printf_core      mc_w.l(printf1.o)
    0x08004c00   0x08004c00   0x0000000a   Code   RO         4094    i._sputc            mc_w.l(printf1.o)
    0x08004c0a   0x08004c0a   0x00000002   PAD
    0x08004c0c   0x08004c0c   0x00000080   Code   RO         3787    i.bitbuffer_to_num  infrared1838.o
    0x08004c8c   0x08004c8c   0x000000aa   Code   RO         3663    i.build_instruction_frame  wrist.o
    0x08004d36   0x08004d36   0x00000002   PAD
    0x08004d38   0x08004d38   0x00000144   Code   RO         3664    i.calculateRequiredTime  wrist.o
    0x08004e7c   0x08004e7c   0x0000001c   Code   RO         3665    i.calculate_checksum  wrist.o
    0x08004e98   0x08004e98   0x00000198   Code   RO         3846    i.finger_motion     motion.o
    0x08005030   0x08005030   0x0000025c   Code   RO         3847    i.finger_single_action  motion.o
    0x0800528c   0x0800528c   0x0000001c   Code   RO          446    i.fputc             usart.o
    0x080052a8   0x080052a8   0x00000014   Code   RO          447    i.init_uart_receive  usart.o
    0x080052bc   0x080052bc   0x00000014   Code   RO          448    i.init_uart_receive1  usart.o
    0x080052d0   0x080052d0   0x0000014c   Code   RO           19    i.main              main.o
    0x0800541c   0x0800541c   0x00000014   Code   RO         3537    i.modbus1_Send_Byte  rs485.o
    0x08005430   0x08005430   0x00000238   Code   RO         3538    i.modbus2_Event     rs485.o
    0x08005668   0x08005668   0x000000c8   Code   RO         3539    i.modbus2_Func16    rs485.o
    0x08005730   0x08005730   0x000000fc   Code   RO         3540    i.modbus2_Func3     rs485.o
    0x0800582c   0x0800582c   0x000000f8   Code   RO         3541    i.modbus2_Func6     rs485.o
    0x08005924   0x08005924   0x0000004c   Code   RO         3542    i.modbus2_Init      rs485.o
    0x08005970   0x08005970   0x00000014   Code   RO         3543    i.modbus2_Send_Byte  rs485.o
    0x08005984   0x08005984   0x00000054   Code   RO         3667    i.physicalToSpeed   wrist.o
    0x080059d8   0x080059d8   0x000000a4   Code   RO         3668    i.send_uart_instruction_frame  wrist.o
    0x08005a7c   0x08005a7c   0x00000138   Code   RO         3671    i.set_wrist_motion_Can  wrist.o
    0x08005bb4   0x08005bb4   0x00000024   Code   RO         3672    i.speedToPhysical   wrist.o
    0x08005bd8   0x08005bd8   0x000001a8   Code   RO         3673    i.updatePendulumSmartMotion  wrist.o
    0x08005d80   0x08005d80   0x000001c8   Code   RO         3674    i.updateRotationSmartMotion  wrist.o
    0x08005f48   0x08005f48   0x000000c4   Code   RO         3675    i.updateRotationStatePosition  wrist.o
    0x0800600c   0x0800600c   0x000000f4   Code   RO         3676    i.updateSmartMotionControl  wrist.o
    0x08006100   0x08006100   0x0000005c   Code   RO         3677    i.vel_move          wrist.o
    0x0800615c   0x0800615c   0x0000005c   Code   RO         3678    i.vel_move1         wrist.o
    0x080061b8   0x080061b8   0x0000000a   Data   RO           20    .constdata          main.o
    0x080061c2   0x080061c2   0x00000018   Data   RO         3497    .constdata          system_stm32f4xx.o
    0x080061da   0x080061da   0x00000200   Data   RO         3634    .constdata          rs485_crc.o
    0x080063da   0x080063da   0x00000002   PAD
    0x080063dc   0x080063dc   0x00000020   Data   RO         4330    .constdata          m_wm.l(rredf.o)
    0x080063fc   0x080063fc   0x00000020   Data   RO         4377    Region$$Table       anon$$obj.o


    Execution Region RW_IRAM1 (Exec base: 0x20000000, Load base: 0x0800641c, Size: 0x00000f88, Max: 0x0001c000, ABSOLUTE, COMPRESSED[0x00000128])

    Exec Addr    Load Addr    Size         Type   Attr      Idx    E Section Name        Object

    0x20000000   COMPRESSED   0x0000000c   Data   RW           21    .data               main.o
    0x2000000c   COMPRESSED   0x00000004   Data   RW          389    .data               tim.o
    0x20000010   COMPRESSED   0x0000000e   Data   RW          450    .data               usart.o
    0x2000001e   COMPRESSED   0x00000002   PAD
    0x20000020   COMPRESSED   0x00000009   Data   RW         1907    .data               stm32f4xx_hal.o
    0x20000029   COMPRESSED   0x00000003   PAD
    0x2000002c   COMPRESSED   0x00000004   Data   RW         3498    .data               system_stm32f4xx.o
    0x20000030   COMPRESSED   0x000000f1   Data   RW         3545    .data               rs485.o
    0x20000121   COMPRESSED   0x00000003   PAD
    0x20000124   COMPRESSED   0x0000001c   Data   RW         3680    .data               wrist.o
    0x20000140   COMPRESSED   0x00000017   Data   RW         3789    .data               infrared1838.o
    0x20000157   COMPRESSED   0x00000001   PAD
    0x20000158   COMPRESSED   0x00000280   Data   RW         3848    .data               motion.o
    0x200003d8   COMPRESSED   0x00000010   Data   RW         3903    .data               mycan.o
    0x200003e8   COMPRESSED   0x00000004   Data   RW         4348    .data               mc_w.l(stdout.o)
    0x200003ec   COMPRESSED   0x00000004   Data   RW         4360    .data               mc_w.l(errno.o)
    0x200003f0        -       0x00000028   Zero   RW          344    .bss                can.o
    0x20000418        -       0x000000d8   Zero   RW          388    .bss                tim.o
    0x200004f0        -       0x000001b8   Zero   RW          449    .bss                usart.o
    0x200006a8        -       0x000002b4   Zero   RW         3544    .bss                rs485.o
    0x2000095c        -       0x00000064   Zero   RW         3679    .bss                wrist.o
    0x200009c0        -       0x000001c2   Zero   RW         3788    .bss                infrared1838.o
    0x20000b82   COMPRESSED   0x00000006   PAD
    0x20000b88        -       0x00000400   Zero   RW            1    STACK               startup_stm32f407xx.o


    Execution Region RW_IRAM2 (Exec base: 0x2001c000, Load base: 0x08006544, Size: 0x00000000, Max: 0x00004000, ABSOLUTE)

    **** No section assigned to this execution region ****


==============================================================================

Image component sizes


      Code (inc. data)   RO Data    RW Data    ZI Data      Debug   Object Name

       244         20          0          0         40       2101   can.o
       240         10          0          0          0     699159   gpio.o
       592         76          0         23        450       4137   infrared1838.o
      1654        210         10         12          0     696608   main.o
      1012         76          0        640          0       2973   motion.o
       520         54          0         16          0       6182   mycan.o
      1788         96          0        241        692       7500   rs485.o
        56          8        512          0          0       1573   rs485_crc.o
        36          8        392          0       1024        892   startup_stm32f407xx.o
       212         36          0          9          0      10205   stm32f4xx_hal.o
      2142          4          0          0          0      15715   stm32f4xx_hal_can.o
       312         22          0          0          0      35047   stm32f4xx_hal_cortex.o
       212          0          0          0          0       2255   stm32f4xx_hal_dma.o
       512         46          0          0          0       2416   stm32f4xx_hal_gpio.o
        72          4          0          0          0       1062   stm32f4xx_hal_msp.o
      1820         84          0          0          0       6340   stm32f4xx_hal_rcc.o
      2378        134          0          0          0      19486   stm32f4xx_hal_tim.o
       184         30          0          0          0       2933   stm32f4xx_hal_tim_ex.o
      2400         14          0          0          0      14156   stm32f4xx_hal_uart.o
       226         62          0          0          0      12496   stm32f4xx_it.o
        20          6         24          4          0       1435   system_stm32f4xx.o
       612         42          0          4        216       3889   tim.o
      1896        194          0         14        440       9793   usart.o
      2622        216          0         28        100      14198   wrist.o

    ----------------------------------------------------------------------
     21778       1452        972       1000       2968    1572551   Object Totals
         0          0         32          0          0          0   (incl. Generated)
        16          0          2          9          6          0   (incl. Padding)

    ----------------------------------------------------------------------

      Code (inc. data)   RO Data    RW Data    ZI Data      Debug   Library Member Name

        38          0          0          0          0        116   fpclassifyf.o
        38         12          0          0          0        348   funder.o
       340         24         32          0          0        160   rredf.o
       400         56          0          0          0        212   sinf.o
        58          0          0          0          0        136   sqrtf.o
        86          0          0          0          0          0   __dczerorl2.o
         0          0          0          0          0          0   entry.o
         0          0          0          0          0          0   entry10a.o
         0          0          0          0          0          0   entry11a.o
         4          0          0          0          0          0   entry12b.o
         8          4          0          0          0          0   entry2.o
         4          0          0          0          0          0   entry5.o
         0          0          0          0          0          0   entry7b.o
         0          0          0          0          0          0   entry8b.o
         8          4          0          0          0          0   entry9a.o
        12          6          0          4          0         68   errno.o
        30          0          0          0          0          0   handlers.o
        36          8          0          0          0         68   init.o
         0          0          0          0          0          0   iusefp.o
        30          0          0          0          0         68   llshl.o
        36          0          0          0          0         68   llsshr.o
        32          0          0          0          0         68   llushr.o
        36          0          0          0          0         68   memcpya.o
        36          0          0          0          0        108   memseta.o
       422         20          0          0          0        336   printf1.o
         0          0          0          4          0          0   stdout.o
        14          0          0          0          0         68   strlen.o
        44          0          0          0          0         80   uidiv.o
        98          0          0          0          0         92   uldiv.o
        56          0          0          0          0         88   d2f.o
       334          0          0          0          0        148   dadd.o
       186          0          0          0          0        176   depilogue.o
        50          0          0          0          0         76   dfixui.o
        26          0          0          0          0         76   dfltui.o
       228          0          0          0          0         96   dmul.o
        38          0          0          0          0         68   f2d.o
       110          0          0          0          0        168   fepilogue.o

    ----------------------------------------------------------------------
      2846        134         32          8          0       2960   Library Totals
         8          0          0          0          0          0   (incl. Padding)

    ----------------------------------------------------------------------

      Code (inc. data)   RO Data    RW Data    ZI Data      Debug   Library Name

       874         92         32          0          0        972   m_wm.l
       936         42          0          8          0       1092   mc_w.l
      1028          0          0          0          0        896   mf_w.l

    ----------------------------------------------------------------------
      2846        134         32          8          0       2960   Library Totals

    ----------------------------------------------------------------------

==============================================================================


      Code (inc. data)   RO Data    RW Data    ZI Data      Debug   

     24624       1586       1004       1008       2968    1558907   Grand Totals
     24624       1586       1004        296       2968    1558907   ELF Image Totals (compressed)
     24624       1586       1004        296          0          0   ROM Totals

==============================================================================

    Total RO  Size (Code + RO Data)                25628 (  25.03kB)
    Total RW  Size (RW Data + ZI Data)              3976 (   3.88kB)
    Total ROM Size (Code + RO Data + RW Data)      25924 (  25.32kB)

==============================================================================

